Importing module 'gym_38' (/home/leegyuwon/Documents/isaacgym/python/isaacgym/_bindings/linux-x86_64/gym_38.so)
Setting GYM_USD_PLUG_INFO_PATH to /home/leegyuwon/Documents/isaacgym/python/isaacgym/_bindings/linux-x86_64/usd/plugInfo.json
PyTorch version 1.13.1+cu117
Device count 1
/home/leegyuwon/Documents/isaacgym/python/isaacgym/_bindings/src/gymtorch
Using /home/leegyuwon/.cache/torch_extensions/py38_cu117 as PyTorch extensions root...
Emitting ninja build file /home/leegyuwon/.cache/torch_extensions/py38_cu117/gymtorch/build.ninja...
Building extension module gymtorch...
Allowing ninja to set a default number of workers... (overridable by setting the environment variable MAX_JOBS=N)
ninja: no work to do.
Not connected to PVD
+++ Using GPU PhysX
Physics Engine: PhysX
Physics Device: cuda:0
GPU Pipeline: enabled
Loading extension module gymtorch...
Gym has been unmaintained since 2022 and does not support NumPy 2.0 amongst other critical functionality.
Please upgrade to Gymnasium, the maintained drop-in replacement of Gym, or contact the authors of your software and request that they upgrade.
See the migration guide at https://gymnasium.farama.org/introduction/migration_guide/ for additional information.
/home/leegyuwon/Documents/isaacgym/python/isaacgym/torch_utils.py:135: DeprecationWarning: `np.float` is a deprecated alias for the builtin `float`. To silence this warning, use `float` by itself. Doing this will not modify any behavior and is safe. If you specifically wanted the numpy scalar type, use `np.float64` here.
Deprecated in NumPy 1.20; for more details and guidance: https://numpy.org/devdocs/release/1.20.0-notes.html#deprecations
  def get_axis_params(value, axis_idx, x_value=0., dtype=np.float, n_dims=3):
main/dataset/mano2dexhand.py:107: DeprecationWarning: an integer is required (got type isaacgym._bindings.linux-x86_64.gym_38.DofDriveMode).  Implicit conversion to integers using __int__ is deprecated, and may be removed in a future version of Python.
  asset_options.default_dof_drive_mode = gymapi.DOF_MODE_POS
main/dataset/mano2dexhand.py:420: UserWarning: To copy construct from a tensor, it is recommended to use sourceTensor.clone().detach() or sourceTensor.clone().detach().requires_grad_(True), rather than torch.tensor(sourceTensor).
  opt_wrist_pos = torch.tensor(
main/dataset/mano2dexhand.py:426: UserWarning: To copy construct from a tensor, it is recommended to use sourceTensor.clone().detach() or sourceTensor.clone().detach().requires_grad_(True), rather than torch.tensor(sourceTensor).
  opt_wrist_rot = torch.tensor(
[init] 관절 초기값 override: {'joint_1_2': -1.0, 'joint_2_1': 0.0, 'joint_2_2': 0.41888, 'joint_2_3': 0.41888, 'joint_2_4': 0.41888, 'joint_3_1': 0.0, 'joint_3_2': 0.41888, 'joint_3_3': 0.41888, 'joint_3_4': 0.41888, 'joint_4_1': 0.0, 'joint_4_2': 0.41888, 'joint_4_3': 0.41888, 'joint_4_4': 0.41888, 'joint_5_1': 0.0, 'joint_5_2': 0.41888, 'joint_5_3': 0.41888, 'joint_5_4': 0.41888}
100 0.23784831166267395
200 0.11000148952007294
300 0.07888884842395782
400 0.06905502080917358
500 0.06294921040534973
600 0.05785638839006424
700 0.053140707314014435
800 0.048813845962285995
900 0.04470185190439224
1000 0.040819521993398666
1100 0.03724164143204689
1200 0.03405233100056648
1300 0.031360846012830734
1400 0.029366206377744675
1500 0.028158456087112427
1600 0.027357829734683037
1700 0.026691609993577003
1800 0.02605464868247509
1900 0.025452131405472755
2000 0.024878516793251038
2100 0.024390123784542084
2200 0.023978350684046745
2300 0.023608330637216568
2400 0.02327854558825493
2500 0.022981993854045868
2600 0.022691957652568817
2700 0.022414591163396835
2800 0.022159824147820473
2900 0.02191338874399662
3000 0.02167101576924324
3100 0.021440045908093452
3200 0.021215535700321198
3300 0.02102496661245823
3400 0.02085592783987522
3500 0.02069896087050438
3600 0.02056323178112507
3700 0.020465418696403503
3800 0.020380839705467224
3900 0.02031577378511429
4000 0.02027135342359543
