Importing module 'gym_38' (/home/leegyuwon/Documents/isaacgym/python/isaacgym/_bindings/linux-x86_64/gym_38.so)
Setting GYM_USD_PLUG_INFO_PATH to /home/leegyuwon/Documents/isaacgym/python/isaacgym/_bindings/linux-x86_64/usd/plugInfo.json
PyTorch version 1.13.1+cu117
Device count 1
/home/leegyuwon/Documents/isaacgym/python/isaacgym/_bindings/src/gymtorch
Using /home/leegyuwon/.cache/torch_extensions/py38_cu117 as PyTorch extensions root...
Emitting ninja build file /home/leegyuwon/.cache/torch_extensions/py38_cu117/gymtorch/build.ninja...
Building extension module gymtorch...
Allowing ninja to set a default number of workers... (overridable by setting the environment variable MAX_JOBS=N)
ninja: no work to do.
Not connected to PVD
+++ Using GPU PhysX
Physics Engine: PhysX
Physics Device: cuda:0
GPU Pipeline: enabled
Loading extension module gymtorch...
Gym has been unmaintained since 2022 and does not support NumPy 2.0 amongst other critical functionality.
Please upgrade to Gymnasium, the maintained drop-in replacement of Gym, or contact the authors of your software and request that they upgrade.
See the migration guide at https://gymnasium.farama.org/introduction/migration_guide/ for additional information.
/home/leegyuwon/Documents/isaacgym/python/isaacgym/torch_utils.py:135: DeprecationWarning: `np.float` is a deprecated alias for the builtin `float`. To silence this warning, use `float` by itself. Doing this will not modify any behavior and is safe. If you specifically wanted the numpy scalar type, use `np.float64` here.
Deprecated in NumPy 1.20; for more details and guidance: https://numpy.org/devdocs/release/1.20.0-notes.html#deprecations
  def get_axis_params(value, axis_idx, x_value=0., dtype=np.float, n_dims=3):
main/dataset/mano2dexhand.py:107: DeprecationWarning: an integer is required (got type isaacgym._bindings.linux-x86_64.gym_38.DofDriveMode).  Implicit conversion to integers using __int__ is deprecated, and may be removed in a future version of Python.
  asset_options.default_dof_drive_mode = gymapi.DOF_MODE_POS
main/dataset/mano2dexhand.py:420: UserWarning: To copy construct from a tensor, it is recommended to use sourceTensor.clone().detach() or sourceTensor.clone().detach().requires_grad_(True), rather than torch.tensor(sourceTensor).
  opt_wrist_pos = torch.tensor(
main/dataset/mano2dexhand.py:426: UserWarning: To copy construct from a tensor, it is recommended to use sourceTensor.clone().detach() or sourceTensor.clone().detach().requires_grad_(True), rather than torch.tensor(sourceTensor).
  opt_wrist_rot = torch.tensor(
[init] 관절 초기값 override: {'joint_1_2': -1.0, 'joint_2_1': 0.0, 'joint_2_2': 0.41888, 'joint_2_3': 0.41888, 'joint_2_4': 0.41888, 'joint_3_1': 0.0, 'joint_3_2': 0.41888, 'joint_3_3': 0.41888, 'joint_3_4': 0.41888, 'joint_4_1': 0.0, 'joint_4_2': 0.41888, 'joint_4_3': 0.41888, 'joint_4_4': 0.41888, 'joint_5_1': 0.0, 'joint_5_2': 0.41888, 'joint_5_3': 0.41888, 'joint_5_4': 0.41888}
100 0.275282621383667
200 0.10938122868537903
300 0.06757161021232605
400 0.05419633537530899
500 0.04402526468038559
600 0.03838439658284187
700 0.034883078187704086
800 0.0324251614511013
900 0.030692916363477707
1000 0.0294027216732502
1100 0.02837846800684929
1200 0.027515389025211334
1300 0.026769038289785385
1400 0.026108695194125175
1500 0.025511398911476135
1600 0.024968184530735016
1700 0.024484649300575256
1800 0.024044858291745186
1900 0.02364441379904747
2000 0.023285144940018654
2100 0.022954750806093216
2200 0.022644689306616783
2300 0.02236260287463665
2400 0.022090328857302666
2500 0.02184082381427288
2600 0.021608516573905945
2700 0.0213903971016407
2800 0.021200885996222496
2900 0.02103401906788349
3000 0.020892219617962837
3100 0.02076299488544464
3200 0.02064698375761509
3300 0.020536411553621292
3400 0.020433073863387108
3500 0.020332615822553635
3600 0.02023971453309059
3700 0.02014882117509842
3800 0.020066680386662483
3900 0.019980866461992264
4000 0.019899729639291763
