Importing module 'gym_38' (/home/leegyuwon/Documents/isaacgym/python/isaacgym/_bindings/linux-x86_64/gym_38.so)
Setting GYM_USD_PLUG_INFO_PATH to /home/leegyuwon/Documents/isaacgym/python/isaacgym/_bindings/linux-x86_64/usd/plugInfo.json
PyTorch version 1.13.1+cu117
Device count 1
/home/leegyuwon/Documents/isaacgym/python/isaacgym/_bindings/src/gymtorch
Using /home/leegyuwon/.cache/torch_extensions/py38_cu117 as PyTorch extensions root...
Emitting ninja build file /home/leegyuwon/.cache/torch_extensions/py38_cu117/gymtorch/build.ninja...
Building extension module gymtorch...
Allowing ninja to set a default number of workers... (overridable by setting the environment variable MAX_JOBS=N)
ninja: no work to do.
Not connected to PVD
+++ Using GPU PhysX
Physics Engine: PhysX
Physics Device: cuda:0
GPU Pipeline: enabled
Loading extension module gymtorch...
Gym has been unmaintained since 2022 and does not support NumPy 2.0 amongst other critical functionality.
Please upgrade to Gymnasium, the maintained drop-in replacement of Gym, or contact the authors of your software and request that they upgrade.
See the migration guide at https://gymnasium.farama.org/introduction/migration_guide/ for additional information.
/home/leegyuwon/Documents/isaacgym/python/isaacgym/torch_utils.py:135: DeprecationWarning: `np.float` is a deprecated alias for the builtin `float`. To silence this warning, use `float` by itself. Doing this will not modify any behavior and is safe. If you specifically wanted the numpy scalar type, use `np.float64` here.
Deprecated in NumPy 1.20; for more details and guidance: https://numpy.org/devdocs/release/1.20.0-notes.html#deprecations
  def get_axis_params(value, axis_idx, x_value=0., dtype=np.float, n_dims=3):
main/dataset/mano2dexhand.py:107: DeprecationWarning: an integer is required (got type isaacgym._bindings.linux-x86_64.gym_38.DofDriveMode).  Implicit conversion to integers using __int__ is deprecated, and may be removed in a future version of Python.
  asset_options.default_dof_drive_mode = gymapi.DOF_MODE_POS
main/dataset/mano2dexhand.py:420: UserWarning: To copy construct from a tensor, it is recommended to use sourceTensor.clone().detach() or sourceTensor.clone().detach().requires_grad_(True), rather than torch.tensor(sourceTensor).
  opt_wrist_pos = torch.tensor(
main/dataset/mano2dexhand.py:426: UserWarning: To copy construct from a tensor, it is recommended to use sourceTensor.clone().detach() or sourceTensor.clone().detach().requires_grad_(True), rather than torch.tensor(sourceTensor).
  opt_wrist_rot = torch.tensor(
[init] 관절 초기값 override: {'joint_1_2': -1.0, 'joint_2_1': 0.0, 'joint_2_2': 0.41888, 'joint_2_3': 0.41888, 'joint_2_4': 0.41888, 'joint_3_1': 0.0, 'joint_3_2': 0.41888, 'joint_3_3': 0.41888, 'joint_3_4': 0.41888, 'joint_4_1': 0.0, 'joint_4_2': 0.41888, 'joint_4_3': 0.41888, 'joint_4_4': 0.41888, 'joint_5_1': 0.0, 'joint_5_2': 0.41888, 'joint_5_3': 0.41888, 'joint_5_4': 0.41888}
100 0.2564856708049774
200 0.09738389402627945
300 0.08246839046478271
400 0.06884310394525528
500 0.057334233075380325
600 0.049414779990911484
700 0.04409940913319588
800 0.03994821012020111
900 0.03646737337112427
1000 0.033551402390003204
1100 0.031126683577895164
1200 0.029125073924660683
1300 0.02746250107884407
1400 0.02606353536248207
1500 0.02484970912337303
1600 0.0237907525151968
1700 0.022875461727380753
1800 0.02208363078534603
1900 0.021417131647467613
2000 0.020853407680988312
2100 0.020385656505823135
2200 0.019994426518678665
2300 0.019648494198918343
2400 0.01934012584388256
2500 0.019053274765610695
2600 0.018797272816300392
2700 0.018563879653811455
2800 0.018353017047047615
2900 0.018156062811613083
3000 0.01797429658472538
3100 0.0178113654255867
3200 0.017660081386566162
3300 0.01752258464694023
3400 0.017398884519934654
3500 0.01728982664644718
3600 0.017192307859659195
3700 0.017104191705584526
3800 0.01702580228447914
3900 0.01695410907268524
4000 0.016888586804270744
