Importing module 'gym_38' (/home/leegyuwon/Documents/isaacgym/python/isaacgym/_bindings/linux-x86_64/gym_38.so)
Setting GYM_USD_PLUG_INFO_PATH to /home/leegyuwon/Documents/isaacgym/python/isaacgym/_bindings/linux-x86_64/usd/plugInfo.json
PyTorch version 1.13.1+cu117
Device count 1
/home/leegyuwon/Documents/isaacgym/python/isaacgym/_bindings/src/gymtorch
Using /home/leegyuwon/.cache/torch_extensions/py38_cu117 as PyTorch extensions root...
Emitting ninja build file /home/leegyuwon/.cache/torch_extensions/py38_cu117/gymtorch/build.ninja...
Building extension module gymtorch...
Allowing ninja to set a default number of workers... (overridable by setting the environment variable MAX_JOBS=N)
ninja: no work to do.
Not connected to PVD
+++ Using GPU PhysX
Physics Engine: PhysX
Physics Device: cuda:0
GPU Pipeline: enabled
Loading extension module gymtorch...
Gym has been unmaintained since 2022 and does not support NumPy 2.0 amongst other critical functionality.
Please upgrade to Gymnasium, the maintained drop-in replacement of Gym, or contact the authors of your software and request that they upgrade.
See the migration guide at https://gymnasium.farama.org/introduction/migration_guide/ for additional information.
/home/leegyuwon/Documents/isaacgym/python/isaacgym/torch_utils.py:135: DeprecationWarning: `np.float` is a deprecated alias for the builtin `float`. To silence this warning, use `float` by itself. Doing this will not modify any behavior and is safe. If you specifically wanted the numpy scalar type, use `np.float64` here.
Deprecated in NumPy 1.20; for more details and guidance: https://numpy.org/devdocs/release/1.20.0-notes.html#deprecations
  def get_axis_params(value, axis_idx, x_value=0., dtype=np.float, n_dims=3):
main/dataset/mano2dexhand.py:107: DeprecationWarning: an integer is required (got type isaacgym._bindings.linux-x86_64.gym_38.DofDriveMode).  Implicit conversion to integers using __int__ is deprecated, and may be removed in a future version of Python.
  asset_options.default_dof_drive_mode = gymapi.DOF_MODE_POS
main/dataset/mano2dexhand.py:420: UserWarning: To copy construct from a tensor, it is recommended to use sourceTensor.clone().detach() or sourceTensor.clone().detach().requires_grad_(True), rather than torch.tensor(sourceTensor).
  opt_wrist_pos = torch.tensor(
main/dataset/mano2dexhand.py:426: UserWarning: To copy construct from a tensor, it is recommended to use sourceTensor.clone().detach() or sourceTensor.clone().detach().requires_grad_(True), rather than torch.tensor(sourceTensor).
  opt_wrist_rot = torch.tensor(
[init] 관절 초기값 override: {'joint_1_2': -1.0, 'joint_2_1': 0.0, 'joint_2_2': 0.41888, 'joint_2_3': 0.41888, 'joint_2_4': 0.41888, 'joint_3_1': 0.0, 'joint_3_2': 0.41888, 'joint_3_3': 0.41888, 'joint_3_4': 0.41888, 'joint_4_1': 0.0, 'joint_4_2': 0.41888, 'joint_4_3': 0.41888, 'joint_4_4': 0.41888, 'joint_5_1': 0.0, 'joint_5_2': 0.41888, 'joint_5_3': 0.41888, 'joint_5_4': 0.41888}
100 0.21029190719127655
200 0.1031440943479538
300 0.07786532491445541
400 0.0658818706870079
500 0.05754503235220909
600 0.050101377069950104
700 0.04373668134212494
800 0.0389806292951107
900 0.03539734706282616
1000 0.032609082758426666
1100 0.030493563041090965
1200 0.028962217271327972
1300 0.027806850150227547
1400 0.026811715215444565
1500 0.0259059127420187
1600 0.025066230446100235
1700 0.024290580302476883
1800 0.02356100082397461
1900 0.022888019680976868
2000 0.02227742038667202
2100 0.021737391129136086
2200 0.02126951701939106
2300 0.020875578746199608
2400 0.02053052745759487
2500 0.02021317556500435
2600 0.019950101152062416
2700 0.019697114825248718
2800 0.019485339522361755
2900 0.019312141463160515
3000 0.019183790311217308
3100 0.019076745957136154
3200 0.01898139901459217
3300 0.018897769972682
3400 0.01882440224289894
3500 0.018760424107313156
3600 0.018713682889938354
3700 0.018673481419682503
3800 0.018640359863638878
3900 0.01861468516290188
4000 0.01858261041343212
