Importing module 'gym_38' (/home/leegyuwon/Documents/isaacgym/python/isaacgym/_bindings/linux-x86_64/gym_38.so)
Setting GYM_USD_PLUG_INFO_PATH to /home/leegyuwon/Documents/isaacgym/python/isaacgym/_bindings/linux-x86_64/usd/plugInfo.json
PyTorch version 1.13.1+cu117
Device count 1
/home/leegyuwon/Documents/isaacgym/python/isaacgym/_bindings/src/gymtorch
Using /home/leegyuwon/.cache/torch_extensions/py38_cu117 as PyTorch extensions root...
Emitting ninja build file /home/leegyuwon/.cache/torch_extensions/py38_cu117/gymtorch/build.ninja...
Building extension module gymtorch...
Allowing ninja to set a default number of workers... (overridable by setting the environment variable MAX_JOBS=N)
ninja: no work to do.
Not connected to PVD
+++ Using GPU PhysX
Physics Engine: PhysX
Physics Device: cuda:0
GPU Pipeline: enabled
Loading extension module gymtorch...
Gym has been unmaintained since 2022 and does not support NumPy 2.0 amongst other critical functionality.
Please upgrade to Gymnasium, the maintained drop-in replacement of Gym, or contact the authors of your software and request that they upgrade.
See the migration guide at https://gymnasium.farama.org/introduction/migration_guide/ for additional information.
/home/leegyuwon/Documents/isaacgym/python/isaacgym/torch_utils.py:135: DeprecationWarning: `np.float` is a deprecated alias for the builtin `float`. To silence this warning, use `float` by itself. Doing this will not modify any behavior and is safe. If you specifically wanted the numpy scalar type, use `np.float64` here.
Deprecated in NumPy 1.20; for more details and guidance: https://numpy.org/devdocs/release/1.20.0-notes.html#deprecations
  def get_axis_params(value, axis_idx, x_value=0., dtype=np.float, n_dims=3):
main/dataset/mano2dexhand.py:107: DeprecationWarning: an integer is required (got type isaacgym._bindings.linux-x86_64.gym_38.DofDriveMode).  Implicit conversion to integers using __int__ is deprecated, and may be removed in a future version of Python.
  asset_options.default_dof_drive_mode = gymapi.DOF_MODE_POS
main/dataset/mano2dexhand.py:420: UserWarning: To copy construct from a tensor, it is recommended to use sourceTensor.clone().detach() or sourceTensor.clone().detach().requires_grad_(True), rather than torch.tensor(sourceTensor).
  opt_wrist_pos = torch.tensor(
main/dataset/mano2dexhand.py:426: UserWarning: To copy construct from a tensor, it is recommended to use sourceTensor.clone().detach() or sourceTensor.clone().detach().requires_grad_(True), rather than torch.tensor(sourceTensor).
  opt_wrist_rot = torch.tensor(
[init] 관절 초기값 override: {'joint_1_2': -1.0, 'joint_2_1': 0.0, 'joint_2_2': 0.41888, 'joint_2_3': 0.41888, 'joint_2_4': 0.41888, 'joint_3_1': 0.0, 'joint_3_2': 0.41888, 'joint_3_3': 0.41888, 'joint_3_4': 0.41888, 'joint_4_1': 0.0, 'joint_4_2': 0.41888, 'joint_4_3': 0.41888, 'joint_4_4': 0.41888, 'joint_5_1': 0.0, 'joint_5_2': 0.41888, 'joint_5_3': 0.41888, 'joint_5_4': 0.41888}
100 0.22992432117462158
200 0.10379263013601303
300 0.07770922034978867
400 0.06591693311929703
500 0.05738909915089607
600 0.05135425552725792
700 0.046639684587717056
800 0.04256260767579079
900 0.038956668227910995
1000 0.03584391996264458
1100 0.033406831324100494
1200 0.03169151023030281
1300 0.03045794554054737
1400 0.029513532295823097
1500 0.028722982853651047
1600 0.02800023928284645
1700 0.027307676151394844
1800 0.026637036353349686
1900 0.025999480858445168
2000 0.02541249804198742
2100 0.02485908567905426
2200 0.02434997819364071
2300 0.023865949362516403
2400 0.02341075800359249
2500 0.022970229387283325
2600 0.022553984075784683
2700 0.022148046642541885
2800 0.021756768226623535
2900 0.021389532834291458
3000 0.021036334335803986
3100 0.020693978294730186
3200 0.02037763223052025
3300 0.0200860146433115
3400 0.01982244662940502
3500 0.01959363743662834
3600 0.01938982866704464
3700 0.0192252229899168
3800 0.019101662561297417
3900 0.019017819315195084
4000 0.018952203914523125
