BATCH START 18:06:11  총 467개  iter=4000 wrist_w=20  (24°주먹 init + J12=-1)
[1/467] 0b3a0@1  시작 18:06:11
[1/467] 0b3a0@1  종료 18:08:44  loss: 4000 0.01581995002925396
[2/467] 0b3d1@3  시작 18:08:44
[2/467] 0b3d1@3  종료 18:11:44  loss: 4000 0.01717299595475197
[3/467] 24cff@3  시작 18:11:44
[3/467] 24cff@3  종료 18:14:16  loss: 4000 0.016900084912776947
[4/467] bd3b9@0  시작 18:14:16
[4/467] bd3b9@0  종료 18:16:45  loss: 4000 0.019498681649565697
[5/467] 1c29f@0  시작 18:16:45
[5/467] 1c29f@0  종료 18:19:23  loss: 4000 0.018143752589821815
[6/467] 40952@0  시작 18:19:23
[6/467] 40952@0  종료 18:21:49  loss: 4000 0.01601654849946499
[7/467] 16df1@1  시작 18:21:49
[7/467] 16df1@1  종료 18:24:13  loss: 4000 0.01701883226633072
[8/467] 9e461@0  시작 18:24:13
[8/467] 9e461@0  종료 18:26:37  loss: 4000 0.02141362428665161
[9/467] d2192@0  시작 18:26:37
[9/467] d2192@0  종료 18:29:01  loss: 4000 0.021920103579759598
[10/467] 178ef@1  시작 18:29:01
[10/467] 178ef@1  종료 18:32:18  loss: 4000 0.026147233322262764
[11/467] a3323@10  시작 18:32:18
[11/467] a3323@10  종료 18:34:47  loss: 4000 0.01857251301407814
[12/467] ac736@0  시작 18:34:47
[12/467] ac736@0  종료 18:38:25  loss: 4000 0.01686040312051773
[13/467] 3b1e6@4  시작 18:38:25
[13/467] 3b1e6@4  종료 18:41:02  loss: 4000 0.016367517411708832
[14/467] 0b3a0@8  시작 18:41:02
[14/467] 0b3a0@8  종료 18:43:37  loss: 4000 0.017357656732201576
[15/467] 235ac@0  시작 18:43:37
[15/467] 235ac@0  종료 18:46:41  loss: 4000 0.02025758847594261
[16/467] 7cc68@4  시작 18:46:41
[16/467] 7cc68@4  종료 18:49:32  loss: 4000 0.017253559082746506
[17/467] edd68@0  시작 18:49:32
[17/467] edd68@0  종료 18:52:00  loss: 4000 0.01978650689125061
[18/467] 56210@0  시작 18:52:00
[18/467] 56210@0  종료 18:54:26  loss: 4000 0.018196076154708862
[19/467] 668d8@0  시작 18:54:26
[19/467] 668d8@0  종료 18:54:42  loss: 
[20/467] 374a7@0  시작 18:54:42
[20/467] 374a7@0  종료 18:57:19  loss: 4000 0.017253195866942406
[21/467] 1a04a@1  시작 18:57:19
[21/467] 1a04a@1  종료 18:59:44  loss: 4000 0.019924093037843704
[22/467] 5a5d6@7  시작 18:59:44
[22/467] 5a5d6@7  종료 19:02:30  loss: 4000 0.01741769164800644
[23/467] 62681@0  시작 19:02:30
[23/467] 62681@0  종료 19:05:18  loss: 4000 0.02420938014984131
[24/467] cebe9@4  시작 19:05:18
[24/467] cebe9@4  종료 19:07:53  loss: 4000 0.01821545884013176
[25/467] 1a81a@0  시작 19:07:53
[25/467] 1a81a@0  종료 19:10:32  loss: 4000 0.018083704635500908
[26/467] 11da4@2  시작 19:10:32
[26/467] 11da4@2  종료 19:13:02  loss: 4000 0.0168477613478899
[27/467] 7653f@1  시작 19:13:02
[27/467] 7653f@1  종료 19:15:53  loss: 4000 0.016559192910790443
[28/467] f014a@2  시작 19:15:53
[28/467] f014a@2  종료 19:18:19  loss: 4000 0.01791715994477272
[29/467] 67084@0  시작 19:18:19
[29/467] 67084@0  종료 19:20:49  loss: 4000 0.018798574805259705
[30/467] fbc74@4  시작 19:20:49
[30/467] fbc74@4  종료 19:23:28  loss: 4000 0.019443145021796227
[31/467] b5736@1  시작 19:23:28
[31/467] b5736@1  종료 19:25:59  loss: 4000 0.016120076179504395
[32/467] a3323@3  시작 19:25:59
[32/467] a3323@3  종료 19:28:30  loss: 4000 0.016531795263290405
[33/467] 49a83@0  시작 19:28:30
[33/467] 49a83@0  종료 19:30:55  loss: 4000 0.01899278350174427
[34/467] 5da24@0  시작 19:30:55
[34/467] 5da24@0  종료 19:33:15  loss: 4000 0.018607597798109055
[35/467] 77583@2  시작 19:33:15
[35/467] 77583@2  종료 19:35:49  loss: 4000 0.0199227686971426
[36/467] f1029@4  시작 19:35:49
[36/467] f1029@4  종료 19:38:18  loss: 4000 0.017968613654375076
[37/467] 9d88b@2  시작 19:38:18
[37/467] 9d88b@2  종료 19:41:05  loss: 4000 0.018146568909287453
[38/467] 27c72@5  시작 19:41:05
[38/467] 27c72@5  종료 19:43:44  loss: 4000 0.018866950646042824
[39/467] 9588d@0  시작 19:43:44
[39/467] 9588d@0  종료 19:46:31  loss: 4000 0.01607671193778515
[40/467] f447c@0  시작 19:46:31
[40/467] f447c@0  종료 19:49:02  loss: 4000 0.016673417761921883
[41/467] c1e36@0  시작 19:49:02
[41/467] c1e36@0  종료 19:51:33  loss: 4000 0.020730474963784218
[42/467] fc88d@0  시작 19:51:33
[42/467] fc88d@0  종료 19:54:00  loss: 4000 0.01739482954144478
[43/467] f0408@1  시작 19:54:00
[43/467] f0408@1  종료 19:56:21  loss: 4000 0.017976783215999603
[44/467] ac736@1  시작 19:56:21
[44/467] ac736@1  종료 19:58:59  loss: 4000 0.016098741441965103
[45/467] 5a5d6@9  시작 19:58:59
[45/467] 5a5d6@9  종료 20:01:44  loss: 4000 0.020714230835437775
[46/467] 86e2a@1  시작 20:01:44
[46/467] 86e2a@1  종료 20:04:21  loss: 4000 0.019188912585377693
[47/467] 7b8bf@0  시작 20:04:21
[47/467] 7b8bf@0  종료 20:07:30  loss: 4000 0.026923466473817825
[48/467] f1029@7  시작 20:07:30
[48/467] f1029@7  종료 20:09:57  loss: 4000 0.018367798998951912
[49/467] 0464d@0  시작 20:09:57
[49/467] 0464d@0  종료 20:13:20  loss: 4000 0.01676579751074314
[50/467] 31218@7  시작 20:13:20
[50/467] 31218@7  종료 20:15:58  loss: 4000 0.015612134709954262
[51/467] 9decc@0  시작 20:15:58
[51/467] 9decc@0  종료 20:18:32  loss: 4000 0.01777241937816143
[52/467] fe346@0  시작 20:18:32
[52/467] fe346@0  종료 20:21:17  loss: 4000 0.019319316372275352
[53/467] 29266@1  시작 20:21:17
[53/467] 29266@1  종료 20:23:52  loss: 4000 0.020624002441763878
[54/467] 20b58@0  시작 20:23:52
[54/467] 20b58@0  종료 20:26:30  loss: 4000 0.02009696513414383
[55/467] f1114@5  시작 20:26:30
[55/467] f1114@5  종료 20:29:00  loss: 4000 0.017943838611245155
[56/467] cebe9@0  시작 20:29:00
[56/467] cebe9@0  종료 20:31:31  loss: 4000 0.016195064410567284
[57/467] 86e2a@3  시작 20:31:31
[57/467] 86e2a@3  종료 20:34:06  loss: 4000 0.01929371990263462
[58/467] 894b2@0  시작 20:34:06
[58/467] 894b2@0  종료 20:36:30  loss: 4000 0.018466398119926453
[59/467] 22db0@0  시작 20:36:30
[59/467] 22db0@0  종료 20:39:16  loss: 4000 0.01699654571712017
[60/467] b4b28@15  시작 20:39:16
[60/467] b4b28@15  종료 20:41:45  loss: 4000 0.017314620316028595
[61/467] 95c93@5  시작 20:41:45
[61/467] 95c93@5  종료 20:44:10  loss: 4000 0.020574325695633888
[62/467] 35fb7@1  시작 20:44:10
[62/467] 35fb7@1  종료 20:46:39  loss: 4000 0.015783097594976425
[63/467] ad924@0  시작 20:46:39
[63/467] ad924@0  종료 20:49:37  loss: 4000 0.016567453742027283
[64/467] 4102c@0  시작 20:49:37
[64/467] 4102c@0  종료 20:52:01  loss: 4000 0.01860191486775875
[65/467] 4fd8e@0  시작 20:52:01
[65/467] 4fd8e@0  종료 20:54:24  loss: 4000 0.01732225902378559
[66/467] 2a44f@0  시작 20:54:24
[66/467] 2a44f@0  종료 20:57:04  loss: 4000 0.018277784809470177
[67/467] 105a5@0  시작 20:57:04
[67/467] 105a5@0  종료 20:59:23  loss: 4000 0.017574811354279518
[68/467] f1029@0  시작 20:59:23
[68/467] f1029@0  종료 21:01:54  loss: 4000 0.017352107912302017
[69/467] d4ddf@2  시작 21:01:54
[69/467] d4ddf@2  종료 21:04:23  loss: 4000 0.016888586804270744
[70/467] d4ddf@0  시작 21:04:23
[70/467] d4ddf@0  종료 21:06:48  loss: 4000 0.016255056485533714
[71/467] 35fb7@3  시작 21:06:48
[71/467] 35fb7@3  종료 21:10:21  loss: 4000 0.017485329881310463
[72/467] 63ca8@15  시작 21:10:21
[72/467] 63ca8@15  종료 21:12:48  loss: 4000 0.018458805978298187
[73/467] ad141@8  시작 21:12:48
[73/467] ad141@8  종료 21:15:37  loss: 4000 0.01785365864634514
[74/467] 35fb7@2  시작 21:15:37
[74/467] 35fb7@2  종료 21:18:05  loss: 4000 0.019826896488666534
[75/467] 05d45@7  시작 21:18:05
[75/467] 05d45@7  종료 21:20:46  loss: 4000 0.0158653873950243
[76/467] c81af@0  시작 21:20:46
[76/467] c81af@0  종료 21:23:17  loss: 4000 0.020758388563990593
[77/467] 65ef0@4  시작 21:23:17
[77/467] 65ef0@4  종료 21:25:50  loss: 4000 0.01994474232196808
[78/467] ed3a1@0  시작 21:25:50
[78/467] ed3a1@0  종료 21:28:23  loss: 4000 0.018276404589414597
[79/467] 352c9@2  시작 21:28:23
[79/467] 352c9@2  종료 21:30:46  loss: 4000 0.01671917736530304
[80/467] fd02f@0  시작 21:30:46
[80/467] fd02f@0  종료 21:33:06  loss: 4000 0.018042217940092087
[81/467] 7f874@0  시작 21:33:06
[81/467] 7f874@0  종료 21:35:27  loss: 4000 0.022431740537285805
[82/467] 1469a@0  시작 21:35:27
[82/467] 1469a@0  종료 21:37:47  loss: 4000 0.022384395822882652
[83/467] 43dea@0  시작 21:37:47
[83/467] 43dea@0  종료 21:40:41  loss: 4000 0.017534224316477776
[84/467] ad141@17  시작 21:40:41
[84/467] ad141@17  종료 21:43:12  loss: 4000 0.018645739182829857
[85/467] d4478@1  시작 21:43:12
[85/467] d4478@1  종료 21:45:47  loss: 4000 0.01833769492805004
[86/467] 380c7@2  시작 21:45:47
[86/467] 380c7@2  종료 21:48:15  loss: 4000 0.018863191828131676
[87/467] 1eccd@5  시작 21:48:15
[87/467] 1eccd@5  종료 21:51:20  loss: 4000 0.022289585322141647
[88/467] 29266@3  시작 21:51:20
[88/467] 29266@3  종료 21:53:52  loss: 4000 0.020824093371629715
[89/467] 86fb0@5  시작 21:53:52
[89/467] 86fb0@5  종료 21:56:37  loss: 4000 0.01662554033100605
[90/467] 1b938@9  시작 21:56:37
[90/467] 1b938@9  종료 21:59:02  loss: 4000 0.019317107275128365
[91/467] 5844a@0  시작 21:59:02
[91/467] 5844a@0  종료 22:01:35  loss: 4000 0.018718302249908447
[92/467] 701e7@3  시작 22:01:35
[92/467] 701e7@3  종료 22:03:56  loss: 4000 0.01663333922624588
[93/467] 29266@9  시작 22:03:56
[93/467] 29266@9  종료 22:06:28  loss: 4000 0.017963312566280365
[94/467] 29266@7  시작 22:06:28
[94/467] 29266@7  종료 22:09:01  loss: 4000 0.01807125099003315
[95/467] 7c801@19  시작 22:09:01
[95/467] 7c801@19  종료 22:12:53  loss: 4000 0.017333943396806717
[96/467] 3bf15@4  시작 22:12:53
[96/467] 3bf15@4  종료 22:15:29  loss: 4000 0.018712284043431282
[97/467] 24cff@2  시작 22:15:29
[97/467] 24cff@2  종료 22:18:04  loss: 4000 0.016100702807307243
[98/467] 65ef0@6  시작 22:18:04
[98/467] 65ef0@6  종료 22:20:34  loss: 4000 0.02031918615102768
[99/467] 86fb0@10  시작 22:20:34
[99/467] 86fb0@10  종료 22:23:18  loss: 4000 0.01659218966960907
[100/467] 59a87@3  시작 22:23:18
[100/467] 59a87@3  종료 22:25:53  loss: 4000 0.019883764907717705
[101/467] 9cf44@4  시작 22:25:53
[101/467] 9cf44@4  종료 22:28:20  loss: 4000 0.016823306679725647
[102/467] 7cd8f@0  시작 22:28:20
[102/467] 7cd8f@0  종료 22:30:41  loss: 4000 0.017005853354930878
[103/467] cd0ae@6  시작 22:30:41
[103/467] cd0ae@6  종료 22:33:08  loss: 4000 0.019174762070178986
[104/467] 7ed08@0  시작 22:33:08
[104/467] 7ed08@0  종료 22:35:27  loss: 4000 0.01727982610464096
[105/467] 916da@2  시작 22:35:27
[105/467] 916da@2  종료 22:38:24  loss: 4000 0.0168643556535244
[106/467] 5fef0@2  시작 22:38:24
[106/467] 5fef0@2  종료 22:40:52  loss: 4000 0.017776314169168472
[107/467] 24cff@5  시작 22:40:52
[107/467] 24cff@5  종료 22:43:43  loss: 4000 0.02320118062198162
[108/467] 7c014@0  시작 22:43:43
[108/467] 7c014@0  종료 22:46:06  loss: 4000 0.0180937759578228
[109/467] cd0ae@1  시작 22:46:06
[109/467] cd0ae@1  종료 22:48:37  loss: 4000 0.02076832577586174
[110/467] 59a87@5  시작 22:48:37
[110/467] 59a87@5  종료 22:51:15  loss: 4000 0.020439045503735542
[111/467] e7d0d@0  시작 22:51:15
[111/467] e7d0d@0  종료 22:53:34  loss: 4000 0.016572725027799606
[112/467] 9d88b@4  시작 22:53:34
[112/467] 9d88b@4  종료 22:56:03  loss: 4000 0.017273806035518646
[113/467] fccd8@0  시작 22:56:03
[113/467] fccd8@0  종료 22:58:25  loss: 4000 0.01767573133111
[114/467] cd0ae@4  시작 22:58:25
[114/467] cd0ae@4  종료 23:00:52  loss: 4000 0.019815552979707718
[115/467] c992d@3  시작 23:00:52
[115/467] c992d@3  종료 23:03:35  loss: 4000 0.017934370785951614
[116/467] 7c801@4  시작 23:03:35
[116/467] 7c801@4  종료 23:06:29  loss: 4000 0.01651262491941452
[117/467] 27c72@1  시작 23:06:29
[117/467] 27c72@1  종료 23:09:48  loss: 4000 0.020636027678847313
[118/467] 82fc7@0  시작 23:09:48
[118/467] 82fc7@0  종료 23:12:12  loss: 4000 0.017376895993947983
[119/467] d01e2@0  시작 23:12:12
[119/467] d01e2@0  종료 23:14:36  loss: 4000 0.018555007874965668
[120/467] 59a87@13  시작 23:14:36
[120/467] 59a87@13  종료 23:17:12  loss: 4000 0.02113964594900608
[121/467] 39c30@7  시작 23:17:12
[121/467] 39c30@7  종료 23:19:38  loss: 4000 0.01548047922551632
[122/467] b4b28@9  시작 23:19:38
[122/467] b4b28@9  종료 23:22:06  loss: 4000 0.01742345653474331
[123/467] 183ce@0  시작 23:22:06
[123/467] 183ce@0  종료 23:24:26  loss: 4000 0.016747543588280678
[124/467] 37838@0  시작 23:24:26
[124/467] 37838@0  종료 23:26:44  loss: 4000 0.020371081307530403
[125/467] 29b5a@0  시작 23:26:44
[125/467] 29b5a@0  종료 23:29:19  loss: 4000 0.019122987985610962
[126/467] 7c801@6  시작 23:29:19
[126/467] 7c801@6  종료 23:32:17  loss: 4000 0.016960453242063522
[127/467] 3ae08@1  시작 23:32:17
[127/467] 3ae08@1  종료 23:35:10  loss: 4000 0.021967431530356407
[128/467] 86fb0@7  시작 23:35:10
[128/467] 86fb0@7  종료 23:37:55  loss: 4000 0.015773087739944458
[129/467] 0b666@0  시작 23:37:55
[129/467] 0b666@0  종료 23:40:37  loss: 4000 0.02205551229417324
[130/467] 817fb@0  시작 23:40:37
[130/467] 817fb@0  종료 23:43:12  loss: 4000 0.017710024490952492
[131/467] 5e99c@6  시작 23:43:12
[131/467] 5e99c@6  종료 23:45:36  loss: 4000 0.017157424241304398
[132/467] 78810@0  시작 23:45:36
[132/467] 78810@0  종료 23:48:06  loss: 4000 0.017714617773890495
[133/467] c11fb@0  시작 23:48:06
[133/467] c11fb@0  종료 23:50:26  loss: 4000 0.020152311772108078
[134/467] c3f6f@0  시작 23:50:26
[134/467] c3f6f@0  종료 23:52:46  loss: 4000 0.01686680316925049
[135/467] f4786@3  시작 23:52:46
[135/467] f4786@3  종료 23:55:24  loss: 4000 0.020469121634960175
[136/467] 7c801@27  시작 23:55:24
[136/467] 7c801@27  종료 23:58:18  loss: 4000 0.017281105741858482
[137/467] 5870f@8  시작 23:58:18
[137/467] 5870f@8  종료 00:00:53  loss: 4000 0.015672000125050545
[138/467] 86fb0@12  시작 00:00:53
[138/467] 86fb0@12  종료 00:03:36  loss: 4000 0.01659710332751274
[139/467] 0b666@5  시작 00:03:36
[139/467] 0b666@5  종료 00:06:16  loss: 4000 0.022852446883916855
[140/467] 8e463@6  시작 00:06:16
[140/467] 8e463@6  종료 00:08:47  loss: 4000 0.018717745319008827
[141/467] 76f7d@0  시작 00:08:47
[141/467] 76f7d@0  종료 00:11:13  loss: 4000 0.01587330549955368
[142/467] a5d2c@0  시작 00:11:13
[142/467] a5d2c@0  종료 00:13:40  loss: 4000 0.017628317698836327
[143/467] 495b6@0  시작 00:13:40
[143/467] 495b6@0  종료 00:15:58  loss: 4000 0.0225156769156456
[144/467] 5a065@0  시작 00:15:58
[144/467] 5a065@0  종료 00:18:16  loss: 4000 0.01789606548845768
[145/467] 0ef67@0  시작 00:18:16
[145/467] 0ef67@0  종료 00:20:39  loss: 4000 0.016226960346102715
[146/467] 916da@1  시작 00:20:39
[146/467] 916da@1  종료 00:23:04  loss: 4000 0.015767909586429596
[147/467] 72bb9@0  시작 00:23:04
[147/467] 72bb9@0  종료 00:25:42  loss: 4000 0.016820384189486504
[148/467] cd0ae@3  시작 00:25:42
[148/467] cd0ae@3  종료 00:28:09  loss: 4000 0.02035718783736229
[149/467] 0b666@9  시작 00:28:09
[149/467] 0b666@9  종료 00:30:48  loss: 4000 0.01922079361975193
[150/467] 959a0@10  시작 00:30:48
[150/467] 959a0@10  종료 00:33:15  loss: 4000 0.019847381860017776
[151/467] e04db@1  시작 00:33:15
[151/467] e04db@1  종료 00:35:43  loss: 4000 0.01662917248904705
[152/467] efd16@0  시작 00:35:43
[152/467] efd16@0  종료 00:38:02  loss: 4000 0.016316134482622147
[153/467] ab46c@0  시작 00:38:02
[153/467] ab46c@0  종료 00:40:21  loss: 4000 0.019289350137114525
[154/467] 5f8e2@0  시작 00:40:21
[154/467] 5f8e2@0  종료 00:42:39  loss: 4000 0.02152659185230732
[155/467] 085b5@0  시작 00:42:39
[155/467] 085b5@0  종료 00:44:59  loss: 4000 0.02187221497297287
[156/467] 9f436@0  시작 00:44:59
[156/467] 9f436@0  종료 00:47:37  loss: 4000 0.016136441379785538
[157/467] 75b94@2  시작 00:47:37
[157/467] 75b94@2  종료 00:50:12  loss: 4000 0.016167905181646347
[158/467] 0b666@3  시작 00:50:12
[158/467] 0b666@3  종료 00:52:56  loss: 4000 0.022583264857530594
[159/467] 90724@0  시작 00:52:56
[159/467] 90724@0  종료 00:55:19  loss: 4000 0.019899729639291763
[160/467] c8fd4@12  시작 00:55:19
[160/467] c8fd4@12  종료 00:57:52  loss: 4000 0.01773807592689991
[161/467] fb969@3  시작 00:57:52
[161/467] fb969@3  종료 01:00:17  loss: 4000 0.01663828454911709
[162/467] f0b72@0  시작 01:00:17
[162/467] f0b72@0  종료 01:02:46  loss: 4000 0.01610466279089451
[163/467] 67132@0  시작 01:02:46
[163/467] 67132@0  종료 01:05:07  loss: 4000 0.019464947283267975
[164/467] 2d90f@0  시작 01:05:07
[164/467] 2d90f@0  종료 01:07:31  loss: 4000 0.017801526933908463
[165/467] 1ad2e@0  시작 01:07:31
[165/467] 1ad2e@0  종료 01:10:29  loss: 4000 0.021273387596011162
[166/467] a7a1a@2  시작 01:10:29
[166/467] a7a1a@2  종료 01:13:07  loss: 4000 0.018972596153616905
[167/467] 75b94@7  시작 01:13:07
[167/467] 75b94@7  종료 01:15:49  loss: 4000 0.020715294405817986
[168/467] 0b666@7  시작 01:15:49
[168/467] 0b666@7  종료 01:18:30  loss: 4000 0.02327793836593628
[169/467] a4e00@0  시작 01:18:30
[169/467] a4e00@0  종료 01:21:05  loss: 4000 0.019168734550476074
[170/467] ce343@9  시작 01:21:05
[170/467] ce343@9  종료 01:23:37  loss: 4000 0.02154495194554329
[171/467] 0308b@13  시작 01:23:37
[171/467] 0308b@13  종료 01:26:06  loss: 4000 0.01834152452647686
[172/467] 63ca8@0  시작 01:26:06
[172/467] 63ca8@0  종료 01:28:34  loss: 4000 0.017622051760554314
[173/467] 67132@1  시작 01:28:34
[173/467] 67132@1  종료 01:30:55  loss: 4000 0.01798342354595661
[174/467] 97fc3@7  시작 01:30:55
[174/467] 97fc3@7  종료 01:33:36  loss: 4000 0.018248973414301872
[175/467] 25012@0  시작 01:33:36
[175/467] 25012@0  종료 01:36:16  loss: 4000 0.018556296825408936
[176/467] a7a1a@7  시작 01:36:16
[176/467] a7a1a@7  종료 01:38:56  loss: 4000 0.019945304840803146
[177/467] 7c801@9  시작 01:38:56
[177/467] 7c801@9  종료 01:41:58  loss: 4000 0.022249283269047737
[178/467] 0b666@11  시작 01:41:58
[178/467] 0b666@11  종료 01:44:35  loss: 4000 0.01913176290690899
[179/467] a4e00@3  시작 01:44:35
[179/467] a4e00@3  종료 01:47:11  loss: 4000 0.021344341337680817
[180/467] f9da9@6  시작 01:47:11
[180/467] f9da9@6  종료 01:49:39  loss: 4000 0.019308501854538918
[181/467] 368db@0  시작 01:49:39
[181/467] 368db@0  종료 01:51:58  loss: 4000 0.019003000110387802
[182/467] 82851@0  시작 01:51:58
[182/467] 82851@0  종료 01:54:35  loss: 4000 0.01757037453353405
[183/467] 97fc3@9  시작 01:54:35
[183/467] 97fc3@9  종료 01:57:15  loss: 4000 0.019498677924275398
[184/467] e177c@7  시작 01:57:15
[184/467] e177c@7  종료 01:59:39  loss: 4000 0.019025728106498718
[185/467] b1494@1  시작 01:59:39
[185/467] b1494@1  종료 02:02:08  loss: 4000 0.0159048680216074
[186/467] 7c801@12  시작 02:02:08
[186/467] 7c801@12  종료 02:05:05  loss: 4000 0.016449812799692154
[187/467] 7055a@0  시작 02:05:05
[187/467] 7055a@0  종료 02:07:26  loss: 4000 0.018830779939889908
[188/467] c8881@0  시작 02:07:26
[188/467] c8881@0  종료 02:09:50  loss: 4000 0.01806163415312767
[189/467] a5e8a@0  시작 02:09:50
[189/467] a5e8a@0  종료 02:12:17  loss: 4000 0.016764383763074875
[190/467] 47e95@9  시작 02:12:17
[190/467] 47e95@9  종료 02:14:43  loss: 4000 0.0195766668766737
[191/467] 8e4b0@2  시작 02:14:43
[191/467] 8e4b0@2  종료 02:17:02  loss: 4000 0.017029661685228348
[192/467] 97fc3@10  시작 02:17:02
[192/467] 97fc3@10  종료 02:19:43  loss: 4000 0.01705688238143921
[193/467] b2063@1  시작 02:19:43
[193/467] b2063@1  종료 02:22:11  loss: 4000 0.019572393968701363
[194/467] 7c801@23  시작 02:22:11
[194/467] 7c801@23  종료 02:25:10  loss: 4000 0.021763384342193604
[195/467] a4e00@2  시작 02:25:10
[195/467] a4e00@2  종료 02:27:41  loss: 4000 0.01921309158205986
[196/467] 70982@0  시작 02:27:41
[196/467] 70982@0  종료 02:30:04  loss: 4000 0.02166282944381237
[197/467] 06d2f@0  시작 02:30:04
[197/467] 06d2f@0  종료 02:32:35  loss: 4000 0.018543772399425507
[198/467] 59796@7  시작 02:32:35
[198/467] 59796@7  종료 02:35:00  loss: 4000 0.017422599717974663
[199/467] 9a028@0  시작 02:35:00
[199/467] 9a028@0  종료 02:37:31  loss: 4000 0.016790078952908516
[200/467] c1b07@11  시작 02:37:31
[200/467] c1b07@11  종료 02:40:05  loss: 4000 0.019315576180815697
[201/467] 7cc68@3  시작 02:40:05
[201/467] 7cc68@3  종료 02:42:38  loss: 4000 0.017092103138566017
[202/467] a4e00@5  시작 02:42:38
[202/467] a4e00@5  종료 02:45:13  loss: 4000 0.022746386006474495
[203/467] a3ff7@0  시작 02:45:13
[203/467] a3ff7@0  종료 02:47:50  loss: 4000 0.0240113977342844
[204/467] 0e05b@0  시작 02:47:50
[204/467] 0e05b@0  종료 02:50:10  loss: 4000 0.017584921792149544
[205/467] 87c3c@10  시작 02:50:10
[205/467] 87c3c@10  종료 02:52:37  loss: 4000 0.018009409308433533
[206/467] 9bb17@0  시작 02:52:37
[206/467] 9bb17@0  종료 02:55:07  loss: 4000 0.01720207743346691
[207/467] c4375@1  시작 02:55:07
[207/467] c4375@1  종료 02:57:33  loss: 4000 0.01725132390856743
[208/467] 82d76@0  시작 02:57:33
[208/467] 82d76@0  종료 03:00:01  loss: 4000 0.01959925889968872
[209/467] f3c30@0  시작 03:00:01
[209/467] f3c30@0  종료 03:02:23  loss: 4000 0.01922266185283661
[210/467] 1e305@0  시작 03:02:23
[210/467] 1e305@0  종료 03:04:47  loss: 4000 0.0179466400295496
[211/467] 4e42c@14  시작 03:04:47
[211/467] 4e42c@14  종료 03:07:24  loss: 4000 0.01802784390747547
[212/467] 95c93@7  시작 03:07:24
[212/467] 95c93@7  종료 03:09:49  loss: 4000 0.02046925015747547
[213/467] ad141@9  시작 03:09:49
[213/467] ad141@9  종료 03:12:21  loss: 4000 0.017415886744856834
[214/467] c4375@3  시작 03:12:21
[214/467] c4375@3  종료 03:14:45  loss: 4000 0.01701004058122635
[215/467] 83207@2  시작 03:14:45
[215/467] 83207@2  종료 03:17:38  loss: 4000 0.01701313443481922
[216/467] 07994@0  시작 03:17:38
[216/467] 07994@0  종료 03:20:01  loss: 4000 0.022147752344608307
[217/467] 733f9@0  시작 03:20:01
[217/467] 733f9@0  종료 03:22:25  loss: 4000 0.018771259114146233
[218/467] 662b0@13  시작 03:22:25
[218/467] 662b0@13  종료 03:25:05  loss: 4000 0.018430547788739204
[219/467] 638fe@0  시작 03:25:05
[219/467] 638fe@0  종료 03:27:31  loss: 4000 0.01871033012866974
[220/467] 07862@0  시작 03:27:31
[220/467] 07862@0  종료 03:29:51  loss: 4000 0.016770975664258003
[221/467] cb8f2@1  시작 03:29:51
[221/467] cb8f2@1  종료 03:32:19  loss: 4000 0.017683787271380424
[222/467] 86e2a@4  시작 03:32:19
[222/467] 86e2a@4  종료 03:35:01  loss: 4000 0.015986764803528786
[223/467] 6803d@0  시작 03:35:01
[223/467] 6803d@0  종료 03:37:24  loss: 4000 0.02513032965362072
[224/467] 8ec65@0  시작 03:37:24
[224/467] 8ec65@0  종료 03:39:47  loss: 4000 0.019024783745408058
[225/467] 82851@24  시작 03:39:47
[225/467] 82851@24  종료 03:42:25  loss: 4000 0.018254829570651054
[226/467] e9e88@0  시작 03:42:25
[226/467] e9e88@0  종료 03:44:44  loss: 4000 0.01676575094461441
[227/467] ce2f0@2  시작 03:44:44
[227/467] ce2f0@2  종료 03:47:19  loss: 4000 0.017630137503147125
[228/467] 86e2a@6  시작 03:47:19
[228/467] 86e2a@6  종료 03:50:14  loss: 4000 0.023821620270609856
[229/467] 13d53@0  시작 03:50:14
[229/467] 13d53@0  종료 03:52:37  loss: 4000 0.019387375563383102
[230/467] 97fc3@1  시작 03:52:37
[230/467] 97fc3@1  종료 03:55:22  loss: 4000 0.017019255086779594
[231/467] 87c3c@0  시작 03:55:22
[231/467] 87c3c@0  종료 03:57:52  loss: 4000 0.018607299774885178
[232/467] d05b4@18  시작 03:57:52
[232/467] d05b4@18  종료 04:00:40  loss: 4000 0.01683596521615982
[233/467] 8bb23@0  시작 04:00:40
[233/467] 8bb23@0  종료 04:04:21  loss: 4000 0.015914754942059517
[234/467] 171c4@0  시작 04:04:21
[234/467] 171c4@0  종료 04:06:46  loss: 4000 0.02156013250350952
[235/467] 97fc3@4  시작 04:06:46
[235/467] 97fc3@4  종료 04:09:31  loss: 4000 0.01921764947474003
[236/467] 9a028@14  시작 04:09:31
[236/467] 9a028@14  종료 04:12:06  loss: 4000 0.01863754540681839
[237/467] ebf46@3  시작 04:12:06
[237/467] ebf46@3  종료 04:14:35  loss: 4000 0.015344563871622086
[238/467] 925aa@5  시작 04:14:35
[238/467] 925aa@5  종료 04:17:17  loss: 4000 0.016463400796055794
[239/467] 468f5@0  시작 04:17:17
[239/467] 468f5@0  종료 04:19:41  loss: 4000 0.018100043758749962
[240/467] 1c03f@0  시작 04:19:41
[240/467] 1c03f@0  종료 04:22:24  loss: 4000 0.017747649922966957
[241/467] eb5f9@0  시작 04:22:24
[241/467] eb5f9@0  종료 04:24:45  loss: 4000 0.018978560343384743
[242/467] 4b813@2  시작 04:24:45
[242/467] 4b813@2  종료 04:27:09  loss: 4000 0.020037880167365074
[243/467] 925aa@7  시작 04:27:09
[243/467] 925aa@7  종료 04:29:47  loss: 4000 0.021773429587483406
[244/467] 97fc3@3  시작 04:29:47
[244/467] 97fc3@3  종료 04:32:29  loss: 4000 0.016725897789001465
[245/467] 211a2@2  시작 04:32:29
[245/467] 211a2@2  종료 04:35:09  loss: 4000 0.01749565452337265
[246/467] 2a060@0  시작 04:35:09
[246/467] 2a060@0  종료 04:38:18  loss: 4000 0.017894331365823746
[247/467] f4786@2  시작 04:38:18
[247/467] f4786@2  종료 04:40:42  loss: 4000 0.022511528804898262
[248/467] 9d4bf@0  시작 04:40:42
[248/467] 9d4bf@0  종료 04:43:28  loss: 4000 0.017987754195928574
[249/467] 97fc3@6  시작 04:43:28
[249/467] 97fc3@6  종료 04:46:11  loss: 4000 0.019945818930864334
[250/467] 2bae9@2  시작 04:46:11
[250/467] 2bae9@2  종료 04:48:57  loss: 4000 0.01819271221756935
[251/467] eb877@0  시작 04:48:57
[251/467] eb877@0  종료 04:52:03  loss: 4000 0.016461648046970367
[252/467] 29266@0  시작 04:52:03
[252/467] 29266@0  종료 04:54:34  loss: 4000 0.017974425107240677
[253/467] b9bb2@7  시작 04:54:34
[253/467] b9bb2@7  종료 04:57:07  loss: 4000 0.017806388437747955
[254/467] 1c03f@2  시작 04:57:07
[254/467] 1c03f@2  종료 04:59:45  loss: 4000 0.01744108647108078
[255/467] 2bae9@17  시작 04:59:45
[255/467] 2bae9@17  종료 05:02:31  loss: 4000 0.020149854943156242
[256/467] 29266@6  시작 05:02:31
[256/467] 29266@6  종료 05:05:04  loss: 4000 0.020219523459672928
[257/467] bcb36@0  시작 05:05:04
[257/467] bcb36@0  종료 05:08:43  loss: 4000 0.01693451963365078
[258/467] 211a2@4  시작 05:08:43
[258/467] 211a2@4  종료 05:11:21  loss: 4000 0.01751338504254818
[259/467] 38754@0  시작 05:11:21
[259/467] 38754@0  종료 05:14:05  loss: 4000 0.017611442133784294
[260/467] 29266@10  시작 05:14:05
[260/467] 29266@10  종료 05:16:37  loss: 4000 0.01830492727458477
[261/467] c1b07@9  시작 05:16:37
[261/467] c1b07@9  종료 05:19:13  loss: 4000 0.023053694516420364
[262/467] 2bae9@5  시작 05:19:13
[262/467] 2bae9@5  종료 05:22:01  loss: 4000 0.018148623406887054
[263/467] 39e5e@1  시작 05:22:01
[263/467] 39e5e@1  종료 05:24:45  loss: 4000 0.01801515743136406
[264/467] 65ef0@0  시작 05:24:45
[264/467] 65ef0@0  종료 05:27:13  loss: 4000 0.01889912597835064
[265/467] c4375@0  시작 05:27:13
[265/467] c4375@0  종료 05:30:45  loss: 4000 0.016190387308597565
[266/467] 2bae9@19  시작 05:30:45
[266/467] 2bae9@19  종료 05:33:28  loss: 4000 0.018619894981384277
[267/467] 39e5e@18  시작 05:33:28
[267/467] 39e5e@18  종료 05:36:12  loss: 4000 0.018927350640296936
[268/467] 86fb0@0  시작 05:36:12
[268/467] 86fb0@0  종료 05:38:52  loss: 4000 0.019382519647479057
[269/467] ce2f0@10  시작 05:38:52
[269/467] ce2f0@10  종료 05:41:32  loss: 4000 0.02070026472210884
[270/467] 38754@2  시작 05:41:32
[270/467] 38754@2  종료 05:44:10  loss: 4000 0.017230214551091194
[271/467] c5685@0  시작 05:44:10
[271/467] c5685@0  종료 05:46:50  loss: 4000 0.016909977421164513
[272/467] 86fb0@8  시작 05:46:50
[272/467] 86fb0@8  종료 05:49:31  loss: 4000 0.01703353226184845
[273/467] d4ddf@1  시작 05:49:31
[273/467] d4ddf@1  종료 05:52:36  loss: 4000 0.016934482380747795
[274/467] 39e5e@3  시작 05:52:36
[274/467] 39e5e@3  종료 05:55:15  loss: 4000 0.01787966676056385
[275/467] d4caf@0  시작 05:55:15
[275/467] d4caf@0  종료 05:57:56  loss: 4000 0.018670598044991493
[276/467] cd0ae@0  시작 05:57:56
[276/467] cd0ae@0  종료 06:00:23  loss: 4000 0.02015257440507412
[277/467] e76b2@4  시작 06:00:23
[277/467] e76b2@4  종료 06:03:15  loss: 4000 0.01704808510839939
[278/467] 39e5e@20  시작 06:03:15
[278/467] 39e5e@20  종료 06:06:01  loss: 4000 0.018506696447730064
[279/467] d4caf@3  시작 06:06:01
[279/467] d4caf@3  종료 06:08:38  loss: 4000 0.01926002837717533
[280/467] 26fd9@1  시작 06:08:38
[280/467] 26fd9@1  종료 06:10:57  loss: 4000 0.01673433557152748
[281/467] e9343@2  시작 06:10:57
[281/467] e9343@2  종료 06:13:38  loss: 4000 0.016437817364931107
[282/467] c5685@15  시작 06:13:38
[282/467] c5685@15  종료 06:16:12  loss: 4000 0.01670595072209835
[283/467] 4602f@1  시작 06:16:12
[283/467] 4602f@1  종료 06:18:33  loss: 4000 0.016884304583072662
[284/467] fc1e5@1  시작 06:18:33
[284/467] fc1e5@1  종료 06:21:39  loss: 4000 0.01647425815463066
[285/467] d4caf@2  시작 06:21:39
[285/467] d4caf@2  종료 06:24:16  loss: 4000 0.01798871159553528
[286/467] 40db1@1  시작 06:24:16
[286/467] 40db1@1  종료 06:26:39  loss: 4000 0.020032238215208054
[287/467] c08f9@3  시작 06:26:39
[287/467] c08f9@3  종료 06:29:04  loss: 4000 0.017106564715504646
[288/467] d4caf@5  시작 06:29:04
[288/467] d4caf@5  종료 06:31:38  loss: 4000 0.018660085275769234
[289/467] 20034@2  시작 06:31:38
[289/467] 20034@2  종료 06:34:01  loss: 4000 0.017443576827645302
[290/467] 29266@2  시작 06:34:01
[290/467] 29266@2  종료 06:36:37  loss: 4000 0.022155676037073135
[291/467] 20034@4  시작 06:36:37
[291/467] 20034@4  종료 06:39:01  loss: 4000 0.018559901043772697
[292/467] 29266@4  시작 06:39:01
[292/467] 29266@4  종료 06:41:37  loss: 4000 0.016640029847621918
[293/467] 5c913@1  시작 06:41:37
[293/467] 5c913@1  종료 06:43:59  loss: 4000 0.01860329881310463
[294/467] cd0ae@2  시작 06:43:59
[294/467] cd0ae@2  종료 06:46:33  loss: 4000 0.02004070207476616
[295/467] 97fc3@0  시작 06:46:33
[295/467] 97fc3@0  종료 06:49:12  loss: 4000 0.01862724870443344
[296/467] 4aefa@0  시작 06:49:12
[296/467] 4aefa@0  종료 06:51:53  loss: 4000 0.022147368639707565
[297/467] 97fc3@11  시작 06:51:53
[297/467] 97fc3@11  종료 06:54:34  loss: 4000 0.019641978666186333
[298/467] 4e902@0  시작 06:54:34
[298/467] 4e902@0  종료 06:57:11  loss: 4000 0.019628066569566727
[299/467] 1c29f@1  시작 06:57:11
[299/467] 1c29f@1  종료 06:59:46  loss: 4000 0.016512902453541756
[300/467] af836@0  시작 06:59:46
[300/467] af836@0  종료 07:02:19  loss: 4000 0.022715799510478973
[301/467] 1c29f@3  시작 07:02:19
[301/467] 1c29f@3  종료 07:04:53  loss: 4000 0.017819834873080254
[302/467] 1292e@0  시작 07:04:53
[302/467] 1292e@0  종료 07:07:19  loss: 4000 0.020977158099412918
[303/467] fcb20@1  시작 07:07:19
[303/467] fcb20@1  종료 07:09:51  loss: 4000 0.01773647591471672
[304/467] 97fc3@17  시작 07:09:51
[304/467] 97fc3@17  종료 07:12:35  loss: 4000 0.01741948351264
[305/467] 2d169@0  시작 07:12:35
[305/467] 2d169@0  종료 07:14:59  loss: 4000 0.022280704230070114
[306/467] b9695@0  시작 07:14:59
[306/467] b9695@0  종료 07:17:32  loss: 4000 0.02147603966295719
[307/467] 2d169@2  시작 07:17:32
[307/467] 2d169@2  종료 07:19:56  loss: 4000 0.019633423537015915
[308/467] a8bfc@1  시작 07:19:56
[308/467] a8bfc@1  종료 07:22:58  loss: 4000 0.018882742151618004
[309/467] 17716@1  시작 07:22:58
[309/467] 17716@1  종료 07:25:18  loss: 4000 0.017661474645137787
[310/467] 0646d@1  시작 07:25:18
[310/467] 0646d@1  종료 07:28:08  loss: 4000 0.02030862309038639
[311/467] 17716@2  시작 07:28:08
[311/467] 17716@2  종료 07:30:26  loss: 4000 0.019610295072197914
[312/467] 155cb@3  시작 07:30:26
[312/467] 155cb@3  종료 07:33:01  loss: 4000 0.018622983247041702
[313/467] b4b28@1  시작 07:33:01
[313/467] b4b28@1  종료 07:35:29  loss: 4000 0.0179032851010561
[314/467] 3b1e6@15  시작 07:35:29
[314/467] 3b1e6@15  종료 07:38:12  loss: 4000 0.01942099630832672
[315/467] b4b28@13  시작 07:38:12
[315/467] b4b28@13  종료 07:40:42  loss: 4000 0.018201932311058044
[316/467] 419a3@4  시작 07:40:42
[316/467] 419a3@4  종료 07:43:12  loss: 4000 0.0195882897824049
[317/467] c8fd4@1  시작 07:43:12
[317/467] c8fd4@1  종료 07:45:42  loss: 4000 0.017719324678182602
[318/467] 5fde1@2  시작 07:45:42
[318/467] 5fde1@2  종료 07:48:21  loss: 4000 0.018508300185203552
[319/467] 0ec0d@0  시작 07:48:21
[319/467] 0ec0d@0  종료 07:50:43  loss: 4000 0.015633543953299522
[320/467] 6ca00@17  시작 07:50:43
[320/467] 6ca00@17  종료 07:53:18  loss: 4000 0.017291177064180374
[321/467] 39c30@0  시작 07:53:18
[321/467] 39c30@0  종료 07:55:44  loss: 4000 0.01678796298801899
[322/467] 6ece6@2  시작 07:55:44
[322/467] 6ece6@2  종료 07:58:16  loss: 4000 0.019891930744051933
[323/467] 5e99c@0  시작 07:58:16
[323/467] 5e99c@0  종료 08:00:40  loss: 4000 0.015400917269289494
[324/467] 720b2@3  시작 08:00:40
[324/467] 720b2@3  종료 08:03:12  loss: 4000 0.020320668816566467
[325/467] 783a1@0  시작 08:03:12
[325/467] 783a1@0  종료 08:05:35  loss: 4000 0.01568950153887272
[326/467] 79eb5@2  시작 08:05:35
[326/467] 79eb5@2  종료 08:08:11  loss: 4000 0.019939858466386795
[327/467] 78810@6  시작 08:08:11
[327/467] 78810@6  종료 08:10:38  loss: 4000 0.016556475311517715
[328/467] 897a4@1  시작 08:10:38
[328/467] 897a4@1  종료 08:13:08  loss: 4000 0.019138021394610405
[329/467] a5d2c@7  시작 08:13:08
[329/467] a5d2c@7  종료 08:15:35  loss: 4000 0.017215441912412643
[330/467] 8e5df@3  시작 08:15:35
[330/467] 8e5df@3  종료 08:18:17  loss: 4000 0.017772933468222618
[331/467] fb969@4  시작 08:18:17
[331/467] fb969@4  종료 08:20:42  loss: 4000 0.019245116040110588
[332/467] acc89@1  시작 08:20:42
[332/467] acc89@1  종료 08:23:10  loss: 4000 0.020201314240694046
[333/467] 0308b@4  시작 08:23:10
[333/467] 0308b@4  종료 08:25:36  loss: 4000 0.021373916417360306
[334/467] b0b13@17  시작 08:25:36
[334/467] b0b13@17  종료 08:28:12  loss: 4000 0.017144417390227318
[335/467] 63ca8@13  시작 08:28:12
[335/467] 63ca8@13  종료 08:30:40  loss: 4000 0.02165188081562519
[336/467] beb8f@2  시작 08:30:40
[336/467] beb8f@2  종료 08:33:11  loss: 4000 0.020495763048529625
[337/467] 662b0@7  시작 08:33:11
[337/467] 662b0@7  종료 08:35:50  loss: 4000 0.020112279802560806
[338/467] c50ce@2  시작 08:35:50
[338/467] c50ce@2  종료 08:38:39  loss: 4000 0.03000018186867237
[339/467] 82851@18  시작 08:38:39
[339/467] 82851@18  종료 08:41:15  loss: 4000 0.019919678568840027
[340/467] db0a0@1  시작 08:41:15
[340/467] db0a0@1  종료 08:43:57  loss: 4000 0.02007257007062435
[341/467] f9b2f@4  시작 08:43:57
[341/467] f9b2f@4  종료 08:46:28  loss: 4000 0.019702060148119926
[342/467] f2d09@2  시작 08:46:28
[342/467] f2d09@2  종료 08:48:59  loss: 4000 0.020367244258522987
[343/467] 031b7@0  시작 08:48:59
[343/467] 031b7@0  종료 08:51:25  loss: 4000 0.019947458058595657
[344/467] f7d37@4  시작 08:51:25
[344/467] f7d37@4  종료 08:54:11  loss: 4000 0.01993432268500328
[345/467] 0f900@1  시작 08:54:11
[345/467] 0f900@1  종료 08:56:43  loss: 4000 0.016869790852069855
[346/467] facbc@3  시작 08:56:43
[346/467] facbc@3  종료 08:59:26  loss: 4000 0.019928986206650734
[347/467] 0f900@5  시작 08:59:26
[347/467] 0f900@5  종료 09:01:58  loss: 4000 0.017570452764630318
[348/467] 22c9e@1  시작 09:01:58
[348/467] 22c9e@1  종료 09:04:25  loss: 4000 0.017324058338999748
[349/467] 0f900@8  시작 09:04:25
[349/467] 0f900@8  종료 09:06:56  loss: 4000 0.01843569613993168
[350/467] 2563d@4  시작 09:06:56
[350/467] 2563d@4  종료 09:09:23  loss: 4000 0.017178861424326897
[351/467] 0f900@9  시작 09:09:23
[351/467] 0f900@9  종료 09:11:55  loss: 4000 0.018807033076882362
[352/467] 2563d@8  시작 09:11:55
[352/467] 2563d@8  종료 09:14:20  loss: 4000 0.017307870090007782
[353/467] 0f900@11  시작 09:14:20
[353/467] 0f900@11  종료 09:16:51  loss: 4000 0.020588424056768417
[354/467] d77d9@1  시작 09:16:51
[354/467] d77d9@1  종료 09:19:18  loss: 4000 0.01872171461582184
[355/467] 0f900@13  시작 09:19:18
[355/467] 0f900@13  종료 09:21:50  loss: 4000 0.017670834437012672
[356/467] 1c03f@1  시작 09:21:50
[356/467] 1c03f@1  종료 09:24:48  loss: 4000 0.021086392924189568
[357/467] 0ffc7@0  시작 09:24:48
[357/467] 0ffc7@0  종료 09:27:12  loss: 4000 0.018855422735214233
[358/467] 1c03f@17  시작 09:27:12
[358/467] 1c03f@17  종료 09:29:49  loss: 4000 0.018635643646121025
[359/467] 11cb7@0  시작 09:29:49
[359/467] 11cb7@0  종료 09:32:11  loss: 4000 0.018890386447310448
[360/467] 1c5d6@2  시작 09:32:11
[360/467] 1c5d6@2  종료 09:34:40  loss: 4000 0.01865619607269764
[361/467] 11cb7@3  시작 09:34:40
[361/467] 11cb7@3  종료 09:37:05  loss: 4000 0.018197184428572655
[362/467] 211a2@3  시작 09:37:05
[362/467] 211a2@3  종료 09:39:49  loss: 4000 0.017853280529379845
[363/467] 3b1e6@1  시작 09:39:49
[363/467] 3b1e6@1  종료 09:42:25  loss: 4000 0.018553951755166054
[364/467] 211a2@7  시작 09:42:25
[364/467] 211a2@7  종료 09:45:06  loss: 4000 0.018520401790738106
[365/467] 3b1e6@3  시작 09:45:06
[365/467] 3b1e6@3  종료 09:47:42  loss: 4000 0.01903713122010231
[366/467] 211a2@20  시작 09:47:42
[366/467] 211a2@20  종료 09:50:19  loss: 4000 0.01693788915872574
[367/467] 3b1e6@8  시작 09:50:19
[367/467] 3b1e6@8  종료 09:52:55  loss: 4000 0.016618067398667336
[368/467] 2bae9@4  시작 09:52:55
[368/467] 2bae9@4  종료 09:56:22  loss: 4000 0.027110451832413673
[369/467] 3b1e6@11  시작 09:56:22
[369/467] 3b1e6@11  종료 09:58:56  loss: 4000 0.018114229664206505
[370/467] 2bae9@18  시작 09:58:56
[370/467] 2bae9@18  종료 10:01:38  loss: 4000 0.020834799855947495
[371/467] 3b1e6@13  시작 10:01:38
[371/467] 3b1e6@13  종료 10:04:14  loss: 4000 0.019031239673495293
[372/467] 2ddc8@1  시작 10:04:14
[372/467] 2ddc8@1  종료 10:06:46  loss: 4000 0.019041389226913452
[373/467] 419a3@0  시작 10:06:46
[373/467] 419a3@0  종료 10:09:11  loss: 4000 0.019958017393946648
[374/467] 384b1@3  시작 10:09:11
[374/467] 384b1@3  종료 10:11:39  loss: 4000 0.02027955651283264
[375/467] 6ca00@4  시작 10:11:39
[375/467] 6ca00@4  종료 10:14:08  loss: 4000 0.016618432477116585
[376/467] 38754@1  시작 10:14:08
[376/467] 38754@1  종료 10:16:45  loss: 4000 0.018963268026709557
[377/467] 6ca00@9  시작 10:16:45
[377/467] 6ca00@9  종료 10:19:14  loss: 4000 0.021909214556217194
[378/467] 38754@4  시작 10:19:14
[378/467] 38754@4  종료 10:21:52  loss: 4000 0.018552927300333977
[379/467] 6ca00@13  시작 10:21:52
[379/467] 6ca00@13  종료 10:24:21  loss: 4000 0.02404191344976425
[380/467] 38754@16  시작 10:24:21
[380/467] 38754@16  종료 10:26:55  loss: 4000 0.01685761846601963
[381/467] 6ca00@14  시작 10:26:55
[381/467] 6ca00@14  종료 10:29:24  loss: 4000 0.016760723665356636
[382/467] 39e5e@2  시작 10:29:24
[382/467] 39e5e@2  종료 10:32:43  loss: 4000 0.018305279314517975
[383/467] 720b2@0  시작 10:32:43
[383/467] 720b2@0  종료 10:35:08  loss: 4000 0.02015611156821251
[384/467] 39e5e@19  시작 10:35:08
[384/467] 39e5e@19  종료 10:37:49  loss: 4000 0.01981847733259201
[385/467] 89667@0  시작 10:37:49
[385/467] 89667@0  종료 10:40:14  loss: 4000 0.02091280370950699
[386/467] 41d83@8  시작 10:40:14
[386/467] 41d83@8  종료 10:42:47  loss: 4000 0.01820775680243969
[387/467] 89667@4  시작 10:42:47
[387/467] 89667@4  종료 10:45:10  loss: 4000 0.02027135342359543
[388/467] 43581@1  시작 10:45:10
[388/467] 43581@1  종료 10:47:41  loss: 4000 0.021000199019908905
[389/467] 8e5df@1  시작 10:47:41
[389/467] 8e5df@1  종료 10:50:12  loss: 4000 0.019226035103201866
[390/467] 494ca@3  시작 10:50:12
[390/467] 494ca@3  종료 10:53:06  loss: 4000 0.02072465419769287
[391/467] 8e5df@4  시작 10:53:06
[391/467] 8e5df@4  종료 10:55:36  loss: 4000 0.017847036942839622
[392/467] 639d4@5  시작 10:55:36
[392/467] 639d4@5  종료 10:58:09  loss: 4000 0.021047165617346764
[393/467] 8e5df@5  시작 10:58:09
[393/467] 8e5df@5  종료 11:00:40  loss: 4000 0.020412344485521317
[394/467] 7fa33@1  시작 11:00:40
[394/467] 7fa33@1  종료 11:03:06  loss: 4000 0.020199643447995186
[395/467] 8e5df@9  시작 11:03:06
[395/467] 8e5df@9  종료 11:05:35  loss: 4000 0.017319345846772194
[396/467] 863d5@1  시작 11:05:35
[396/467] 863d5@1  종료 11:08:02  loss: 4000 0.021604906767606735
[397/467] 8e5df@12  시작 11:08:02
[397/467] 8e5df@12  종료 11:10:31  loss: 4000 0.0215335451066494
[398/467] 904b2@7  시작 11:10:31
[398/467] 904b2@7  종료 11:13:03  loss: 4000 0.01952504739165306
[399/467] 94d04@1  시작 11:13:03
[399/467] 94d04@1  종료 11:15:27  loss: 4000 0.020698755979537964
[400/467] a3a31@2  시작 11:15:27
[400/467] a3a31@2  종료 11:17:38  loss: 3600 0.020517034456133842
[401/467] 9523f@3  시작 11:17:38
[401/467] 9523f@3  종료 11:20:09  loss: 4000 0.01655975915491581
[402/467] a78a0@3  시작 11:20:09
[402/467] a78a0@3  종료 11:22:37  loss: 4000 0.019876936450600624
[403/467] 9523f@9  시작 11:22:37
[403/467] 9523f@9  종료 11:25:08  loss: 4000 0.01976865530014038
[404/467] b4d44@4  시작 11:25:08
[404/467] b4d44@4  종료 11:27:34  loss: 4000 0.020318400114774704
[405/467] a779d@3  시작 11:27:34
[405/467] a779d@3  종료 11:27:42  loss: 
[406/467] b4fca@1  시작 11:27:42
[406/467] b4fca@1  종료 11:30:15  loss: 4000 0.019231945276260376
[407/467] b0b13@0  시작 11:30:15
[407/467] b0b13@0  종료 11:32:45  loss: 4000 0.016820833086967468
[408/467] c5685@14  시작 11:32:45
[408/467] c5685@14  종료 11:35:25  loss: 4000 0.016961978748440742
[409/467] b0b13@9  시작 11:35:25
[409/467] b0b13@9  종료 11:37:57  loss: 4000 0.021875444799661636
[410/467] cffb9@2  시작 11:37:57
[410/467] cffb9@2  종료 11:40:26  loss: 4000 0.019395913928747177
[411/467] b0b13@10  시작 11:40:26
[411/467] b0b13@10  종료 11:42:57  loss: 4000 0.021468399092555046
[412/467] d4caf@1  시작 11:42:57
[412/467] d4caf@1  종료 11:45:34  loss: 4000 0.02001551166176796
[413/467] b0b13@12  시작 11:45:34
[413/467] b0b13@12  종료 11:48:05  loss: 4000 0.017441872507333755
[414/467] d4caf@4  시작 11:48:05
[414/467] d4caf@4  종료 11:50:43  loss: 4000 0.0202572513371706
[415/467] b5fa3@0  시작 11:50:43
[415/467] b5fa3@0  종료 11:53:14  loss: 4000 0.022951029241085052
[416/467] d6fe3@6  시작 11:53:14
[416/467] d6fe3@6  종료 11:55:44  loss: 4000 0.0176007729023695
[417/467] b5fa3@5  시작 11:55:44
[417/467] b5fa3@5  종료 11:58:14  loss: 4000 0.0168954785913229
[418/467] 122ba@1  시작 11:58:14
[418/467] 122ba@1  종료 12:00:46  loss: 4000 0.018098490312695503
[419/467] b5fa3@9  시작 12:00:46
[419/467] b5fa3@9  종료 12:03:16  loss: 4000 0.018401339650154114
[420/467] b4a4e@1  시작 12:03:16
[420/467] b4a4e@1  종료 12:06:11  loss: 4000 0.019917843863368034
[421/467] b7853@0  시작 12:06:11
[421/467] b7853@0  종료 12:08:39  loss: 4000 0.018248559907078743
[422/467] b7853@3  시작 12:08:39
[422/467] b7853@3  종료 12:11:08  loss: 4000 0.016177142038941383
[423/467] b7853@10  시작 12:11:08
[423/467] b7853@10  종료 12:13:38  loss: 4000 0.018233558163046837
[424/467] c8c4e@0  시작 12:13:38
[424/467] c8c4e@0  종료 12:15:59  loss: 4000 0.01685333624482155
[425/467] cf9b2@4  시작 12:15:59
[425/467] cf9b2@4  종료 12:18:23  loss: 4000 0.01915670745074749
[426/467] cf9b2@5  시작 12:18:23
[426/467] cf9b2@5  종료 12:20:46  loss: 4000 0.017338592559099197
[427/467] dee46@3  시작 12:20:46
[427/467] dee46@3  종료 12:23:14  loss: 4000 0.016515733674168587
[428/467] e177c@5  시작 12:23:14
[428/467] e177c@5  종료 12:25:39  loss: 4000 0.01858261041343212
[429/467] e177c@8  시작 12:25:39
[429/467] e177c@8  종료 12:28:03  loss: 4000 0.018964791670441628
[430/467] f25e3@0  시작 12:28:03
[430/467] f25e3@0  종료 12:30:26  loss: 4000 0.018952203914523125
[431/467] f7d37@0  시작 12:30:26
[431/467] f7d37@0  종료 12:32:58  loss: 4000 0.019960859790444374
[432/467] f7d37@7  시작 12:32:58
[432/467] f7d37@7  종료 12:35:28  loss: 4000 0.01687019132077694
[433/467] f7d37@15  시작 12:35:28
[433/467] f7d37@15  종료 12:37:59  loss: 4000 0.017304161563515663
[434/467] f7d37@17  시작 12:37:59
[434/467] f7d37@17  종료 12:40:30  loss: 4000 0.018513519316911697
[435/467] facbc@14  시작 12:40:30
[435/467] facbc@14  종료 12:43:00  loss: 4000 0.019829191267490387
[436/467] 9f9ee@0  시작 12:43:00
[436/467] 9f9ee@0  종료 12:45:25  loss: 4000 0.018580999225378036
[437/467] e53a4@0  시작 12:45:25
[437/467] e53a4@0  종료 12:47:48  loss: 4000 0.017847377806901932
[438/467] e53a4@1  시작 12:47:48
[438/467] e53a4@1  종료 12:50:13  loss: 4000 0.020149271935224533
[439/467] 15642@0  시작 12:50:13
[439/467] 15642@0  종료 12:52:37  loss: 4000 0.02316354028880596
[440/467] 1c03f@3  시작 12:52:37
[440/467] 1c03f@3  종료 12:55:09  loss: 4000 0.02206318825483322
[441/467] 1c03f@6  시작 12:55:09
[441/467] 1c03f@6  종료 12:57:42  loss: 4000 0.019810548052191734
[442/467] 211a2@1  시작 12:57:42
[442/467] 211a2@1  종료 13:00:17  loss: 4000 0.019892824813723564
[443/467] 233b9@4  시작 13:00:17
[443/467] 233b9@4  종료 13:02:40  loss: 4000 0.01969992369413376
[444/467] 2bae9@23  시작 13:02:40
[444/467] 2bae9@23  종료 13:05:23  loss: 4000 0.018648415803909302
[445/467] 2bae9@24  시작 13:05:23
[445/467] 2bae9@24  종료 13:08:05  loss: 4000 0.017318572849035263
[446/467] 2bae9@31  시작 13:08:05
[446/467] 2bae9@31  종료 13:10:48  loss: 4000 0.021952345967292786
[447/467] 384b1@2  시작 13:10:48
[447/467] 384b1@2  종료 13:13:10  loss: 4000 0.019604817032814026
[448/467] 39e5e@4  시작 13:13:10
[448/467] 39e5e@4  종료 13:15:48  loss: 4000 0.01858179271221161
[449/467] 39e5e@6  시작 13:15:48
[449/467] 39e5e@6  종료 13:18:27  loss: 4000 0.0179196335375309
[450/467] 39e5e@16  시작 13:18:27
[450/467] 39e5e@16  종료 13:21:05  loss: 4000 0.01797161065042019
[451/467] 41d83@0  시작 13:21:05
[451/467] 41d83@0  종료 13:23:31  loss: 4000 0.019725216552615166
[452/467] 41d83@3  시작 13:23:31
[452/467] 41d83@3  종료 13:25:58  loss: 4000 0.021462589502334595
[453/467] 639d4@0  시작 13:25:58
[453/467] 639d4@0  종료 13:28:24  loss: 4000 0.020771076902747154
[454/467] bbefc@0  시작 13:28:24
[454/467] bbefc@0  종료 13:30:49  loss: 4000 0.02008793316781521
[455/467] bbefc@4  시작 13:30:49
[455/467] bbefc@4  종료 13:33:18  loss: 4000 0.020555788651108742
[456/467] c5685@13  시작 13:33:18
[456/467] c5685@13  종료 13:35:53  loss: 4000 0.017101528123021126
[457/467] cfcc8@4  시작 13:35:53
[457/467] cfcc8@4  종료 13:38:13  loss: 4000 0.01876874454319477
[458/467] d6fe3@1  시작 13:38:13
[458/467] d6fe3@1  종료 13:40:37  loss: 4000 0.020609091967344284
[459/467] fac91@3  시작 13:40:37
[459/467] fac91@3  종료 13:43:00  loss: 4000 0.01862294040620327
[460/467] fac91@4  시작 13:43:00
[460/467] fac91@4  종료 13:45:22  loss: 4000 0.020787319168448448
[461/467] fac91@6  시작 13:45:22
[461/467] fac91@6  종료 13:47:43  loss: 4000 0.01946222223341465
[462/467] 3e29c@0  시작 13:47:43
[462/467] 3e29c@0  종료 13:50:04  loss: 4000 0.019179247319698334
[463/467] 5ce69@0  시작 13:50:04
[463/467] 5ce69@0  종료 13:52:27  loss: 4000 0.019982125610113144
[464/467] 667a8@11  시작 13:52:27
[464/467] 667a8@11  종료 13:55:03  loss: 4000 0.019640032202005386
[465/467] c2f83@0  시작 13:55:03
[465/467] c2f83@0  종료 13:57:23  loss: 4000 0.02011963352560997
[466/467] e626d@0  시작 13:57:23
[466/467] e626d@0  종료 13:59:45  loss: 4000 0.02025562711060047
[467/467] 5d49e@1  시작 13:59:45
[467/467] 5d49e@1  종료 14:02:09  loss: 4000 0.017097603529691696
BATCH DONE 14:02:09
