Importing module 'gym_38' (/home/leegyuwon/Documents/isaacgym/python/isaacgym/_bindings/linux-x86_64/gym_38.so)
Setting GYM_USD_PLUG_INFO_PATH to /home/leegyuwon/Documents/isaacgym/python/isaacgym/_bindings/linux-x86_64/usd/plugInfo.json
PyTorch version 1.13.1+cu117
Device count 1
/home/leegyuwon/Documents/isaacgym/python/isaacgym/_bindings/src/gymtorch
Using /home/leegyuwon/.cache/torch_extensions/py38_cu117 as PyTorch extensions root...
Emitting ninja build file /home/leegyuwon/.cache/torch_extensions/py38_cu117/gymtorch/build.ninja...
Building extension module gymtorch...
Allowing ninja to set a default number of workers... (overridable by setting the environment variable MAX_JOBS=N)
ninja: no work to do.
Not connected to PVD
+++ Using GPU PhysX
Physics Engine: PhysX
Physics Device: cuda:0
GPU Pipeline: enabled
PxgCudaDeviceMemoryAllocator fail to allocate memory 440320000 bytes!! Result = 2
/buildAgent/work/99bede84aa0a52c2/source/physx/src/NpScene.cpp (3509) : internal error : PhysX Internal CUDA error. Simulation can not continue!

PxgCudaDeviceMemoryDeallocate fail to deallocate memory!!
PxgCudaDeviceMemoryAllocator fail to allocate memory 138412032 bytes!! Result = 700
/buildAgent/work/99bede84aa0a52c2/source/gpunarrowphase/src/PxgNarrowphaseCore.cpp (11310) : internal error : GPU compressContactStage1 fail to launch kernel stage 1!!


/buildAgent/work/99bede84aa0a52c2/source/gpunarrowphase/src/PxgNarrowphaseCore.cpp (11347) : internal error : GPU compressContactStage2 fail to launch kernel stage 1!!


[Error] [carb.gym.plugin] Gym cuda error: an illegal memory access was encountered: ../../../source/plugins/carb/gym/impl/Gym/GymPhysX.cpp: 4202
[Error] [carb.gym.plugin] Gym cuda error: an illegal memory access was encountered: ../../../source/plugins/carb/gym/impl/Gym/GymPhysX.cpp: 4210
[Error] [carb.gym.plugin] Gym cuda error: an illegal memory access was encountered: ../../../source/plugins/carb/gym/impl/Gym/GymPhysX.cpp: 3480
[Error] [carb.gym.plugin] Gym cuda error: an illegal memory access was encountered: ../../../source/plugins/carb/gym/impl/Gym/GymPhysX.cpp: 3535
[Error] [carb.gym.plugin] Gym cuda error: an illegal memory access was encountered: ../../../source/plugins/carb/gym/impl/Gym/GymPhysX.cpp: 3546
[Error] [carb.gym.plugin] Gym cuda error: an illegal memory access was encountered: ../../../source/plugins/carb/gym/impl/Gym/GymPhysX.cpp: 5754
[Error] [carb.gym.plugin] Gym cuda error: an illegal memory access was encountered: ../../../source/plugins/carb/gym/impl/Gym/GymPhysXCuda.cu: 926
[Error] [carb.gym.plugin] Failed to fill rigid body state tensor
[Error] [carb.gym.plugin] Gym cuda error: an illegal memory access was encountered: ../../../source/plugins/carb/gym/impl/Gym/GymPhysX.cpp: 3560
[Error] [carb.gym.plugin] Gym cuda error: an illegal memory access was encountered: ../../../source/plugins/carb/gym/impl/Gym/GymPhysX.cpp: 3610
[Error] [carb.gym.plugin] Gym cuda error: an illegal memory access was encountered: ../../../source/plugins/carb/gym/impl/Gym/GymPhysX.cpp: 5754
[Error] [carb.gym.plugin] Gym cuda error: an illegal memory access was encountered: ../../../source/plugins/carb/gym/impl/Gym/GymPhysXCuda.cu: 926
[Error] [carb.gym.plugin] Failed to fill rigid body state tensor
[Error] [carb.gym.plugin] Gym cuda error: an illegal memory access was encountered: ../../../source/plugins/carb/gym/impl/Gym/GymPhysX.cpp: 6137
[Error] [carb.gym.plugin] Gym cuda error: an illegal memory access was encountered: ../../../source/plugins/carb/gym/impl/Gym/GymPhysXCuda.cu: 991
[Error] [carb.gym.plugin] Gym cuda error: an illegal memory access was encountered: ../../../source/plugins/carb/gym/impl/Gym/GymPhysX.cpp: 5993
[Error] [carb.gym.plugin] Gym cuda error: an illegal memory access was encountered: ../../../source/plugins/carb/gym/impl/Gym/GymPhysXCuda.cu: 937
[Error] [carb.gym.plugin] Failed to fill root state tensor
[Error] [carb.gym.plugin] Gym cuda error: an illegal memory access was encountered: ../../../source/plugins/carb/gym/impl/Gym/GymPhysX.cpp: 4262
Loading extension module gymtorch...
Gym has been unmaintained since 2022 and does not support NumPy 2.0 amongst other critical functionality.
Please upgrade to Gymnasium, the maintained drop-in replacement of Gym, or contact the authors of your software and request that they upgrade.
See the migration guide at https://gymnasium.farama.org/introduction/migration_guide/ for additional information.
/home/leegyuwon/Documents/isaacgym/python/isaacgym/torch_utils.py:135: DeprecationWarning: `np.float` is a deprecated alias for the builtin `float`. To silence this warning, use `float` by itself. Doing this will not modify any behavior and is safe. If you specifically wanted the numpy scalar type, use `np.float64` here.
Deprecated in NumPy 1.20; for more details and guidance: https://numpy.org/devdocs/release/1.20.0-notes.html#deprecations
  def get_axis_params(value, axis_idx, x_value=0., dtype=np.float, n_dims=3):
main/dataset/mano2dexhand.py:107: DeprecationWarning: an integer is required (got type isaacgym._bindings.linux-x86_64.gym_38.DofDriveMode).  Implicit conversion to integers using __int__ is deprecated, and may be removed in a future version of Python.
  asset_options.default_dof_drive_mode = gymapi.DOF_MODE_POS
main/dataset/mano2dexhand.py:420: UserWarning: To copy construct from a tensor, it is recommended to use sourceTensor.clone().detach() or sourceTensor.clone().detach().requires_grad_(True), rather than torch.tensor(sourceTensor).
  opt_wrist_pos = torch.tensor(
main/dataset/mano2dexhand.py:426: UserWarning: To copy construct from a tensor, it is recommended to use sourceTensor.clone().detach() or sourceTensor.clone().detach().requires_grad_(True), rather than torch.tensor(sourceTensor).
  opt_wrist_rot = torch.tensor(
[init] 관절 초기값 override: {'joint_1_2': -1.0, 'joint_2_1': 0.0, 'joint_2_2': 0.41888, 'joint_2_3': 0.41888, 'joint_2_4': 0.41888, 'joint_3_1': 0.0, 'joint_3_2': 0.41888, 'joint_3_3': 0.41888, 'joint_3_4': 0.41888, 'joint_4_1': 0.0, 'joint_4_2': 0.41888, 'joint_4_3': 0.41888, 'joint_4_4': 0.41888, 'joint_5_1': 0.0, 'joint_5_2': 0.41888, 'joint_5_3': 0.41888, 'joint_5_4': 0.41888}
Traceback (most recent call last):
  File "main/dataset/mano2dexhand.py", line 612, in <module>
    run(_parser, _parser.data_idx)
  File "main/dataset/mano2dexhand.py", line 584, in run
    to_dump = mano2inspire.fitting(
  File "main/dataset/mano2dexhand.py", line 503, in fitting
    opt_dof_pos_clamped, isaac_joints = self._opt_loop(
  File "main/dataset/mano2dexhand.py", line 380, in _opt_loop
    ret = self.chain.forward_kinematics(opt_dof_pos_clamped[:, self.isaac2chain_order])
  File "/home/leegyuwon/Documents/miniconda3/envs/maniptrans/lib/python3.8/site-packages/pytorch_kinematics/chain.py", line 321, in forward_kinematics
    rev_jnt_transform = axis_and_angle_to_matrix_44(axes_expanded, th)
  File "/home/leegyuwon/Documents/miniconda3/envs/maniptrans/lib/python3.8/site-packages/pytorch_kinematics/transforms/rotation_conversions.py", line 485, in axis_and_angle_to_matrix_44
    rot = axis_and_angle_to_matrix_33(axis, theta)
  File "/home/leegyuwon/Documents/miniconda3/envs/maniptrans/lib/python3.8/site-packages/pytorch_kinematics/transforms/rotation_conversions.py", line 520, in axis_and_angle_to_matrix_33
    torch.stack([r20, r21, r22], -1)], -2)
RuntimeError: CUDA error: an illegal memory access was encountered
CUDA kernel errors might be asynchronously reported at some other API call,so the stacktrace below might be incorrect.
For debugging consider passing CUDA_LAUNCH_BLOCKING=1.
