Importing module 'gym_38' (/home/leegyuwon/Documents/isaacgym/python/isaacgym/_bindings/linux-x86_64/gym_38.so)
Setting GYM_USD_PLUG_INFO_PATH to /home/leegyuwon/Documents/isaacgym/python/isaacgym/_bindings/linux-x86_64/usd/plugInfo.json
PyTorch version 1.13.1+cu117
Device count 1
/home/leegyuwon/Documents/isaacgym/python/isaacgym/_bindings/src/gymtorch
/home/leegyuwon/Documents/miniconda3/envs/maniptrans/lib/python3.8/site-packages/hydra/_internal/hydra.py:119: UserWarning: Future Hydra versions will no longer change working directory at job runtime by default.
See https://hydra.cc/docs/1.2/upgrades/1.1_to_1.2/changes_to_job_working_dir/ for more information.
  ret = run_job(
Gym has been unmaintained since 2022 and does not support NumPy 2.0 amongst other critical functionality.
Please upgrade to Gymnasium, the maintained drop-in replacement of Gym, or contact the authors of your software and request that they upgrade.
See the migration guide at https://gymnasium.farama.org/introduction/migration_guide/ for additional information.
/home/leegyuwon/Documents/miniconda3/envs/maniptrans/lib/python3.8/site-packages/torch/utils/cpp_extension.py:25: DeprecationWarning: pkg_resources is deprecated as an API. See https://setuptools.pypa.io/en/latest/pkg_resources.html
  from pkg_resources import packaging  # type: ignore[attr-defined]
/home/leegyuwon/Documents/miniconda3/envs/maniptrans/lib/python3.8/site-packages/pkg_resources/__init__.py:3154: DeprecationWarning: Deprecated call to `pkg_resources.declare_namespace('mpl_toolkits')`.
Implementing implicit namespace packages (as specified in PEP 420) is preferred to `pkg_resources.declare_namespace`. See https://setuptools.pypa.io/en/latest/references/keywords.html#keyword-namespace-packages
  declare_namespace(pkg)
/home/leegyuwon/Documents/miniconda3/envs/maniptrans/lib/python3.8/site-packages/pkg_resources/__init__.py:3154: DeprecationWarning: Deprecated call to `pkg_resources.declare_namespace('google')`.
Implementing implicit namespace packages (as specified in PEP 420) is preferred to `pkg_resources.declare_namespace`. See https://setuptools.pypa.io/en/latest/references/keywords.html#keyword-namespace-packages
  declare_namespace(pkg)
Using /home/leegyuwon/.cache/torch_extensions/py38_cu117 as PyTorch extensions root...
Emitting ninja build file /home/leegyuwon/.cache/torch_extensions/py38_cu117/gymtorch/build.ninja...
Building extension module gymtorch...
Allowing ninja to set a default number of workers... (overridable by setting the environment variable MAX_JOBS=N)
ninja: no work to do.
Loading extension module gymtorch...
/home/leegyuwon/Documents/isaacgym/python/isaacgym/torch_utils.py:135: DeprecationWarning: `np.float` is a deprecated alias for the builtin `float`. To silence this warning, use `float` by itself. Doing this will not modify any behavior and is safe. If you specifically wanted the numpy scalar type, use `np.float64` here.
Deprecated in NumPy 1.20; for more details and guidance: https://numpy.org/devdocs/release/1.20.0-notes.html#deprecations
  def get_axis_params(value, axis_idx, x_value=0., dtype=np.float, n_dims=3):
/home/leegyuwon/Documents/miniconda3/envs/maniptrans/lib/python3.8/site-packages/networkx/classes/graph.py:23: DeprecationWarning: Using or importing the ABCs from 'collections' instead of from 'collections.abc' is deprecated since Python 3.3, and in 3.10 it will stop working
  from collections import Mapping
/home/leegyuwon/Documents/miniconda3/envs/maniptrans/lib/python3.8/site-packages/networkx/classes/reportviews.py:95: DeprecationWarning: Using or importing the ABCs from 'collections' instead of from 'collections.abc' is deprecated since Python 3.3, and in 3.10 it will stop working
  from collections import Mapping, Set, Iterable
/home/leegyuwon/Documents/miniconda3/envs/maniptrans/lib/python3.8/site-packages/networkx/readwrite/graphml.py:346: DeprecationWarning: `np.int` is a deprecated alias for the builtin `int`. To silence this warning, use `int` by itself. Doing this will not modify any behavior and is safe. When replacing `np.int`, you may wish to use e.g. `np.int64` or `np.int32` to specify the precision. If you wish to review your current use, check the release note link for additional information.
Deprecated in NumPy 1.20; for more details and guidance: https://numpy.org/devdocs/release/1.20.0-notes.html#deprecations
  (np.int, "int"), (np.int8, "int"),
Error executing job with overrides: ['task=ObjDexUnscrew', 'side=RH', 'dexhand=dg5fs', 'experiment=CapUnscrewCurrDG5FS_Pinch_20260731_161146', 'num_envs=512', 'max_iterations=30000', 'early_stop_epochs=9999999999999', 'rl_train.params.config.save_frequency=100', 'dataIndices=[7]', 'task.sim.physx.max_depenetration_velocity=1.0', 'headless=True']
Traceback (most recent call last):
  File "main/rl/train.py", line 251, in <module>
    launch_rlg_hydra()
  File "/home/leegyuwon/Documents/miniconda3/envs/maniptrans/lib/python3.8/site-packages/hydra/main.py", line 94, in decorated_main
    _run_hydra(
  File "/home/leegyuwon/Documents/miniconda3/envs/maniptrans/lib/python3.8/site-packages/hydra/_internal/utils.py", line 394, in _run_hydra
    _run_app(
  File "/home/leegyuwon/Documents/miniconda3/envs/maniptrans/lib/python3.8/site-packages/hydra/_internal/utils.py", line 457, in _run_app
    run_and_report(
  File "/home/leegyuwon/Documents/miniconda3/envs/maniptrans/lib/python3.8/site-packages/hydra/_internal/utils.py", line 223, in run_and_report
    raise ex
  File "/home/leegyuwon/Documents/miniconda3/envs/maniptrans/lib/python3.8/site-packages/hydra/_internal/utils.py", line 220, in run_and_report
    return func()
  File "/home/leegyuwon/Documents/miniconda3/envs/maniptrans/lib/python3.8/site-packages/hydra/_internal/utils.py", line 458, in <lambda>
    lambda: hydra.run(
  File "/home/leegyuwon/Documents/miniconda3/envs/maniptrans/lib/python3.8/site-packages/hydra/_internal/hydra.py", line 132, in run
    _ = ret.return_value
  File "/home/leegyuwon/Documents/miniconda3/envs/maniptrans/lib/python3.8/site-packages/hydra/core/utils.py", line 260, in return_value
    raise self._return_value
  File "/home/leegyuwon/Documents/miniconda3/envs/maniptrans/lib/python3.8/site-packages/hydra/core/utils.py", line 186, in run_job
    ret.return_value = task_function(task_cfg)
  File "main/rl/train.py", line 92, in launch_rlg_hydra
    from lib.utils.rlgames_utils import (
  File "/home/leegyuwon/Documents/ManipTrans/lib/utils/rlgames_utils.py", line 39, in <module>
    from maniptrans_envs.lib import TASK_MAP
  File "/home/leegyuwon/Documents/ManipTrans/maniptrans_envs/lib/__init__.py", line 5, in <module>
    from .envs import *
  File "/home/leegyuwon/Documents/ManipTrans/maniptrans_envs/lib/envs/__init__.py", line 1, in <module>
    from .tasks import *
  File "/home/leegyuwon/Documents/ManipTrans/maniptrans_envs/lib/envs/tasks/__init__.py", line 2, in <module>
    from .dexhandmanip_sh import DexHandManipRHEnv, DexHandManipLHEnv
  File "/home/leegyuwon/Documents/ManipTrans/maniptrans_envs/lib/envs/tasks/dexhandmanip_sh.py", line 2279
    f"손바닥각={m('palm_down_deg'):.0f}deg\n"
    ^
SyntaxError: invalid syntax
