Importing module 'gym_38' (/home/leegyuwon/Documents/isaacgym/python/isaacgym/_bindings/linux-x86_64/gym_38.so)
Setting GYM_USD_PLUG_INFO_PATH to /home/leegyuwon/Documents/isaacgym/python/isaacgym/_bindings/linux-x86_64/usd/plugInfo.json
PyTorch version 1.13.1+cu117
Device count 1
/home/leegyuwon/Documents/isaacgym/python/isaacgym/_bindings/src/gymtorch
/home/leegyuwon/Documents/miniconda3/envs/maniptrans/lib/python3.8/site-packages/hydra/_internal/hydra.py:119: UserWarning: Future Hydra versions will no longer change working directory at job runtime by default.
See https://hydra.cc/docs/1.2/upgrades/1.1_to_1.2/changes_to_job_working_dir/ for more information.
  ret = run_job(
Gym has been unmaintained since 2022 and does not support NumPy 2.0 amongst other critical functionality.
Please upgrade to Gymnasium, the maintained drop-in replacement of Gym, or contact the authors of your software and request that they upgrade.
See the migration guide at https://gymnasium.farama.org/introduction/migration_guide/ for additional information.
/home/leegyuwon/Documents/miniconda3/envs/maniptrans/lib/python3.8/site-packages/torch/utils/cpp_extension.py:25: DeprecationWarning: pkg_resources is deprecated as an API. See https://setuptools.pypa.io/en/latest/pkg_resources.html
  from pkg_resources import packaging  # type: ignore[attr-defined]
/home/leegyuwon/Documents/miniconda3/envs/maniptrans/lib/python3.8/site-packages/pkg_resources/__init__.py:3154: DeprecationWarning: Deprecated call to `pkg_resources.declare_namespace('mpl_toolkits')`.
Implementing implicit namespace packages (as specified in PEP 420) is preferred to `pkg_resources.declare_namespace`. See https://setuptools.pypa.io/en/latest/references/keywords.html#keyword-namespace-packages
  declare_namespace(pkg)
/home/leegyuwon/Documents/miniconda3/envs/maniptrans/lib/python3.8/site-packages/pkg_resources/__init__.py:3154: DeprecationWarning: Deprecated call to `pkg_resources.declare_namespace('google')`.
Implementing implicit namespace packages (as specified in PEP 420) is preferred to `pkg_resources.declare_namespace`. See https://setuptools.pypa.io/en/latest/references/keywords.html#keyword-namespace-packages
  declare_namespace(pkg)
Using /home/leegyuwon/.cache/torch_extensions/py38_cu117 as PyTorch extensions root...
Emitting ninja build file /home/leegyuwon/.cache/torch_extensions/py38_cu117/gymtorch/build.ninja...
Building extension module gymtorch...
Allowing ninja to set a default number of workers... (overridable by setting the environment variable MAX_JOBS=N)
ninja: no work to do.
task: 
    name: DexHandImitatorRH
    physics_engine: physx
    seed: 42
    env: 
        numEnvs: 16
        dexhand: dg5fs
        episodeLength: 2000
        training: True
        usePIDControl: True
        rolloutStateInit: False
        randomStateInit: True
        dataIndices: ['bd3b9@0', '0b3a0@1', '24cff@3', '1c29f@0']
        obsFutureLength: 1
        clipObservations: 5.0
        clipActions: 1.0
        furniture: just_one_leg
        frankaDofNoise: 0.25
        targetLiftHeight: 0.05
        distanceReward: 0.1
        liftReward: 1.0
        successReward: 1.0
        aggregateMode: 3
        tightenMethod: exp_decay
        tightenFactor: 0.7
        tightenSteps: 128000
        actionScale: 1.0
        useQuatRot: False
        propDumpInfo: 
            q: 20
            dq: 20
            base_state: 13
        actionsMovingAverage: 1.0
        translationScale: 1.0
        orientationScale: 0.1
        bimanual_mode: united
        propObsDim: 73
        obsKeys: ['q', 'cos_q', 'sin_q', 'base_state']
        privilegedObsDim: 20
        privilegedObsKeys: ['dq']
        enableCameraSensors: False
    sim: 
        dt: 0.0166667
        substeps: 2
        up_axis: z
        use_gpu_pipeline: True
        gravity: [0.0, 0.0, -9.81]
        physx: 
            num_threads: 4
            solver_type: 1
            use_gpu: True
            num_position_iterations: 8
            num_velocity_iterations: 1
            contact_offset: 0.005
            rest_offset: 0.0
            bounce_threshold_velocity: 0.2
            max_depenetration_velocity: 1000.0
            default_buffer_size_multiplier: 5.0
            max_gpu_contact_pairs: 1048576
            num_subscenes: 4
            contact_collection: 1
    task: 
        randomize: False
        randomization_params: 
            frequency: 1
            sim_params: 
                gravity: 
                    range: [0, 0.4]
                    operation: additive
                    distribution: uniform
                    schedule: linear
                    schedule_steps: 100000000
            actor_params: 
                franka: 
                    color: True
                    rigid_body_properties: 
                        mass: 
                            range: [0.5, 1.5]
                            operation: scaling
                            distribution: uniform
                            setup_only: True
                            schedule: linear
                            schedule_steps: 100000000
                    rigid_shape_properties: 
                        friction: 
                            num_buckets: 250
                            range: [0.7, 1.3]
                            operation: scaling
                            distribution: uniform
                            schedule: linear
                            schedule_steps: 100000000
                    dof_properties: 
                        lower: 
                            range: [1.0, 1.010050167084168]
                            operation: scaling
                            distribution: loguniform
                            schedule: linear
                            schedule_steps: 100000000
                        upper: 
                            range: [1.0, 1.010050167084168]
                            operation: scaling
                            distribution: loguniform
                            schedule: linear
                            schedule_steps: 100000000
                        stiffness: 
                            range: [1.0, 1.010050167084168]
                            operation: scaling
                            distribution: loguniform
                            schedule: linear
                            schedule_steps: 100000000
                        damping: 
                            range: [1.0, 1.010050167084168]
                            operation: scaling
                            distribution: loguniform
                            schedule: linear
                            schedule_steps: 100000000
                table: 
                    color: True
                    rigid_shape_properties: 
                        friction: 
                            num_buckets: 250
                            range: [0.5, 1.5]
                            operation: scaling
                            distribution: uniform
                            schedule: linear
                            schedule_steps: 100000000
                leg: 
                    color: True
                    scale: 
                        range: [0.9, 1.1]
                        operation: scaling
                        distribution: uniform
                        setup_only: True
                        schedule: linear
                        schedule_steps: 100000000
                    rigid_body_properties: 
                        mass: 
                            range: [0.5, 1.5]
                            operation: scaling
                            distribution: uniform
                            setup_only: True
                            schedule: linear
                            schedule_steps: 100000000
                    rigid_shape_properties: 
                        friction: 
                            num_buckets: 250
                            range: [0.5, 1.5]
                            operation: scaling
                            distribution: uniform
                            schedule: linear
                            schedule_steps: 100000000
                        rolling_friction: 
                            num_buckets: 250
                            range: [0.5, 1.5]
                            operation: scaling
                            distribution: uniform
                            schedule: linear
                            schedule_steps: 100000000
                        torsion_friction: 
                            num_buckets: 250
                            range: [0.5, 1.5]
                            operation: scaling
                            distribution: uniform
                            schedule: linear
                            schedule_steps: 100000000
                        restitution: 
                            range: [0.0, 1.0]
                            operation: additive
                            distribution: uniform
                            schedule: linear
                            schedule_steps: 100000000
                        compliance: 
                            range: [0.0, 1.0]
                            operation: additive
                            distribution: uniform
                            schedule: linear
                            schedule_steps: 100000000
rl_train: 
    params: 
        seed: 42
        algo: 
            name: ppo
        model: 
            name: my_continuous_a2c_logstd
        network: 
            name: dict_obs_actor_critic
            separate: False
            space: 
                continuous: 
                    mu_activation: None
                    sigma_activation: None
                    mu_init: 
                        name: default
                    sigma_init: 
                        name: const_initializer
                        val: 0
                    fixed_sigma: True
            dict_feature_encoder: 
                _target_: lib.nn.features.SimpleFeatureFusion
                extractors: 
                    privileged: 
                        _target_: lib.nn.features.Identity
                        input_dim: 73
                    proprioception: 
                        _target_: lib.nn.features.Identity
                        input_dim: 20
                    target: 
                        _target_: lib.nn.features.Identity
                        input_dim: 248
                hidden_depth: 3
                hidden_dim: 512
                output_dim: 256
                activation: swish
                add_input_activation: False
                add_output_activation: False
            mlp: 
                units: [Warning] [carb.gym.plugin] useGpu is set, forcing single scene (0 subscenes)
Not connected to PVD
+++ Using GPU PhysX
Physics Engine: PhysX
Physics Device: cuda:0
GPU Pipeline: enabled
Loading extension module gymtorch...
/home/leegyuwon/Documents/isaacgym/python/isaacgym/torch_utils.py:135: DeprecationWarning: `np.float` is a deprecated alias for the builtin `float`. To silence this warning, use `float` by itself. Doing this will not modify any behavior and is safe. If you specifically wanted the numpy scalar type, use `np.float64` here.
Deprecated in NumPy 1.20; for more details and guidance: https://numpy.org/devdocs/release/1.20.0-notes.html#deprecations
  def get_axis_params(value, axis_idx, x_value=0., dtype=np.float, n_dims=3):
/home/leegyuwon/Documents/miniconda3/envs/maniptrans/lib/python3.8/site-packages/networkx/classes/graph.py:23: DeprecationWarning: Using or importing the ABCs from 'collections' instead of from 'collections.abc' is deprecated since Python 3.3, and in 3.10 it will stop working
  from collections import Mapping
/home/leegyuwon/Documents/miniconda3/envs/maniptrans/lib/python3.8/site-packages/networkx/classes/reportviews.py:95: DeprecationWarning: Using or importing the ABCs from 'collections' instead of from 'collections.abc' is deprecated since Python 3.3, and in 3.10 it will stop working
  from collections import Mapping, Set, Iterable
/home/leegyuwon/Documents/miniconda3/envs/maniptrans/lib/python3.8/site-packages/networkx/readwrite/graphml.py:346: DeprecationWarning: `np.int` is a deprecated alias for the builtin `int`. To silence this warning, use `int` by itself. Doing this will not modify any behavior and is safe. When replacing `np.int`, you may wish to use e.g. `np.int64` or `np.int32` to specify the precision. If you wish to review your current use, check the release note link for additional information.
Deprecated in NumPy 1.20; for more details and guidance: https://numpy.org/devdocs/release/1.20.0-notes.html#deprecations
  (np.int, "int"), (np.int8, "int"),
/home/leegyuwon/Documents/miniconda3/envs/maniptrans/lib/python3.8/site-packages/wandb/util.py:116: SentryHubDeprecationWarning: `sentry_sdk.Hub` is deprecated and will be removed in a future major release. Please consult our 1.x to 2.x migration guide for details on how to migrate `Hub` usage to the new API: https://docs.sentry.io/platforms/python/migration/1.x-to-2.x
  sentry_hub = sentry_sdk.Hub(sentry_client)
/home/leegyuwon/Documents/miniconda3/envs/maniptrans/lib/python3.8/site-packages/torch/utils/tensorboard/__init__.py:4: DeprecationWarning: distutils Version classes are deprecated. Use packaging.version instead.
  if not hasattr(tensorboard, "__version__") or LooseVersion(
/home/leegyuwon/Documents/miniconda3/envs/maniptrans/lib/python3.8/site-packages/gym/spaces/box.py:84: UserWarning: [33mWARN: Box bound precision lowered by casting to float32[0m
  logger.warn(f"Box bound precision lowered by casting to {self.dtype}")
/home/leegyuwon/Documents/ManipTrans/maniptrans_envs/lib/envs/tasks/dexhandimitator.py:253: DeprecationWarning: an integer is required (got type isaacgym._bindings.linux-x86_64.gym_38.DofDriveMode).  Implicit conversion to integers using __int__ is deprecated, and may be removed in a future version of Python.
  asset_options.default_dof_drive_mode = gymapi.DOF_MODE_POS
[256, 512, 128, 64]
                activation: elu
                d2rl: False
                initializer: 
                    name: default
                regularizer: 
                    name: None
        load_checkpoint: False
        load_path: 
        dexhand: dg5fs
        config: 
            name: b_smoke
            full_experiment_name: b_smoke
            env_name: rlgpu
            multi_gpu: False
            ppo: True
            mixed_precision: False
            normalize_input: True
            normalize_input_excluded_keys: []
            normalize_value: True
            use_pid_control: True
            value_bootstrap: True
            num_actors: 16
            reward_shaper: 
                scale_value: 1.0
            normalize_advantage: True
            gamma: 0.99
            tau: 0.95
            learning_rate: 0.0005
            lr_schedule: adaptive
            schedule_type: standard
            kl_threshold: 0.008
            score_to_win: 10000
            max_epochs: 9999999999999
            early_stop_epochs: 9999999999999
            save_best_after: 10
            save_frequency: 1000
            print_stats: True
            grad_norm: 1.0
            entropy_coef: 0.0
            truncate_grads: True
            e_clip: 0.2
            horizon_length: 32
            minibatch_size: 1024
            mini_epochs: 5
            critic_coef: 4
            clip_value: True
            seq_len: 4
            bounds_loss_coef: 0.0001
            use_soft_clamp: True
task_name: DexHandImitatorRH
experiment: b_smoke
side: RH
bimanual_mode: united
dexhand: dg5fs
rh_base_model_checkpoint: assets/imitator_rh_inspire.pth
lh_base_model_checkpoint: assets/imitator_lh_inspire.pth
num_envs: 16
rolloutStateInit: False
randomStateInit: True
rolloutLen: None
rolloutBegin: None
learning_rate: 0.0005
actionsMovingAverage: 1.0
usePIDControl: True
dataIndices: ['bd3b9@0', '0b3a0@1', '24cff@3', '1c29f@0']
seed: 42
torch_deterministic: False
max_iterations: 9999999999999
early_stop_epochs: 9999999999999
physics_engine: physx
pipeline: gpu
sim_device: cuda:0
rl_device: cuda:0
graphics_device_id: 0
num_threads: 4
solver_type: 1
num_subscenes: 4
test: False
save_rollouts: False
save_successful_rollouts_only: True
num_rollouts_to_save: 20000
num_rollouts_to_run: 9999999999999
min_episode_length: 20
checkpoint: 
from_ckpt_epoch: False
sigma: 
multi_gpu: False
wandb_activate: False
wandb_group: 
wandb_name: b_smoke
wandb_entity: None
wandb_project: None
wandb_tags: []
wandb_logcode_dir: 
capture_video: False
n_parallel_recorders: 8
n_successful_videos_to_record: 50
display: False
headless: True
Setting seed: 42
Using rl_device: cuda:0
Using sim_device: cuda:0
{'name': 'b_smoke', 'full_experiment_name': None, 'env_name': 'rlgpu', 'multi_gpu': False, 'ppo': True, 'mixed_precision': False, 'normalize_input': True, 'normalize_input_excluded_keys': [], 'normalize_value': True, 'use_pid_control': True, 'value_bootstrap': True, 'num_actors': 16, 'reward_shaper': {'scale_value': 1.0}, 'normalize_advantage': True, 'gamma': 0.99, 'tau': 0.95, 'learning_rate': 0.0005, 'lr_schedule': 'adaptive', 'schedule_type': 'standard', 'kl_threshold': 0.008, 'score_to_win': 10000, 'max_epochs': 9999999999999, 'early_stop_epochs': 9999999999999, 'save_best_after': 10, 'save_frequency': 1000, 'print_stats': True, 'grad_norm': 1.0, 'entropy_coef': 0.0, 'truncate_grads': True, 'e_clip': 0.2, 'horizon_length': 32, 'minibatch_size': 1024, 'mini_epochs': 5, 'critic_coef': 4, 'clip_value': True, 'seq_len': 4, 'bounds_loss_coef': 0.0001, 'use_soft_clamp': True, 'device': 'cuda:0', 'population_based_training': False, 'pbt_idx': None}
self.seed = 42
Started to train
Exact experiment name requested from command line: b_smoke__07-20-20-54-54
Num dexhand Bodies: 26
Num dexhand DOFs: 20
  0%|          | 0/16 [00:00<?, ?it/s]  6%|▋         | 1/16 [00:06<01:39,  6.65s/it] 12%|█▎        | 2/16 [00:23<02:54, 12.43s/it] 19%|█▉        | 3/16 [00:35<02:42, 12.53s/it] 25%|██▌       | 4/16 [00:50<02:38, 13.21s/it]100%|██████████| 16/16 [00:50<00:00,  3.13s/it][imitate_retarget] imitation 타겟 = 리타겟 결과(opt_*) (B방식)
WARNING: seq_len is deprecated, use seq_length instead
seq_length: 4
current training device: cuda:0
build mlp: 256
RunningMeanStd:  (1,)
RunningMeanStd:  (20,)
RunningMeanStd:  (73,)
RunningMeanStd:  (248,)
fps step: 331 fps step and policy inference: 301 fps total: 194 epoch: 1/9999999999999 frames: 0
fps step: 911 fps step and policy inference: 713 fps total: 329 epoch: 2/9999999999999 frames: 512
fps step: 909 fps step and policy inference: 732 fps total: 328 epoch: 3/9999999999999 frames: 1024
fps step: 905 fps step and policy inference: 731 fps total: 330 epoch: 4/9999999999999 frames: 1536
fps step: 920 fps step and policy inference: 764 fps total: 338 epoch: 5/9999999999999 frames: 2048
fps step: 889 fps step and policy inference: 711 fps total: 325 epoch: 6/9999999999999 frames: 2560
fps step: 911 fps step and policy inference: 741 fps total: 331 epoch: 7/9999999999999 frames: 3072
fps step: 910 fps step and policy inference: 725 fps total: 330 epoch: 8/9999999999999 frames: 3584
fps step: 840 fps step and policy inference: 694 fps total: 315 epoch: 9/9999999999999 frames: 4096
fps step: 863 fps step and policy inference: 678 fps total: 318 epoch: 10/9999999999999 frames: 4608
saving next best rewards:  [3.54]
=> saving checkpoint 'runs/b_smoke__07-20-20-54-54/nn/b_smoke.pth'
fps step: 910 fps step and policy inference: 745 fps total: 331 epoch: 11/9999999999999 frames: 5120
saving next best rewards:  [3.58]
=> saving checkpoint 'runs/b_smoke__07-20-20-54-54/nn/b_smoke.pth'
fps step: 896 fps step and policy inference: 699 fps total: 322 epoch: 12/9999999999999 frames: 5632
saving next best rewards:  [3.7]
=> saving checkpoint 'runs/b_smoke__07-20-20-54-54/nn/b_smoke.pth'
fps step: 876 fps step and policy inference: 704 fps total: 325 epoch: 13/9999999999999 frames: 6144
saving next best rewards:  [3.71]
=> saving checkpoint 'runs/b_smoke__07-20-20-54-54/nn/b_smoke.pth'
fps step: 874 fps step and policy inference: 683 fps total: 324 epoch: 14/9999999999999 frames: 6656
fps step: 933 fps step and policy inference: 749 fps total: 337 epoch: 15/9999999999999 frames: 7168
fps step: 881 fps step and policy inference: 684 fps total: 319 epoch: 16/9999999999999 frames: 7680
saving next best rewards:  [3.72]
=> saving checkpoint 'runs/b_smoke__07-20-20-54-54/nn/b_smoke.pth'
fps step: 919 fps step and policy inference: 733 fps total: 333 epoch: 17/9999999999999 frames: 8192
saving next best rewards:  [3.72]
=> saving checkpoint 'runs/b_smoke__07-20-20-54-54/nn/b_smoke.pth'
fps step: 933 fps step and policy inference: 733 fps total: 334 epoch: 18/9999999999999 frames: 8704
saving next best rewards:  [3.8]
=> saving checkpoint 'runs/b_smoke__07-20-20-54-54/nn/b_smoke.pth'
fps step: 877 fps step and policy inference: 695 fps total: 320 epoch: 19/9999999999999 frames: 9216
saving next best rewards:  [3.81]
=> saving checkpoint 'runs/b_smoke__07-20-20-54-54/nn/b_smoke.pth'
fps step: 893 fps step and policy inference: 712 fps total: 327 epoch: 20/9999999999999 frames: 9728
saving next best rewards:  [3.87]
=> saving checkpoint 'runs/b_smoke__07-20-20-54-54/nn/b_smoke.pth'
fps step: 896 fps step and policy inference: 702 fps total: 322 epoch: 21/9999999999999 frames: 10240
saving next best rewards:  [3.9]
=> saving checkpoint 'runs/b_smoke__07-20-20-54-54/nn/b_smoke.pth'
fps step: 856 fps step and policy inference: 667 fps total: 312 epoch: 22/9999999999999 frames: 10752
fps step: 911 fps step and policy inference: 701 fps total: 324 epoch: 23/9999999999999 frames: 11264
fps step: 874 fps step and policy inference: 685 fps total: 319 epoch: 24/9999999999999 frames: 11776
fps step: 852 fps step and policy inference: 661 fps total: 311 epoch: 25/9999999999999 frames: 12288
fps step: 888 fps step and policy inference: 693 fps total: 319 epoch: 26/9999999999999 frames: 12800
fps step: 899 fps step and policy inference: 691 fps total: 318 epoch: 27/9999999999999 frames: 13312
fps step: 877 fps step and policy inference: 697 fps total: 318 epoch: 28/9999999999999 frames: 13824
fps step: 873 fps step and policy inference: 686 fps total: 321 epoch: 29/9999999999999 frames: 14336
fps step: 882 fps step and policy inference: 709 fps total: 322 epoch: 30/9999999999999 frames: 14848
fps step: 852 fps step and policy inference: 656 fps total: 311 epoch: 31/9999999999999 frames: 15360
fps step: 865 fps step and policy inference: 672 fps total: 314 epoch: 32/9999999999999 frames: 15872
saving next best rewards:  [3.98]
=> saving checkpoint 'runs/b_smoke__07-20-20-54-54/nn/b_smoke.pth'
fps step: 847 fps step and policy inference: 650 fps total: 312 epoch: 33/9999999999999 frames: 16384
fps step: 868 fps step and policy inference: 683 fps total: 317 epoch: 34/9999999999999 frames: 16896
saving next best rewards:  [3.99]
=> saving checkpoint 'runs/b_smoke__07-20-20-54-54/nn/b_smoke.pth'
fps step: 876 fps step and policy inference: 671 fps total: 315 epoch: 35/9999999999999 frames: 17408
saving next best rewards:  [4.04]
=> saving checkpoint 'runs/b_smoke__07-20-20-54-54/nn/b_smoke.pth'
fps step: 838 fps step and policy inference: 662 fps total: 313 epoch: 36/9999999999999 frames: 17920
fps step: 853 fps step and policy inference: 639 fps total: 308 epoch: 37/9999999999999 frames: 18432
fps step: 887 fps step and policy inference: 678 fps total: 319 epoch: 38/9999999999999 frames: 18944
saving next best rewards:  [4.04]
=> saving checkpoint 'runs/b_smoke__07-20-20-54-54/nn/b_smoke.pth'
fps step: 855 fps step and policy inference: 669 fps total: 323 epoch: 39/9999999999999 frames: 19456
saving next best rewards:  [4.15]
=> saving checkpoint 'runs/b_smoke__07-20-20-54-54/nn/b_smoke.pth'
fps step: 873 fps step and policy inference: 665 fps total: 314 epoch: 40/9999999999999 frames: 19968
fps step: 855 fps step and policy inference: 662 fps total: 315 epoch: 41/9999999999999 frames: 20480
saving next best rewards:  [4.16]
=> saving checkpoint 'runs/b_smoke__07-20-20-54-54/nn/b_smoke.pth'
fps step: 875 fps step and policy inference: 670 fps total: 317 epoch: 42/9999999999999 frames: 20992
saving next best rewards:  [4.23]
=> saving checkpoint 'runs/b_smoke__07-20-20-54-54/nn/b_smoke.pth'
fps step: 852 fps step and policy inference: 655 fps total: 311 epoch: 43/9999999999999 frames: 21504
fps step: 867 fps step and policy inference: 675 fps total: 318 epoch: 44/9999999999999 frames: 22016
saving next best rewards:  [4.29]
=> saving checkpoint 'runs/b_smoke__07-20-20-54-54/nn/b_smoke.pth'
fps step: 859 fps step and policy inference: 667 fps total: 316 epoch: 45/9999999999999 frames: 22528
fps step: 853 fps step and policy inference: 670 fps total: 317 epoch: 46/9999999999999 frames: 23040
fps step: 861 fps step and policy inference: 659 fps total: 313 epoch: 47/9999999999999 frames: 23552
fps step: 822 fps step and policy inference: 637 fps total: 308 epoch: 48/9999999999999 frames: 24064
fps step: 837 fps step and policy inference: 645 fps total: 312 epoch: 49/9999999999999 frames: 24576
fps step: 868 fps step and policy inference: 686 fps total: 321 epoch: 50/9999999999999 frames: 25088
fps step: 848 fps step and policy inference: 682 fps total: 319 epoch: 51/9999999999999 frames: 25600
fps step: 866 fps step and policy inference: 692 fps total: 322 epoch: 52/9999999999999 frames: 26112
fps step: 889 fps step and policy inference: 695 fps total: 323 epoch: 53/9999999999999 frames: 26624
fps step: 873 fps step and policy inference: 683 fps total: 317 epoch: 54/9999999999999 frames: 27136
fps step: 860 fps step and policy inference: 673 fps total: 315 epoch: 55/9999999999999 frames: 27648
fps step: 877 fps step and policy inference: 696 fps total: 324 epoch: 56/9999999999999 frames: 28160
fps step: 891 fps step and policy inference: 699 fps total: 325 epoch: 57/9999999999999 frames: 28672
fps step: 867 fps step and policy inference: 679 fps total: 317 epoch: 58/9999999999999 frames: 29184
fps step: 862 fps step and policy inference: 687 fps total: 321 epoch: 59/9999999999999 frames: 29696
fps step: 865 fps step and policy inference: 686 fps total: 319 epoch: 60/9999999999999 frames: 30208
