TODO: 37 objects, parallel=2, HQ_timeout=120s, memcap=12G, start=17:10:59
FAIL    C11001
FAIL    C10001
FAIL    O02@0011@00003
FAIL    O02@0010@00003
FAIL    O02@0013@00004
FAIL    O02@0013@00005
FAIL    O02@0015@00002
FAIL    O02@0015@00017
FAIL    O02@0015@00023
FAIL    O02@0015@00020
OK-LQ   O02@0018@00002  (-mi 150 fallback)
FAIL    O02@0015@00025
OK-LQ   O02@0019@00002  (-mi 150 fallback)
FAIL    O02@0019@00001
OK-LQ   O02@0029@00002  (-mi 150 fallback)
OK-LQ   O02@0029@00009  (-mi 150 fallback)
OK-LQ   O02@0029@00012  (-mi 150 fallback)
OK-LQ   O02@0037@00001  (-mi 150 fallback)
OK-LQ   O02@0037@00002  (-mi 150 fallback)
OK-LQ   O02@0039@00001  (-mi 150 fallback)
OK-LQ   O02@0039@00002  (-mi 150 fallback)
OK-LQ   O02@0039@00004  (-mi 150 fallback)
FAIL    O02@0044@00001
OK-LQ   O02@0044@00002  (-mi 150 fallback)
FAIL    O02@0045@00001
FAIL    O02@0045@00002
OK-LQ   O02@0053@00002  (-mi 150 fallback)
OK-LQ   O02@0047@00001  (-mi 150 fallback)
OK-LQ   O02@0054@00001  (-mi 150 fallback)
OK-LQ   O02@0060@00002  (-mi 150 fallback)
OK-LQ   O02@0203@00002  (-mi 150 fallback)
OK-LQ   O02@0080@00001  (-mi 150 fallback)
OK-LQ   O02@0205@00001  (-mi 150 fallback)
FAIL    O02@0206@00001
OK-LQ   S10001  (-mi 150 fallback)
OK-LQ   S10020  (-mi 150 fallback)
OK-LQ   S10021  (-mi 150 fallback)
COACD HYBRID DONE 18:16:20
