Importing module 'gym_38' (/home/leegyuwon/Documents/isaacgym/python/isaacgym/_bindings/linux-x86_64/gym_38.so)
Setting GYM_USD_PLUG_INFO_PATH to /home/leegyuwon/Documents/isaacgym/python/isaacgym/_bindings/linux-x86_64/usd/plugInfo.json
PyTorch version 1.13.1+cu117
Device count 1
/home/leegyuwon/Documents/isaacgym/python/isaacgym/_bindings/src/gymtorch
Using /home/leegyuwon/.cache/torch_extensions/py38_cu117 as PyTorch extensions root...
Emitting ninja build file /home/leegyuwon/.cache/torch_extensions/py38_cu117/gymtorch/build.ninja...
Building extension module gymtorch...
Allowing ninja to set a default number of workers... (overridable by setting the environment variable MAX_JOBS=N)
ninja: no work to do.
bd3b9@0    T=  633 최대이동=  1.17cm 대각범위=  1.63cm 경로합=   21.3cm
edd68@0    T=  953 최대이동=  1.64cm 대각범위=  2.39cm 경로합=   31.4cm
67084@0    T=  947 최대이동=  4.80cm 대각범위=  5.07cm 경로합=   23.9cm
29266@1    T=  525 최대이동=  0.68cm 대각범위=  1.00cm 경로합=   12.0cm
4fd8e@0    T=  554 최대이동=  4.18cm 대각범위=  5.18cm 경로합=   57.8cm
65ef0@4    T=  597 최대이동=  9.02cm 대각범위=  9.29cm 경로합=   23.9cm
86fb0@5    T=  767 최대이동= 16.10cm 대각범위= 19.88cm 경로합=   49.0cm
86fb0@10   T=  459 최대이동=  9.51cm 대각범위= 11.09cm 경로합=   20.3cm
cd0ae@1    T=  422 최대이동=  5.10cm 대각범위=  6.30cm 경로합=   17.1cm
d01e2@0    T=  671 최대이동=  3.87cm 대각범위=  4.59cm 경로합=   22.1cm
0b666@0    T=  510 최대이동= 16.89cm 대각범위= 17.53cm 경로합=   30.9cm
0b666@5    T=  413 최대이동= 19.58cm 대각범위= 22.51cm 경로합=   36.3cm
0b666@9    T=  387 최대이동= 10.76cm 대각범위= 11.18cm 경로합=   21.9cm
90724@0    T=  555 최대이동=  2.17cm 대각범위=  3.40cm 경로합=   18.9cm
a4e00@0    T=  497 최대이동=  4.38cm 대각범위=  4.93cm 경로합=   20.4cm
a4e00@3    T=  629 최대이동= 10.05cm 대각범위= 10.29cm 경로합=   23.9cm
c8881@0    T=  549 최대이동=  4.93cm 대각범위=  5.12cm 경로합=   20.7cm
70982@0    T=  589 최대이동=  6.73cm 대각범위=  8.63cm 경로합=   24.5cm
a3ff7@0    T= 1120 최대이동=  4.65cm 대각범위=  5.48cm 경로합=   26.7cm
1e305@0    T=  693 최대이동=  7.05cm 대각범위=  8.85cm 경로합=   27.6cm
733f9@0    T=  679 최대이동=  9.42cm 대각범위= 10.29cm 경로합=   34.8cm
8ec65@0    T=  479 최대이동=  6.84cm 대각범위=  9.13cm 경로합=   34.1cm
97fc3@1    T=  482 최대이동=  0.35cm 대각범위=  0.51cm 경로합=   11.9cm
97fc3@4    T=  691 최대이동=  4.26cm 대각범위=  4.62cm 경로합=   35.8cm
1c03f@0    T=  816 최대이동=  2.27cm 대각범위=  2.61cm 경로합=   17.8cm
211a2@2    T=  689 최대이동=  1.77cm 대각범위=  2.05cm 경로합=   14.2cm
2bae9@2    T=  634 최대이동=  2.07cm 대각범위=  2.98cm 경로합=   15.3cm
2bae9@17   T=  675 최대이동=  1.31cm 대각범위=  1.45cm 경로합=   14.7cm
38754@0    T=  826 최대이동=  1.44cm 대각범위=  1.75cm 경로합=   15.7cm
39e5e@1    T=  651 최대이동=  4.78cm 대각범위=  6.47cm 경로합=   22.4cm
39e5e@18   T=  591 최대이동= 27.81cm 대각범위= 30.05cm 경로합=   47.6cm
c5685@0    T=  789 최대이동=  3.86cm 대각범위=  3.90cm 경로합=   20.5cm
d4caf@0    T=  773 최대이동=  1.29cm 대각범위=  1.56cm 경로합=   16.1cm
d4caf@3    T=  685 최대이동=  0.86cm 대각범위=  0.90cm 경로합=   13.7cm
Loading extension module gymtorch...
Gym has been unmaintained since 2022 and does not support NumPy 2.0 amongst other critical functionality.
Please upgrade to Gymnasium, the maintained drop-in replacement of Gym, or contact the authors of your software and request that they upgrade.
See the migration guide at https://gymnasium.farama.org/introduction/migration_guide/ for additional information.
/home/leegyuwon/Documents/isaacgym/python/isaacgym/torch_utils.py:135: DeprecationWarning: `np.float` is a deprecated alias for the builtin `float`. To silence this warning, use `float` by itself. Doing this will not modify any behavior and is safe. If you specifically wanted the numpy scalar type, use `np.float64` here.
Deprecated in NumPy 1.20; for more details and guidance: https://numpy.org/devdocs/release/1.20.0-notes.html#deprecations
  def get_axis_params(value, axis_idx, x_value=0., dtype=np.float, n_dims=3):

=== 왼손 움직임 최소 TOP5 (최대이동 기준) ===
  97fc3@1    최대이동=0.35cm 대각범위=0.51cm 경로=11.9cm
  29266@1    최대이동=0.68cm 대각범위=1.00cm 경로=12.0cm
  d4caf@3    최대이동=0.86cm 대각범위=0.90cm 경로=13.7cm
  bd3b9@0    최대이동=1.17cm 대각범위=1.63cm 경로=21.3cm
  d4caf@0    최대이동=1.29cm 대각범위=1.56cm 경로=16.1cm
