Importing module 'gym_38' (/home/leegyuwon/Documents/isaacgym/python/isaacgym/_bindings/linux-x86_64/gym_38.so)
Setting GYM_USD_PLUG_INFO_PATH to /home/leegyuwon/Documents/isaacgym/python/isaacgym/_bindings/linux-x86_64/usd/plugInfo.json
PyTorch version 1.13.1+cu117
Device count 1
/home/leegyuwon/Documents/isaacgym/python/isaacgym/_bindings/src/gymtorch
Using /home/leegyuwon/.cache/torch_extensions/py38_cu117 as PyTorch extensions root...
Emitting ninja build file /home/leegyuwon/.cache/torch_extensions/py38_cu117/gymtorch/build.ninja...
Building extension module gymtorch...
Allowing ninja to set a default number of workers... (overridable by setting the environment variable MAX_JOBS=N)
ninja: no work to do.
Not connected to PVD
+++ Using GPU PhysX
Physics Engine: PhysX
Physics Device: cuda:0
GPU Pipeline: enabled
Loading extension module gymtorch...
Gym has been unmaintained since 2022 and does not support NumPy 2.0 amongst other critical functionality.
Please upgrade to Gymnasium, the maintained drop-in replacement of Gym, or contact the authors of your software and request that they upgrade.
See the migration guide at https://gymnasium.farama.org/introduction/migration_guide/ for additional information.
/home/leegyuwon/Documents/isaacgym/python/isaacgym/torch_utils.py:135: DeprecationWarning: `np.float` is a deprecated alias for the builtin `float`. To silence this warning, use `float` by itself. Doing this will not modify any behavior and is safe. If you specifically wanted the numpy scalar type, use `np.float64` here.
Deprecated in NumPy 1.20; for more details and guidance: https://numpy.org/devdocs/release/1.20.0-notes.html#deprecations
  def get_axis_params(value, axis_idx, x_value=0., dtype=np.float, n_dims=3):
main/dataset/mano2dexhand.py:107: DeprecationWarning: an integer is required (got type isaacgym._bindings.linux-x86_64.gym_38.DofDriveMode).  Implicit conversion to integers using __int__ is deprecated, and may be removed in a future version of Python.
  asset_options.default_dof_drive_mode = gymapi.DOF_MODE_POS
main/dataset/mano2dexhand.py:420: UserWarning: To copy construct from a tensor, it is recommended to use sourceTensor.clone().detach() or sourceTensor.clone().detach().requires_grad_(True), rather than torch.tensor(sourceTensor).
  opt_wrist_pos = torch.tensor(
main/dataset/mano2dexhand.py:426: UserWarning: To copy construct from a tensor, it is recommended to use sourceTensor.clone().detach() or sourceTensor.clone().detach().requires_grad_(True), rather than torch.tensor(sourceTensor).
  opt_wrist_rot = torch.tensor(
[init] 관절 초기값 override: {'joint_1_2': -1.0, 'joint_2_1': 0.0, 'joint_2_2': 0.419, 'joint_2_3': 0.419, 'joint_2_4': 0.419, 'joint_3_1': 0.0, 'joint_3_2': 0.419, 'joint_3_3': 0.419, 'joint_3_4': 0.419, 'joint_4_1': 0.0, 'joint_4_2': 0.419, 'joint_4_3': 0.419, 'joint_4_4': 0.419, 'joint_5_1': 0.0, 'joint_5_2': 0.419, 'joint_5_3': 0.419, 'joint_5_4': 0.419}
100 0.2661517858505249
200 0.12295444309711456
300 0.06257825344800949
400 0.0518171489238739
500 0.04297320917248726
600 0.03533780574798584
700 0.029577216133475304
800 0.026637030765414238
900 0.025632966309785843
1000 0.02505357563495636
1100 0.024677105247974396
1200 0.024440035223960876
1300 0.024254536256194115
1400 0.024088488891720772
1500 0.023937780410051346
1600 0.023797739297151566
1700 0.02366655133664608
1800 0.023543821647763252
1900 0.023428628221154213
2000 0.023320361971855164
2100 0.0232190303504467
2200 0.023123828694224358
2300 0.023036189377307892
2400 0.022955769672989845
2500 0.022881226614117622
2600 0.022813953459262848
2700 0.0227534007281065
2800 0.022708512842655182
2900 0.022672628983855247
3000 0.022645335644483566
3100 0.022621819749474525
3200 0.022602364420890808
3300 0.02258584462106228
3400 0.022571517154574394
3500 0.022559218108654022
3600 0.022548023611307144
3700 0.022538181394338608
