Importing module 'gym_38' (/home/leegyuwon/Documents/isaacgym/python/isaacgym/_bindings/linux-x86_64/gym_38.so)
Setting GYM_USD_PLUG_INFO_PATH to /home/leegyuwon/Documents/isaacgym/python/isaacgym/_bindings/linux-x86_64/usd/plugInfo.json
PyTorch version 1.13.1+cu117
Device count 1
/home/leegyuwon/Documents/isaacgym/python/isaacgym/_bindings/src/gymtorch
Using /home/leegyuwon/.cache/torch_extensions/py38_cu117 as PyTorch extensions root...
Emitting ninja build file /home/leegyuwon/.cache/torch_extensions/py38_cu117/gymtorch/build.ninja...
Building extension module gymtorch...
Allowing ninja to set a default number of workers... (overridable by setting the environment variable MAX_JOBS=N)
ninja: no work to do.
Not connected to PVD
+++ Using GPU PhysX
Physics Engine: PhysX
Physics Device: cuda:0
GPU Pipeline: enabled
Loading extension module gymtorch...
Gym has been unmaintained since 2022 and does not support NumPy 2.0 amongst other critical functionality.
Please upgrade to Gymnasium, the maintained drop-in replacement of Gym, or contact the authors of your software and request that they upgrade.
See the migration guide at https://gymnasium.farama.org/introduction/migration_guide/ for additional information.
/home/leegyuwon/Documents/isaacgym/python/isaacgym/torch_utils.py:135: DeprecationWarning: `np.float` is a deprecated alias for the builtin `float`. To silence this warning, use `float` by itself. Doing this will not modify any behavior and is safe. If you specifically wanted the numpy scalar type, use `np.float64` here.
Deprecated in NumPy 1.20; for more details and guidance: https://numpy.org/devdocs/release/1.20.0-notes.html#deprecations
  def get_axis_params(value, axis_idx, x_value=0., dtype=np.float, n_dims=3):
main/dataset/mano2dexhand.py:106: DeprecationWarning: an integer is required (got type isaacgym._bindings.linux-x86_64.gym_38.DofDriveMode).  Implicit conversion to integers using __int__ is deprecated, and may be removed in a future version of Python.
  asset_options.default_dof_drive_mode = gymapi.DOF_MODE_POS
main/dataset/mano2dexhand.py:331: UserWarning: To copy construct from a tensor, it is recommended to use sourceTensor.clone().detach() or sourceTensor.clone().detach().requires_grad_(True), rather than torch.tensor(sourceTensor).
  opt_wrist_pos = torch.tensor(
main/dataset/mano2dexhand.py:337: UserWarning: To copy construct from a tensor, it is recommended to use sourceTensor.clone().detach() or sourceTensor.clone().detach().requires_grad_(True), rather than torch.tensor(sourceTensor).
  opt_wrist_rot = torch.tensor(
100 0.2350994348526001
200 0.11505067348480225
300 0.06938695162534714
400 0.06555526703596115
500 0.0626482218503952
600 0.0599525012075901
700 0.0573209673166275
800 0.0547369122505188
900 0.05219780653715134
1000 0.04971912130713463
1100 0.04732215031981468
1200 0.045042961835861206
1300 0.04291718453168869
1400 0.04098481312394142
1500 0.039297111332416534
1600 0.03788379207253456
1700 0.036721378564834595
1800 0.035763997584581375
1900 0.03495323285460472
2000 0.03423633798956871
2100 0.03358061984181404
2200 0.03296755999326706
2300 0.03238112851977348
2400 0.03181647136807442
2500 0.031275615096092224
2600 0.03075127676129341
2700 0.030245117843151093
2800 0.029758471995592117
2900 0.029288634657859802
3000 0.028835969045758247
3100 0.028406016528606415
3200 0.027993924915790558
3300 0.027619170024991035
3400 0.0273053590208292
3500 0.027022745460271835
3600 0.026760991662740707
3700 0.0265191737562418
3800 0.02629285492002964
3900 0.02608777955174446
4000 0.02591054141521454
