Importing module 'gym_38' (/home/leegyuwon/Documents/isaacgym/python/isaacgym/_bindings/linux-x86_64/gym_38.so)
Setting GYM_USD_PLUG_INFO_PATH to /home/leegyuwon/Documents/isaacgym/python/isaacgym/_bindings/linux-x86_64/usd/plugInfo.json
PyTorch version 1.13.1+cu117
Device count 1
/home/leegyuwon/Documents/isaacgym/python/isaacgym/_bindings/src/gymtorch
Using /home/leegyuwon/.cache/torch_extensions/py38_cu117 as PyTorch extensions root...
Emitting ninja build file /home/leegyuwon/.cache/torch_extensions/py38_cu117/gymtorch/build.ninja...
Building extension module gymtorch...
Allowing ninja to set a default number of workers... (overridable by setting the environment variable MAX_JOBS=N)
ninja: no work to do.
Not connected to PVD
+++ Using GPU PhysX
Physics Engine: PhysX
Physics Device: cuda:0
GPU Pipeline: enabled
Loading extension module gymtorch...
Gym has been unmaintained since 2022 and does not support NumPy 2.0 amongst other critical functionality.
Please upgrade to Gymnasium, the maintained drop-in replacement of Gym, or contact the authors of your software and request that they upgrade.
See the migration guide at https://gymnasium.farama.org/introduction/migration_guide/ for additional information.
/home/leegyuwon/Documents/isaacgym/python/isaacgym/torch_utils.py:135: DeprecationWarning: `np.float` is a deprecated alias for the builtin `float`. To silence this warning, use `float` by itself. Doing this will not modify any behavior and is safe. If you specifically wanted the numpy scalar type, use `np.float64` here.
Deprecated in NumPy 1.20; for more details and guidance: https://numpy.org/devdocs/release/1.20.0-notes.html#deprecations
  def get_axis_params(value, axis_idx, x_value=0., dtype=np.float, n_dims=3):
main/dataset/mano2dexhand.py:107: DeprecationWarning: an integer is required (got type isaacgym._bindings.linux-x86_64.gym_38.DofDriveMode).  Implicit conversion to integers using __int__ is deprecated, and may be removed in a future version of Python.
  asset_options.default_dof_drive_mode = gymapi.DOF_MODE_POS
main/dataset/mano2dexhand.py:420: UserWarning: To copy construct from a tensor, it is recommended to use sourceTensor.clone().detach() or sourceTensor.clone().detach().requires_grad_(True), rather than torch.tensor(sourceTensor).
  opt_wrist_pos = torch.tensor(
main/dataset/mano2dexhand.py:426: UserWarning: To copy construct from a tensor, it is recommended to use sourceTensor.clone().detach() or sourceTensor.clone().detach().requires_grad_(True), rather than torch.tensor(sourceTensor).
  opt_wrist_rot = torch.tensor(
[init] 관절 초기값 override: {'joint_1_2': -1.0, 'joint_2_1': 0.0, 'joint_2_2': 0.419, 'joint_2_3': 0.419, 'joint_2_4': 0.419, 'joint_3_1': 0.0, 'joint_3_2': 0.419, 'joint_3_3': 0.419, 'joint_3_4': 0.419, 'joint_4_1': 0.0, 'joint_4_2': 0.419, 'joint_4_3': 0.419, 'joint_4_4': 0.419, 'joint_5_1': 0.0, 'joint_5_2': 0.419, 'joint_5_3': 0.419, 'joint_5_4': 0.419}
100 0.2372317910194397
200 0.07655664533376694
300 0.06902304291725159
400 0.06205306947231293
500 0.0553617924451828
600 0.04987211525440216
700 0.04579735919833183
800 0.04273660108447075
900 0.04041004180908203
1000 0.03865717351436615
1100 0.037426892668008804
1200 0.03654378280043602
1300 0.03585821017622948
1400 0.035305045545101166
1500 0.03482925146818161
1600 0.03440448269248009
1700 0.03401127830147743
1800 0.03364395722746849
1900 0.033303529024124146
2000 0.033021871000528336
2100 0.03278385475277901
2200 0.032578662037849426
2300 0.032394539564847946
2400 0.03223045915365219
2500 0.0321233756840229
2600 0.03204686567187309
2700 0.03197766840457916
2800 0.031912337988615036
2900 0.031849995255470276
3000 0.031788185238838196
3100 0.03172745183110237
3200 0.03166862577199936
3300 0.03161210939288139
3400 0.03155762329697609
3500 0.031507477164268494
3600 0.03145363926887512
3700 0.03140520676970482
3800 0.03135582059621811
3900 0.031311649829149246
4000 0.0312715582549572
