Stage-2: idx=29266@1, base=runs/dg5fs_imitator_rh_B__07-20-21-00-14/nn/dg5fs_imitator_rh_B.pth, num_envs=16, exp=dg5fs_smoke_body
Importing module 'gym_38' (/home/leegyuwon/Documents/isaacgym/python/isaacgym/_bindings/linux-x86_64/gym_38.so)
Setting GYM_USD_PLUG_INFO_PATH to /home/leegyuwon/Documents/isaacgym/python/isaacgym/_bindings/linux-x86_64/usd/plugInfo.json
PyTorch version 1.13.1+cu117
Device count 1
/home/leegyuwon/Documents/isaacgym/python/isaacgym/_bindings/src/gymtorch
/home/leegyuwon/Documents/miniconda3/envs/maniptrans/lib/python3.8/site-packages/hydra/_internal/hydra.py:119: UserWarning: Future Hydra versions will no longer change working directory at job runtime by default.
See https://hydra.cc/docs/1.2/upgrades/1.1_to_1.2/changes_to_job_working_dir/ for more information.
  ret = run_job(
Gym has been unmaintained since 2022 and does not support NumPy 2.0 amongst other critical functionality.
Please upgrade to Gymnasium, the maintained drop-in replacement of Gym, or contact the authors of your software and request that they upgrade.
See the migration guide at https://gymnasium.farama.org/introduction/migration_guide/ for additional information.
/home/leegyuwon/Documents/miniconda3/envs/maniptrans/lib/python3.8/site-packages/torch/utils/cpp_extension.py:25: DeprecationWarning: pkg_resources is deprecated as an API. See https://setuptools.pypa.io/en/latest/pkg_resources.html
  from pkg_resources import packaging  # type: ignore[attr-defined]
/home/leegyuwon/Documents/miniconda3/envs/maniptrans/lib/python3.8/site-packages/pkg_resources/__init__.py:3154: DeprecationWarning: Deprecated call to `pkg_resources.declare_namespace('mpl_toolkits')`.
Implementing implicit namespace packages (as specified in PEP 420) is preferred to `pkg_resources.declare_namespace`. See https://setuptools.pypa.io/en/latest/references/keywords.html#keyword-namespace-packages
  declare_namespace(pkg)
/home/leegyuwon/Documents/miniconda3/envs/maniptrans/lib/python3.8/site-packages/pkg_resources/__init__.py:3154: DeprecationWarning: Deprecated call to `pkg_resources.declare_namespace('google')`.
Implementing implicit namespace packages (as specified in PEP 420) is preferred to `pkg_resources.declare_namespace`. See https://setuptools.pypa.io/en/latest/references/keywords.html#keyword-namespace-packages
  declare_namespace(pkg)
Using /home/leegyuwon/.cache/torch_extensions/py38_cu117 as PyTorch extensions root...
Emitting ninja build file /home/leegyuwon/.cache/torch_extensions/py38_cu117/gymtorch/build.ninja...
Building extension module gymtorch...
Allowing ninja to set a default number of workers... (overridable by setting the environment variable MAX_JOBS=N)
ninja: no work to do.
task: 
    name: ResDexHandRH
    physics_engine: physx
    seed: 42
    env: 
        numEnvs: 16
        dexhand: dg5fs
        episodeLength: 1200
        training: True
        usePIDControl: True
        rolloutStateInit: False
        randomStateInit: True
        dataIndices: ['29266@1']
        obsFutureLength: 1
        rolloutLen: None
        rolloutBegin: None
        clipObservations: 5.0
        clipActions: 1.0
        furniture: just_one_leg
        frankaDofNoise: 0.25
        targetLiftHeight: 0.05
        distanceReward: 0.1
        liftReward: 1.0
        successReward: 1.0
        aggregateMode: 3
        tightenMethod: exp_decay
        tightenFactor: 0.7
        tightenSteps: 3200
        actionScale: 1.0
        useQuatRot: False
        propDumpInfo: 
            q_rh: 20
            q_lh: 20
            dq_rh: 20
            dq_lh: 20
            state_rh: 13
            state_lh: 13
            state_manip_obj_rh: 13
            state_manip_obj_lh: 13
            joint_state_rh: 338
            joint_state_lh: 338
            tip_force_rh: 15
            tip_force_lh: 15
            reward: 1
        actionsMovingAverage: 0.4
        translationScale: 1.0
        orientationScale: 0.1
        bimanual_mode: united
        propObsDim: 73
        obsKeys: ['q', 'cos_q', 'sin_q', 'base_state']
        privilegedObsDim: 57
        privilegedObsKeys: ['dq', 'manip_obj_pos', 'manip_obj_quat', 'manip_obj_vel', 'manip_obj_ang_vel', 'tip_force', 'manip_obj_com', 'manip_obj_weight']
        enableCameraSensors: False
    sim: 
        dt: 0.0166667
        substeps: 2
        up_axis: z
        use_gpu_pipeline: True
        gravity: [0.0, 0.0, -9.81]
        physx: 
            num_threads: 4
            solver_type: 1
            use_gpu: True
            num_position_iterations: 8
            num_velocity_iterations: 1
            contact_offset: 0.005
            rest_offset: 0.0
            bounce_threshold_velocity: 0.2
            max_depenetration_velocity: 1000.0
            default_buffer_size_multiplier: 5.0
            max_gpu_contact_pairs: 1048576
            num_subscenes: 4
            contact_collection: 1
    task: 
        randomize: True
        randomization_params: 
            frequency: 32
            sim_params: 
                gravity: 
                    operation: scaling
                    schedule: linear_decay
                    schedule_steps: 1920
                    external_sample: 
                        type: const_scale
                        init_value: 0
            actor_params: 
                manip_obj: 
                    color: True
                    rigid_shape_properties: 
                        friction: 
                            num_buckets: 250
                            operation: scaling
                            schedule: linear_decay
                            schedule_steps: 1920
                            external_sample: 
                                type: const_scale
                                init_value: 3
                                upper_bound: 6.0
                                lower_bound: 1.0
                manip_obj_rh: 
                    color: True
                    rigid_shape_properties: 
                        friction: 
                            num_buckets: 250
                            operation: scaling
                            schedule: linear_decay
                            schedule_steps: 1920
                            external_sample: 
                                type: const_scale
                                init_value: 3
                                upper_bound: 6.0
                                lower_bound: 1.0
                manip_obj_lh: 
                    color: True
                    rigid_shape_properties: 
                        friction: 
                            num_buckets: 250
                            operation: scaling
                            schedule: linear_decay
                            schedule_steps: 1920
                            external_sample: 
                                type: const_scale
                                init_value: 3
                                upper_bound: 6.0
                                lower_bound: 1.0
rl_train: 
    params: 
        seed: 42
        algo: 
            name: ppo
        model: 
            name: res_rh_my_continuous_a2c_logstd
            base_model_obs_shape: 
                privileged: 20
                proprioception: 73
                target: 248
            rh_base_model_checkpoint: runs/dg5fs_imitator_rh_B__07-20-21-00-14/nn/dg5fs_imitator_rh_B.pth
            lh_base_model_checkpoint: runs/dg5fs_imitator_rh_B__07-20-21-00-14/nn/dg5fs_imitator_rh_B.pth
        network: 
            name: res_rh_dict_obs_actor_critic
            separate: False
            space: 
                continuous: 
                    mu_activation: None
                    sigma_activation: None
                    mu_init: 
                        name: glorot_normal_initializer
                        gain: 0.01
                    sigma_init: 
                        name: const_initializer
                        val: -1
                    fixed_sigma: True
            dict_feature_encoder: 
                _target_: lib.nn.features.SimpleFeatureFusion
                extractors: 
                    privileged: 
                        _target_: lib.nn.features.Identity
                        input_dim: 57
                    proprioception: 
                        _target_: lib.nn.features.Identity
                        input_dim: 73
                    target: 
                        _target_: lib.nn.features.Identity
                        input_dim: 430
                hidden_depth: 3
                hidden_dim: 512
                output_dim: 256
                activation: swish
                add_input_activation: False
                add_output_activation: False
            mlp: 
                units: [256, 512, 128, 64]
                activation: elu
                d2rl: False
                initializer: 
                    name: default
                regularizer: 
                    name: None
            base_model: 
                name: dict_obs_actor_critic
                rh_checkpoint: runs/dg5fs_imitator_rh_B__07-20-21-00-14/nn/dg5fs_imitator_rh_B.pth
                lh_checkpoint: runs/dg5fs_imitator_rh_B__07-20-21-00-14/nn/dg5fs_imitator_rh_B.pth
                separate: False
                action_size: 26
                space: 
                    continuous: 
                        mu_activation: None
                        sigma_activation: None
                        mu_init: 
                            name: default
                        sigma_init: 
                            name: const_initializer
                            val: 0
                        fixed_sigma: True
                dict_feature_encoder: 
                    _target_: lib.nn.features.SimpleFeatureFusion
                    extractors: 
                        privileged: 
                            _target_: lib.nn.features.Identity
                            input_dim: 20
                        proprioception: 
                            _target_: lib.nn.features.Identity
                            input_dim: 73
                        target: 
                            _target_: lib.nn.features.Identity
                            input_dim: 248
                    hidden_depth: 3
                    hidden_dim: 512
                    output_dim: 256
                    activation: swish
                    add_input_activation: False
                    add_output_activation: False
                mlp: 
                    units: [256, 512, 128, 64]
                    activation: elu
                    d2rl: False
                    initializer: 
                        name: default
                    regularizer: 
                        name: None
        load_checkpoint: False
        load_path: 
        rh_base_model_checkpoint: [Warning] [carb.gym.plugin] useGpu is set, forcing single scene (0 subscenes)
Not connected to PVD
+++ Using GPU PhysX
Physics Engine: PhysX
Physics Device: cuda:0
GPU Pipeline: enabled
Loading extension module gymtorch...
/home/leegyuwon/Documents/isaacgym/python/isaacgym/torch_utils.py:135: DeprecationWarning: `np.float` is a deprecated alias for the builtin `float`. To silence this warning, use `float` by itself. Doing this will not modify any behavior and is safe. If you specifically wanted the numpy scalar type, use `np.float64` here.
Deprecated in NumPy 1.20; for more details and guidance: https://numpy.org/devdocs/release/1.20.0-notes.html#deprecations
  def get_axis_params(value, axis_idx, x_value=0., dtype=np.float, n_dims=3):
/home/leegyuwon/Documents/miniconda3/envs/maniptrans/lib/python3.8/site-packages/networkx/classes/graph.py:23: DeprecationWarning: Using or importing the ABCs from 'collections' instead of from 'collections.abc' is deprecated since Python 3.3, and in 3.10 it will stop working
  from collections import Mapping
/home/leegyuwon/Documents/miniconda3/envs/maniptrans/lib/python3.8/site-packages/networkx/classes/reportviews.py:95: DeprecationWarning: Using or importing the ABCs from 'collections' instead of from 'collections.abc' is deprecated since Python 3.3, and in 3.10 it will stop working
  from collections import Mapping, Set, Iterable
/home/leegyuwon/Documents/miniconda3/envs/maniptrans/lib/python3.8/site-packages/networkx/readwrite/graphml.py:346: DeprecationWarning: `np.int` is a deprecated alias for the builtin `int`. To silence this warning, use `int` by itself. Doing this will not modify any behavior and is safe. When replacing `np.int`, you may wish to use e.g. `np.int64` or `np.int32` to specify the precision. If you wish to review your current use, check the release note link for additional information.
Deprecated in NumPy 1.20; for more details and guidance: https://numpy.org/devdocs/release/1.20.0-notes.html#deprecations
  (np.int, "int"), (np.int8, "int"),
/home/leegyuwon/Documents/miniconda3/envs/maniptrans/lib/python3.8/site-packages/wandb/util.py:116: SentryHubDeprecationWarning: `sentry_sdk.Hub` is deprecated and will be removed in a future major release. Please consult our 1.x to 2.x migration guide for details on how to migrate `Hub` usage to the new API: https://docs.sentry.io/platforms/python/migration/1.x-to-2.x
  sentry_hub = sentry_sdk.Hub(sentry_client)
/home/leegyuwon/Documents/miniconda3/envs/maniptrans/lib/python3.8/site-packages/torch/utils/tensorboard/__init__.py:4: DeprecationWarning: distutils Version classes are deprecated. Use packaging.version instead.
  if not hasattr(tensorboard, "__version__") or LooseVersion(
/home/leegyuwon/Documents/miniconda3/envs/maniptrans/lib/python3.8/site-packages/gym/spaces/box.py:84: UserWarning: [33mWARN: Box bound precision lowered by casting to float32[0m
  logger.warn(f"Box bound precision lowered by casting to {self.dtype}")
/home/leegyuwon/Documents/ManipTrans/maniptrans_envs/lib/envs/tasks/dexhandmanip_sh.py:273: DeprecationWarning: an integer is required (got type isaacgym._bindings.linux-x86_64.gym_38.DofDriveMode).  Implicit conversion to integers using __int__ is deprecated, and may be removed in a future version of Python.
  asset_options.default_dof_drive_mode = gymapi.DOF_MODE_POS
runs/dg5fs_imitator_rh_B__07-20-21-00-14/nn/dg5fs_imitator_rh_B.pth
        lh_base_model_checkpoint: runs/dg5fs_imitator_rh_B__07-20-21-00-14/nn/dg5fs_imitator_rh_B.pth
        dexhand: dg5fs
        base_privileged_dim: 20
        base_proprioception_dim: 73
        base_target_dim: 248
        config: 
            name: dg5fs_smoke_body
            full_experiment_name: dg5fs_smoke_body
            env_name: rlgpu
            multi_gpu: False
            ppo: True
            mixed_precision: False
            normalize_input: True
            normalize_input_excluded_keys: []
            normalize_value: True
            use_pid_control: True
            value_bootstrap: True
            num_actors: 16
            reward_shaper: 
                scale_value: 1.0
            normalize_advantage: True
            gamma: 0.99
            tau: 0.95
            learning_rate: 0.0002
            lr_schedule: warmup
            warmup_steps: 10
            schedule_type: standard
            kl_threshold: 0.008
            score_to_win: 10000
            max_epochs: 15
            early_stop_epochs: 15
            save_best_after: 2
            save_frequency: 100
            print_stats: True
            grad_norm: 1.0
            entropy_coef: 0.0
            truncate_grads: True
            e_clip: 0.2
            horizon_length: 32
            minibatch_size: 1024
            mini_epochs: 5
            critic_coef: 4
            clip_value: True
            seq_len: 4
            bounds_loss_coef: 0.0001
            use_soft_clamp: True
            mix_ratio: 0.5
task_name: ResDexHandRH
experiment: dg5fs_smoke_body
side: RH
bimanual_mode: united
dexhand: dg5fs
rh_base_model_checkpoint: runs/dg5fs_imitator_rh_B__07-20-21-00-14/nn/dg5fs_imitator_rh_B.pth
lh_base_model_checkpoint: runs/dg5fs_imitator_rh_B__07-20-21-00-14/nn/dg5fs_imitator_rh_B.pth
num_envs: 16
rolloutStateInit: False
randomStateInit: True
rolloutLen: None
rolloutBegin: None
learning_rate: 0.0002
actionsMovingAverage: 0.4
usePIDControl: True
dataIndices: ['29266@1']
seed: 42
torch_deterministic: False
max_iterations: 15
early_stop_epochs: 15
physics_engine: physx
pipeline: gpu
sim_device: cuda:0
rl_device: cuda:0
graphics_device_id: 0
num_threads: 4
solver_type: 1
num_subscenes: 4
test: False
save_rollouts: False
save_successful_rollouts_only: True
num_rollouts_to_save: 20000
num_rollouts_to_run: 9999999999999
min_episode_length: 20
checkpoint: 
from_ckpt_epoch: False
sigma: 
multi_gpu: False
wandb_activate: False
wandb_group: 
wandb_name: dg5fs_smoke_body
wandb_entity: None
wandb_project: None
wandb_tags: []
wandb_logcode_dir: 
capture_video: False
n_parallel_recorders: 8
n_successful_videos_to_record: 50
display: False
headless: True
Setting seed: 42
Using rl_device: cuda:0
Using sim_device: cuda:0
{'name': 'dg5fs_smoke_body', 'full_experiment_name': None, 'env_name': 'rlgpu', 'multi_gpu': False, 'ppo': True, 'mixed_precision': False, 'normalize_input': True, 'normalize_input_excluded_keys': [], 'normalize_value': True, 'use_pid_control': True, 'value_bootstrap': True, 'num_actors': 16, 'reward_shaper': {'scale_value': 1.0}, 'normalize_advantage': True, 'gamma': 0.99, 'tau': 0.95, 'learning_rate': 0.0002, 'lr_schedule': 'warmup', 'warmup_steps': 10, 'schedule_type': 'standard', 'kl_threshold': 0.008, 'score_to_win': 10000, 'max_epochs': 15, 'early_stop_epochs': 15, 'save_best_after': 2, 'save_frequency': 100, 'print_stats': True, 'grad_norm': 1.0, 'entropy_coef': 0.0, 'truncate_grads': True, 'e_clip': 0.2, 'horizon_length': 32, 'minibatch_size': 1024, 'mini_epochs': 5, 'critic_coef': 4, 'clip_value': True, 'seq_len': 4, 'bounds_loss_coef': 0.0001, 'use_soft_clamp': True, 'mix_ratio': 0.5, 'device': 'cuda:0', 'population_based_training': False, 'pbt_idx': None}
self.seed = 42
Started to train
Exact experiment name requested from command line: dg5fs_smoke_body__07-21-16-33-06
Num dexhand Bodies: 26
Num dexhand DOFs: 20
  0%|          | 0/16 [00:00<?, ?it/s]  6%|▋         | 1/16 [00:16<04:01, 16.12s/it]100%|██████████| 16/16 [00:16<00:00,  1.01s/it]
/home/leegyuwon/Documents/ManipTrans/maniptrans_envs/lib/envs/tasks/dexhandmanip_sh.py:182: UserWarning: To copy construct from a tensor, it is recommended to use sourceTensor.clone().detach() or sourceTensor.clone().detach().requires_grad_(True), rather than torch.tensor(sourceTensor).
  self.dexhand_default_dof_pos = torch.tensor(default_pose, device=self.sim_device)
Error executing job with overrides: ['task=ResDexHand', 'dexhand=dg5fs', 'side=RH', 'headless=true', 'num_envs=16', 'learning_rate=2e-4', 'randomStateInit=true', 'usePIDControl=True', 'actionsMovingAverage=0.4', 'max_iterations=15', 'early_stop_epochs=15', 'rh_base_model_checkpoint=runs/dg5fs_imitator_rh_B__07-20-21-00-14/nn/dg5fs_imitator_rh_B.pth', 'lh_base_model_checkpoint=runs/dg5fs_imitator_rh_B__07-20-21-00-14/nn/dg5fs_imitator_rh_B.pth', 'dataIndices=[29266@1]', 'experiment=dg5fs_smoke_body']
Traceback (most recent call last):
  File "main/rl/train.py", line 231, in launch_rlg_hydra
    runner.run(
  File "/home/leegyuwon/Documents/miniconda3/envs/maniptrans/lib/python3.8/site-packages/rl_games/torch_runner.py", line 133, in run
    self.run_train(args)
  File "/home/leegyuwon/Documents/ManipTrans/lib/rl/runner.py", line 27, in run_train
    agent.train()
  File "/home/leegyuwon/Documents/ManipTrans/lib/rl/base.py", line 1450, in train
    slope, _, _, _, _ = linregress(
  File "/home/leegyuwon/Documents/miniconda3/envs/maniptrans/lib/python3.8/site-packages/scipy/stats/_stats_mstats_common.py", line 167, in linregress
    ssxm, ssxym, _, ssym = np.cov(x, y, bias=1).flat
  File "<__array_function__ internals>", line 180, in cov
  File "/home/leegyuwon/Documents/miniconda3/envs/maniptrans/lib/python3.8/site-packages/numpy/lib/function_base.py", line 2639, in cov
    X = np.concatenate((X, y), axis=0)
  File "<__array_function__ internals>", line 180, in concatenate
ValueError: all the input array dimensions for the concatenation axis must match exactly, but along dimension 1, the array at index 0 has size 32 and the array at index 1 has size 15

Set the environment variable HYDRA_FULL_ERROR=1 for a complete stack trace.
[imitate_retarget] Stage-2 손 타겟 = 리타겟 결과(opt_*) (B방식, 물체 궤적은 원본)
WARNING: seq_len is deprecated, use seq_length instead
seq_length: 4
current training device: cuda:0
build mlp: 285
build mlp: 256
RunningMeanStd:  (1,)
RunningMeanStd:  (57,)
RunningMeanStd:  (73,)
RunningMeanStd:  (430,)
RunningMeanStd:  (1,)
RunningMeanStd:  (20,)
RunningMeanStd:  (73,)
RunningMeanStd:  (248,)
fps step: 248 fps step and policy inference: 211 fps total: 139 epoch: 1/15 frames: 0
fps step: 523 fps step and policy inference: 395 fps total: 198 epoch: 2/15 frames: 512
saving next best rewards:  [58.]
=> saving checkpoint 'runs/dg5fs_smoke_body__07-21-16-33-06/nn/dg5fs_smoke_body.pth'
fps step: 520 fps step and policy inference: 403 fps total: 201 epoch: 3/15 frames: 1024
saving next best rewards:  [60.28]
=> saving checkpoint 'runs/dg5fs_smoke_body__07-21-16-33-06/nn/dg5fs_smoke_body.pth'
fps step: 529 fps step and policy inference: 394 fps total: 199 epoch: 4/15 frames: 1536
fps step: 519 fps step and policy inference: 392 fps total: 199 epoch: 5/15 frames: 2048
fps step: 511 fps step and policy inference: 382 fps total: 196 epoch: 6/15 frames: 2560
fps step: 483 fps step and policy inference: 353 fps total: 187 epoch: 7/15 frames: 3072
fps step: 501 fps step and policy inference: 382 fps total: 192 epoch: 8/15 frames: 3584
fps step: 516 fps step and policy inference: 397 fps total: 200 epoch: 9/15 frames: 4096
saving next best rewards:  [62.87]
=> saving checkpoint 'runs/dg5fs_smoke_body__07-21-16-33-06/nn/dg5fs_smoke_body.pth'
fps step: 502 fps step and policy inference: 385 fps total: 197 epoch: 10/15 frames: 4608
saving next best rewards:  [63.56]
=> saving checkpoint 'runs/dg5fs_smoke_body__07-21-16-33-06/nn/dg5fs_smoke_body.pth'
fps step: 494 fps step and policy inference: 380 fps total: 193 epoch: 11/15 frames: 5120
fps step: 500 fps step and policy inference: 370 fps total: 191 epoch: 12/15 frames: 5632
fps step: 503 fps step and policy inference: 389 fps total: 191 epoch: 13/15 frames: 6144
fps step: 514 fps step and policy inference: 381 fps total: 196 epoch: 14/15 frames: 6656
fps step: 513 fps step and policy inference: 380 fps total: 196 epoch: 15/15 frames: 7168
Using VHACD cache directory '/home/leegyuwon/.isaacgym/vhacd'
Started convex decomposition for mesh 'data/OakInk-v2/coacd_object_preview/align_ds/O02@0015@00004/scan.ply'
Finished convex decomposition for mesh 'data/OakInk-v2/coacd_object_preview/align_ds/O02@0015@00004/scan.ply': 17 hulls
Started convex decomposition for mesh 'data/OakInk-v2/coacd_object_preview/align_ds/O02@0015@00005/scan.ply'
Finished convex decomposition for mesh 'data/OakInk-v2/coacd_object_preview/align_ds/O02@0015@00005/scan.ply': 1 hulls
