Stage-2: idx=29266@1, base=runs/dg5fs_imitator_rh_B__07-20-21-00-14/nn/dg5fs_imitator_rh_B.pth, num_envs=16, exp=dg5fs_smoke_unscrew
Importing module 'gym_38' (/home/leegyuwon/Documents/isaacgym/python/isaacgym/_bindings/linux-x86_64/gym_38.so)
Setting GYM_USD_PLUG_INFO_PATH to /home/leegyuwon/Documents/isaacgym/python/isaacgym/_bindings/linux-x86_64/usd/plugInfo.json
PyTorch version 1.13.1+cu117
Device count 1
/home/leegyuwon/Documents/isaacgym/python/isaacgym/_bindings/src/gymtorch
/home/leegyuwon/Documents/miniconda3/envs/maniptrans/lib/python3.8/site-packages/hydra/_internal/hydra.py:119: UserWarning: Future Hydra versions will no longer change working directory at job runtime by default.
See https://hydra.cc/docs/1.2/upgrades/1.1_to_1.2/changes_to_job_working_dir/ for more information.
  ret = run_job(
Gym has been unmaintained since 2022 and does not support NumPy 2.0 amongst other critical functionality.
Please upgrade to Gymnasium, the maintained drop-in replacement of Gym, or contact the authors of your software and request that they upgrade.
See the migration guide at https://gymnasium.farama.org/introduction/migration_guide/ for additional information.
/home/leegyuwon/Documents/miniconda3/envs/maniptrans/lib/python3.8/site-packages/torch/utils/cpp_extension.py:25: DeprecationWarning: pkg_resources is deprecated as an API. See https://setuptools.pypa.io/en/latest/pkg_resources.html
  from pkg_resources import packaging  # type: ignore[attr-defined]
/home/leegyuwon/Documents/miniconda3/envs/maniptrans/lib/python3.8/site-packages/pkg_resources/__init__.py:3154: DeprecationWarning: Deprecated call to `pkg_resources.declare_namespace('mpl_toolkits')`.
Implementing implicit namespace packages (as specified in PEP 420) is preferred to `pkg_resources.declare_namespace`. See https://setuptools.pypa.io/en/latest/references/keywords.html#keyword-namespace-packages
  declare_namespace(pkg)
/home/leegyuwon/Documents/miniconda3/envs/maniptrans/lib/python3.8/site-packages/pkg_resources/__init__.py:3154: DeprecationWarning: Deprecated call to `pkg_resources.declare_namespace('google')`.
Implementing implicit namespace packages (as specified in PEP 420) is preferred to `pkg_resources.declare_namespace`. See https://setuptools.pypa.io/en/latest/references/keywords.html#keyword-namespace-packages
  declare_namespace(pkg)
Using /home/leegyuwon/.cache/torch_extensions/py38_cu117 as PyTorch extensions root...
Emitting ninja build file /home/leegyuwon/.cache/torch_extensions/py38_cu117/gymtorch/build.ninja...
Building extension module gymtorch...
Allowing ninja to set a default number of workers... (overridable by setting the environment variable MAX_JOBS=N)
ninja: no work to do.
task: 
    name: ResDexHandRH
    physics_engine: physx
    seed: 42
    env: 
        numEnvs: 16
        dexhand: dg5fs
        episodeLength: 1200
        training: True
        usePIDControl: True
        rolloutStateInit: False
        randomStateInit: True
        dataIndices: ['29266@1']
        obsFutureLength: 1
        rolloutLen: None
        rolloutBegin: None
        clipObservations: 5.0
        clipActions: 1.0
        furniture: just_one_leg
        frankaDofNoise: 0.25
        targetLiftHeight: 0.05
        distanceReward: 0.1
        liftReward: 1.0
        successReward: 1.0
        aggregateMode: 3
        tightenMethod: exp_decay
        tightenFactor: 0.7
        tightenSteps: 3200
        actionScale: 1.0
        useQuatRot: False
        propDumpInfo: 
            q_rh: 20
            q_lh: 20
            dq_rh: 20
            dq_lh: 20
            state_rh: 13
            state_lh: 13
            state_manip_obj_rh: 13
            state_manip_obj_lh: 13
            joint_state_rh: 338
            joint_state_lh: 338
            tip_force_rh: 15
            tip_force_lh: 15
            reward: 1
        actionsMovingAverage: 0.4
        translationScale: 1.0
        orientationScale: 0.1
        bimanual_mode: united
        propObsDim: 73
        obsKeys: ['q', 'cos_q', 'sin_q', 'base_state']
        privilegedObsDim: 57
        privilegedObsKeys: ['dq', 'manip_obj_pos', 'manip_obj_quat', 'manip_obj_vel', 'manip_obj_ang_vel', 'tip_force', 'manip_obj_com', 'manip_obj_weight']
        enableCameraSensors: False
    sim: 
        dt: 0.0166667
        substeps: 2
        up_axis: z
        use_gpu_pipeline: True
        gravity: [0.0, 0.0, -9.81]
        physx: 
            num_threads: 4
            solver_type: 1
            use_gpu: True
            num_position_iterations: 8
            num_velocity_iterations: 1
            contact_offset: 0.005
            rest_offset: 0.0
            bounce_threshold_velocity: 0.2
            max_depenetration_velocity: 1000.0
            default_buffer_size_multiplier: 5.0
            max_gpu_contact_pairs: 1048576
            num_subscenes: 4
            contact_collection: 1
    task: 
        randomize: True
        randomization_params: 
            frequency: 32
            sim_params: 
                gravity: 
                    operation: scaling
                    schedule: linear_decay
                    schedule_steps: 1920
                    external_sample: 
                        type: const_scale
                        init_value: 0
            actor_params: 
                manip_obj: 
                    color: True
                    rigid_shape_properties: 
                        friction: 
                            num_buckets: 250
                            operation: scaling
                            schedule: linear_decay
                            schedule_steps: 1920
                            external_sample: 
                                type: const_scale
                                init_value: 3
                                upper_bound: 6.0
                                lower_bound: 1.0
                manip_obj_rh: 
                    color: True
                    rigid_shape_properties: 
                        friction: 
                            num_buckets: 250
                            operation: scaling
                            schedule: linear_decay
                            schedule_steps: 1920
                            external_sample: 
                                type: const_scale
                                init_value: 3
                                upper_bound: 6.0
                                lower_bound: 1.0
                manip_obj_lh: 
                    color: True
                    rigid_shape_properties: 
                        friction: 
                            num_buckets: 250
                            operation: scaling
                            schedule: linear_decay
                            schedule_steps: 1920
                            external_sample: 
                                type: const_scale
                                init_value: 3
                                upper_bound: 6.0
                                lower_bound: 1.0
rl_train: 
    params: 
        seed: 42
        algo: 
            name: ppo
        model: 
            name: res_rh_my_continuous_a2c_logstd
            base_model_obs_shape: 
                privileged: 20
                proprioception: 73
                target: 248
            rh_base_model_checkpoint: runs/dg5fs_imitator_rh_B__07-20-21-00-14/nn/dg5fs_imitator_rh_B.pth
            lh_base_model_checkpoint: runs/dg5fs_imitator_rh_B__07-20-21-00-14/nn/dg5fs_imitator_rh_B.pth
        network: 
            name: res_rh_dict_obs_actor_critic
            separate: False
            space: 
                continuous: 
                    mu_activation: None
                    sigma_activation: None
                    mu_init: 
                        name: glorot_normal_initializer
                        gain: 0.01
                    sigma_init: 
                        name: const_initializer
                        val: -1
                    fixed_sigma: True
            dict_feature_encoder: 
                _target_: lib.nn.features.SimpleFeatureFusion
                extractors: 
                    privileged: 
                        _target_: lib.nn.features.Identity
                        input_dim: 57
                    proprioception: 
                        _target_: lib.nn.features.Identity
                        input_dim: 73
                    target: 
                        _target_: lib.nn.features.Identity
                        input_dim: 430
                hidden_depth: 3
                hidden_dim: 512
                output_dim: 256
                activation: swish
                add_input_activation: False
                add_output_activation: False
            mlp: 
                units: [256, 512, 128, 64]
                activation: elu
                d2rl: False
                initializer: 
                    name: default
                regularizer: 
                    name: None
            base_model: 
                name: dict_obs_actor_critic
                rh_checkpoint: runs/dg5fs_imitator_rh_B__07-20-21-00-14/nn/dg5fs_imitator_rh_B.pth
                lh_checkpoint: runs/dg5fs_imitator_rh_B__07-20-21-00-14/nn/dg5fs_imitator_rh_B.pth
                separate: False
                action_size: 26
                space: 
                    continuous: 
                        mu_activation: None
                        sigma_activation: None
                        mu_init: 
                            name: default
                        sigma_init: 
                            name: const_initializer
                            val: 0
                        fixed_sigma: True
                dict_feature_encoder: 
                    _target_: lib.nn.features.SimpleFeatureFusion
                    extractors: 
                        privileged: 
                            _target_: lib.nn.features.Identity
                            input_dim: 20
                        proprioception: 
                            _target_: lib.nn.features.Identity
                            input_dim: 73
                        target: 
                            _target_: lib.nn.features.Identity
                            input_dim: 248
                    hidden_depth: 3
                    hidden_dim: 512
                    output_dim: 256
                    activation: swish
                    add_input_activation: False
                    add_output_activation: False
                mlp: 
                    units: [256, 512, 128, 64]
                    activation: elu
                    d2rl: False
                    initializer: 
                        name: default
                    regularizer: 
                        name: None
        load_checkpoint: False
        load_path: 
        rh_base_model_checkpoint: [Warning] [carb.gym.plugin] useGpu is set, forcing single scene (0 subscenes)
Not connected to PVD
+++ Using GPU PhysX
Physics Engine: PhysX
Physics Device: cuda:0
GPU Pipeline: enabled
Loading extension module gymtorch...
/home/leegyuwon/Documents/isaacgym/python/isaacgym/torch_utils.py:135: DeprecationWarning: `np.float` is a deprecated alias for the builtin `float`. To silence this warning, use `float` by itself. Doing this will not modify any behavior and is safe. If you specifically wanted the numpy scalar type, use `np.float64` here.
Deprecated in NumPy 1.20; for more details and guidance: https://numpy.org/devdocs/release/1.20.0-notes.html#deprecations
  def get_axis_params(value, axis_idx, x_value=0., dtype=np.float, n_dims=3):
/home/leegyuwon/Documents/miniconda3/envs/maniptrans/lib/python3.8/site-packages/networkx/classes/graph.py:23: DeprecationWarning: Using or importing the ABCs from 'collections' instead of from 'collections.abc' is deprecated since Python 3.3, and in 3.10 it will stop working
  from collections import Mapping
/home/leegyuwon/Documents/miniconda3/envs/maniptrans/lib/python3.8/site-packages/networkx/classes/reportviews.py:95: DeprecationWarning: Using or importing the ABCs from 'collections' instead of from 'collections.abc' is deprecated since Python 3.3, and in 3.10 it will stop working
  from collections import Mapping, Set, Iterable
/home/leegyuwon/Documents/miniconda3/envs/maniptrans/lib/python3.8/site-packages/networkx/readwrite/graphml.py:346: DeprecationWarning: `np.int` is a deprecated alias for the builtin `int`. To silence this warning, use `int` by itself. Doing this will not modify any behavior and is safe. When replacing `np.int`, you may wish to use e.g. `np.int64` or `np.int32` to specify the precision. If you wish to review your current use, check the release note link for additional information.
Deprecated in NumPy 1.20; for more details and guidance: https://numpy.org/devdocs/release/1.20.0-notes.html#deprecations
  (np.int, "int"), (np.int8, "int"),
/home/leegyuwon/Documents/miniconda3/envs/maniptrans/lib/python3.8/site-packages/wandb/util.py:116: SentryHubDeprecationWarning: `sentry_sdk.Hub` is deprecated and will be removed in a future major release. Please consult our 1.x to 2.x migration guide for details on how to migrate `Hub` usage to the new API: https://docs.sentry.io/platforms/python/migration/1.x-to-2.x
  sentry_hub = sentry_sdk.Hub(sentry_client)
/home/leegyuwon/Documents/miniconda3/envs/maniptrans/lib/python3.8/site-packages/torch/utils/tensorboard/__init__.py:4: DeprecationWarning: distutils Version classes are deprecated. Use packaging.version instead.
  if not hasattr(tensorboard, "__version__") or LooseVersion(
/home/leegyuwon/Documents/miniconda3/envs/maniptrans/lib/python3.8/site-packages/gym/spaces/box.py:84: UserWarning: [33mWARN: Box bound precision lowered by casting to float32[0m
  logger.warn(f"Box bound precision lowered by casting to {self.dtype}")
/home/leegyuwon/Documents/ManipTrans/maniptrans_envs/lib/envs/tasks/dexhandmanip_sh.py:289: DeprecationWarning: an integer is required (got type isaacgym._bindings.linux-x86_64.gym_38.DofDriveMode).  Implicit conversion to integers using __int__ is deprecated, and may be removed in a future version of Python.
  asset_options.default_dof_drive_mode = gymapi.DOF_MODE_POS
runs/dg5fs_imitator_rh_B__07-20-21-00-14/nn/dg5fs_imitator_rh_B.pth
        lh_base_model_checkpoint: runs/dg5fs_imitator_rh_B__07-20-21-00-14/nn/dg5fs_imitator_rh_B.pth
        dexhand: dg5fs
        base_privileged_dim: 20
        base_proprioception_dim: 73
        base_target_dim: 248
        config: 
            name: dg5fs_smoke_unscrew
            full_experiment_name: dg5fs_smoke_unscrew
            env_name: rlgpu
            multi_gpu: False
            ppo: True
            mixed_precision: False
            normalize_input: True
            normalize_input_excluded_keys: []
            normalize_value: True
            use_pid_control: True
            value_bootstrap: True
            num_actors: 16
            reward_shaper: 
                scale_value: 1.0
            normalize_advantage: True
            gamma: 0.99
            tau: 0.95
            learning_rate: 0.0002
            lr_schedule: warmup
            warmup_steps: 10
            schedule_type: standard
            kl_threshold: 0.008
            score_to_win: 10000
            max_epochs: 35
            early_stop_epochs: 100000
            save_best_after: 2
            save_frequency: 100
            print_stats: True
            grad_norm: 1.0
            entropy_coef: 0.0
            truncate_grads: True
            e_clip: 0.2
            horizon_length: 32
            minibatch_size: 1024
            mini_epochs: 5
            critic_coef: 4
            clip_value: True
            seq_len: 4
            bounds_loss_coef: 0.0001
            use_soft_clamp: True
            mix_ratio: 0.5
task_name: ResDexHandRH
experiment: dg5fs_smoke_unscrew
side: RH
bimanual_mode: united
dexhand: dg5fs
rh_base_model_checkpoint: runs/dg5fs_imitator_rh_B__07-20-21-00-14/nn/dg5fs_imitator_rh_B.pth
lh_base_model_checkpoint: runs/dg5fs_imitator_rh_B__07-20-21-00-14/nn/dg5fs_imitator_rh_B.pth
num_envs: 16
rolloutStateInit: False
randomStateInit: True
rolloutLen: None
rolloutBegin: None
learning_rate: 0.0002
actionsMovingAverage: 0.4
usePIDControl: True
dataIndices: ['29266@1']
seed: 42
torch_deterministic: False
max_iterations: 35
early_stop_epochs: 100000
physics_engine: physx
pipeline: gpu
sim_device: cuda:0
rl_device: cuda:0
graphics_device_id: 0
num_threads: 4
solver_type: 1
num_subscenes: 4
test: False
save_rollouts: False
save_successful_rollouts_only: True
num_rollouts_to_save: 20000
num_rollouts_to_run: 9999999999999
min_episode_length: 20
checkpoint: 
from_ckpt_epoch: False
sigma: 
multi_gpu: False
wandb_activate: False
wandb_group: 
wandb_name: dg5fs_smoke_unscrew
wandb_entity: None
wandb_project: None
wandb_tags: []
wandb_logcode_dir: 
capture_video: False
n_parallel_recorders: 8
n_successful_videos_to_record: 50
display: False
headless: True
Setting seed: 42
Using rl_device: cuda:0
Using sim_device: cuda:0
{'name': 'dg5fs_smoke_unscrew', 'full_experiment_name': None, 'env_name': 'rlgpu', 'multi_gpu': False, 'ppo': True, 'mixed_precision': False, 'normalize_input': True, 'normalize_input_excluded_keys': [], 'normalize_value': True, 'use_pid_control': True, 'value_bootstrap': True, 'num_actors': 16, 'reward_shaper': {'scale_value': 1.0}, 'normalize_advantage': True, 'gamma': 0.99, 'tau': 0.95, 'learning_rate': 0.0002, 'lr_schedule': 'warmup', 'warmup_steps': 10, 'schedule_type': 'standard', 'kl_threshold': 0.008, 'score_to_win': 10000, 'max_epochs': 35, 'early_stop_epochs': 100000, 'save_best_after': 2, 'save_frequency': 100, 'print_stats': True, 'grad_norm': 1.0, 'entropy_coef': 0.0, 'truncate_grads': True, 'e_clip': 0.2, 'horizon_length': 32, 'minibatch_size': 1024, 'mini_epochs': 5, 'critic_coef': 4, 'clip_value': True, 'seq_len': 4, 'bounds_loss_coef': 0.0001, 'use_soft_clamp': True, 'mix_ratio': 0.5, 'device': 'cuda:0', 'population_based_training': False, 'pbt_idx': None}
self.seed = 42
Started to train
Exact experiment name requested from command line: dg5fs_smoke_unscrew__07-22-14-40-03
Num dexhand Bodies: 26
Num dexhand DOFs: 20
  0%|          | 0/16 [00:00<?, ?it/s]  6%|▋         | 1/16 [00:17<04:25, 17.69s/it]100%|██████████| 16/16 [00:17<00:00,  1.11s/it]
/home/leegyuwon/Documents/ManipTrans/maniptrans_envs/lib/envs/tasks/dexhandmanip_sh.py:198: UserWarning: To copy construct from a tensor, it is recommended to use sourceTensor.clone().detach() or sourceTensor.clone().detach().requires_grad_(True), rather than torch.tensor(sourceTensor).
  self.dexhand_default_dof_pos = torch.tensor(default_pose, device=self.sim_device)
[imitate_retarget] Stage-2 손 타겟 = 리타겟 결과(opt_*) (B방식, 물체 궤적은 원본)
[cap_rot_only] trajectory 트림 → seq_len ≤ 370 (돌리는 구간까지)
[cap_rot_only] 뚜껑 위치 고정 + 나사축 1-DOF 회전 구속, 텀블러 몸체 없음
[cap_unscrew_rew] 풀림방향 회전 보상 활성 (기준 각속도=0.59 rad/s, obj_rot_w=0.5, unscrew_w=5.0)
WARNING: seq_len is deprecated, use seq_length instead
seq_length: 4
current training device: cuda:0
build mlp: 285
build mlp: 256
RunningMeanStd:  (1,)
RunningMeanStd:  (57,)
RunningMeanStd:  (73,)
RunningMeanStd:  (430,)
RunningMeanStd:  (1,)
RunningMeanStd:  (20,)
RunningMeanStd:  (73,)
RunningMeanStd:  (248,)
fps step: 250 fps step and policy inference: 201 fps total: 129 epoch: 1/35 frames: 0
fps step: 498 fps step and policy inference: 370 fps total: 184 epoch: 2/35 frames: 512
saving next best rewards:  [73.15]
=> saving checkpoint 'runs/dg5fs_smoke_unscrew__07-22-14-40-03/nn/dg5fs_smoke_unscrew.pth'
fps step: 484 fps step and policy inference: 350 fps total: 179 epoch: 3/35 frames: 1024
fps step: 503 fps step and policy inference: 364 fps total: 178 epoch: 4/35 frames: 1536
saving next best rewards:  [74.72]
=> saving checkpoint 'runs/dg5fs_smoke_unscrew__07-22-14-40-03/nn/dg5fs_smoke_unscrew.pth'
fps step: 506 fps step and policy inference: 362 fps total: 183 epoch: 5/35 frames: 2048
saving next best rewards:  [75.34]
=> saving checkpoint 'runs/dg5fs_smoke_unscrew__07-22-14-40-03/nn/dg5fs_smoke_unscrew.pth'
fps step: 485 fps step and policy inference: 347 fps total: 178 epoch: 6/35 frames: 2560
fps step: 505 fps step and policy inference: 364 fps total: 185 epoch: 7/35 frames: 3072
fps step: 477 fps step and policy inference: 343 fps total: 175 epoch: 8/35 frames: 3584
fps step: 500 fps step and policy inference: 372 fps total: 185 epoch: 9/35 frames: 4096
saving next best rewards:  [80.86]
=> saving checkpoint 'runs/dg5fs_smoke_unscrew__07-22-14-40-03/nn/dg5fs_smoke_unscrew.pth'
fps step: 498 fps step and policy inference: 360 fps total: 182 epoch: 10/35 frames: 4608
fps step: 496 fps step and policy inference: 357 fps total: 181 epoch: 11/35 frames: 5120
fps step: 505 fps step and policy inference: 374 fps total: 186 epoch: 12/35 frames: 5632
fps step: 501 fps step and policy inference: 369 fps total: 185 epoch: 13/35 frames: 6144
saving next best rewards:  [81.]
=> saving checkpoint 'runs/dg5fs_smoke_unscrew__07-22-14-40-03/nn/dg5fs_smoke_unscrew.pth'
fps step: 510 fps step and policy inference: 366 fps total: 183 epoch: 14/35 frames: 6656
fps step: 488 fps step and policy inference: 370 fps total: 186 epoch: 15/35 frames: 7168
fps step: 496 fps step and policy inference: 366 fps total: 180 epoch: 16/35 frames: 7680
fps step: 501 fps step and policy inference: 353 fps total: 178 epoch: 17/35 frames: 8192
saving next best rewards:  [81.01]
=> saving checkpoint 'runs/dg5fs_smoke_unscrew__07-22-14-40-03/nn/dg5fs_smoke_unscrew.pth'
fps step: 501 fps step and policy inference: 370 fps total: 182 epoch: 18/35 frames: 8704
saving next best rewards:  [81.51]
=> saving checkpoint 'runs/dg5fs_smoke_unscrew__07-22-14-40-03/nn/dg5fs_smoke_unscrew.pth'
fps step: 492 fps step and policy inference: 367 fps total: 176 epoch: 19/35 frames: 9216
fps step: 464 fps step and policy inference: 340 fps total: 177 epoch: 20/35 frames: 9728
saving next best rewards:  [83.68]
=> saving checkpoint 'runs/dg5fs_smoke_unscrew__07-22-14-40-03/nn/dg5fs_smoke_unscrew.pth'
fps step: 498 fps step and policy inference: 376 fps total: 185 epoch: 21/35 frames: 10240
saving next best rewards:  [85.24]
=> saving checkpoint 'runs/dg5fs_smoke_unscrew__07-22-14-40-03/nn/dg5fs_smoke_unscrew.pth'
fps step: 509 fps step and policy inference: 371 fps total: 186 epoch: 22/35 frames: 10752
fps step: 512 fps step and policy inference: 368 fps total: 181 epoch: 23/35 frames: 11264
fps step: 489 fps step and policy inference: 369 fps total: 186 epoch: 24/35 frames: 11776
fps step: 502 fps step and policy inference: 364 fps total: 182 epoch: 25/35 frames: 12288
fps step: 496 fps step and policy inference: 365 fps total: 182 epoch: 26/35 frames: 12800
saving next best rewards:  [86.47]
=> saving checkpoint 'runs/dg5fs_smoke_unscrew__07-22-14-40-03/nn/dg5fs_smoke_unscrew.pth'
fps step: 496 fps step and policy inference: 365 fps total: 183 epoch: 27/35 frames: 13312
fps step: 502 fps step and policy inference: 366 fps total: 182 epoch: 28/35 frames: 13824
fps step: 494 fps step and policy inference: 376 fps total: 185 epoch: 29/35 frames: 14336
fps step: 505 fps step and policy inference: 374 fps total: 186 epoch: 30/35 frames: 14848
saving next best rewards:  [87.97]
=> saving checkpoint 'runs/dg5fs_smoke_unscrew__07-22-14-40-03/nn/dg5fs_smoke_unscrew.pth'
fps step: 502 fps step and policy inference: 365 fps total: 179 epoch: 31/35 frames: 15360
fps step: 492 fps step and policy inference: 361 fps total: 180 epoch: 32/35 frames: 15872
saving next best rewards:  [88.79]
=> saving checkpoint 'runs/dg5fs_smoke_unscrew__07-22-14-40-03/nn/dg5fs_smoke_unscrew.pth'
fps step: 497 fps step and policy inference: 368 fps total: 182 epoch: 33/35 frames: 16384
saving next best rewards:  [89.67]
=> saving checkpoint 'runs/dg5fs_smoke_unscrew__07-22-14-40-03/nn/dg5fs_smoke_unscrew.pth'
fps step: 484 fps step and policy inference: 360 fps total: 182 epoch: 34/35 frames: 16896
saving next best rewards:  [92.56]
=> saving checkpoint 'runs/dg5fs_smoke_unscrew__07-22-14-40-03/nn/dg5fs_smoke_unscrew.pth'
fps step: 485 fps step and policy inference: 367 fps total: 180 epoch: 35/35 frames: 17408
saving next best rewards:  [93.8]
=> saving checkpoint 'runs/dg5fs_smoke_unscrew__07-22-14-40-03/nn/dg5fs_smoke_unscrew.pth'
=> saving checkpoint 'runs/dg5fs_smoke_unscrew__07-22-14-40-03/nn/last_dg5fs_smoke_unscrew_ep_35_rew__93.8_.pth'
MAX EPOCHS NUM!
Using VHACD cache directory '/home/leegyuwon/.isaacgym/vhacd'
Found existing convex decomposition for mesh 'data/OakInk-v2/coacd_object_preview/align_ds/O02@0015@00004/scan.ply'
