Stage-2: idx=29266@1, base=runs/dg5fs_imitator_rh_B__07-20-21-00-14/nn/dg5fs_imitator_rh_B.pth, num_envs=256, exp=dg5fs_unscrew_29266_damp100
Importing module 'gym_38' (/home/leegyuwon/Documents/isaacgym/python/isaacgym/_bindings/linux-x86_64/gym_38.so)
Setting GYM_USD_PLUG_INFO_PATH to /home/leegyuwon/Documents/isaacgym/python/isaacgym/_bindings/linux-x86_64/usd/plugInfo.json
PyTorch version 1.13.1+cu117
Device count 1
/home/leegyuwon/Documents/isaacgym/python/isaacgym/_bindings/src/gymtorch
/home/leegyuwon/Documents/miniconda3/envs/maniptrans/lib/python3.8/site-packages/hydra/_internal/hydra.py:119: UserWarning: Future Hydra versions will no longer change working directory at job runtime by default.
See https://hydra.cc/docs/1.2/upgrades/1.1_to_1.2/changes_to_job_working_dir/ for more information.
  ret = run_job(
Gym has been unmaintained since 2022 and does not support NumPy 2.0 amongst other critical functionality.
Please upgrade to Gymnasium, the maintained drop-in replacement of Gym, or contact the authors of your software and request that they upgrade.
See the migration guide at https://gymnasium.farama.org/introduction/migration_guide/ for additional information.
/home/leegyuwon/Documents/miniconda3/envs/maniptrans/lib/python3.8/site-packages/torch/utils/cpp_extension.py:25: DeprecationWarning: pkg_resources is deprecated as an API. See https://setuptools.pypa.io/en/latest/pkg_resources.html
  from pkg_resources import packaging  # type: ignore[attr-defined]
/home/leegyuwon/Documents/miniconda3/envs/maniptrans/lib/python3.8/site-packages/pkg_resources/__init__.py:3154: DeprecationWarning: Deprecated call to `pkg_resources.declare_namespace('mpl_toolkits')`.
Implementing implicit namespace packages (as specified in PEP 420) is preferred to `pkg_resources.declare_namespace`. See https://setuptools.pypa.io/en/latest/references/keywords.html#keyword-namespace-packages
  declare_namespace(pkg)
/home/leegyuwon/Documents/miniconda3/envs/maniptrans/lib/python3.8/site-packages/pkg_resources/__init__.py:3154: DeprecationWarning: Deprecated call to `pkg_resources.declare_namespace('google')`.
Implementing implicit namespace packages (as specified in PEP 420) is preferred to `pkg_resources.declare_namespace`. See https://setuptools.pypa.io/en/latest/references/keywords.html#keyword-namespace-packages
  declare_namespace(pkg)
Using /home/leegyuwon/.cache/torch_extensions/py38_cu117 as PyTorch extensions root...
Emitting ninja build file /home/leegyuwon/.cache/torch_extensions/py38_cu117/gymtorch/build.ninja...
Building extension module gymtorch...
Allowing ninja to set a default number of workers... (overridable by setting the environment variable MAX_JOBS=N)
ninja: no work to do.
task: 
    name: ResDexHandRH
    physics_engine: physx
    seed: 42
    env: 
        numEnvs: 256
        dexhand: dg5fs
        episodeLength: 1200
        training: True
        usePIDControl: True
        rolloutStateInit: False
        randomStateInit: True
        dataIndices: ['29266@1']
        obsFutureLength: 1
        rolloutLen: None
        rolloutBegin: None
        clipObservations: 5.0
        clipActions: 1.0
        furniture: just_one_leg
        frankaDofNoise: 0.25
        targetLiftHeight: 0.05
        distanceReward: 0.1
        liftReward: 1.0
        successReward: 1.0
        aggregateMode: 3
        tightenMethod: exp_decay
        tightenFactor: 0.7
        tightenSteps: 3200
        actionScale: 1.0
        useQuatRot: False
        propDumpInfo: 
            q_rh: 20
            q_lh: 20
            dq_rh: 20
            dq_lh: 20
            state_rh: 13
            state_lh: 13
            state_manip_obj_rh: 13
            state_manip_obj_lh: 13
            joint_state_rh: 338
            joint_state_lh: 338
            tip_force_rh: 15
            tip_force_lh: 15
            reward: 1
        actionsMovingAverage: 0.4
        translationScale: 1.0
        orientationScale: 0.1
        bimanual_mode: united
        propObsDim: 73
        obsKeys: ['q', 'cos_q', 'sin_q', 'base_state']
        privilegedObsDim: 57
        privilegedObsKeys: ['dq', 'manip_obj_pos', 'manip_obj_quat', 'manip_obj_vel', 'manip_obj_ang_vel', 'tip_force', 'manip_obj_com', 'manip_obj_weight']
        enableCameraSensors: False
    sim: 
        dt: 0.0166667
        substeps: 2
        up_axis: z
        use_gpu_pipeline: True
        gravity: [0.0, 0.0, -9.81]
        physx: 
            num_threads: 4
            solver_type: 1
            use_gpu: True
            num_position_iterations: 8
            num_velocity_iterations: 1
            contact_offset: 0.005
            rest_offset: 0.0
            bounce_threshold_velocity: 0.2
            max_depenetration_velocity: 1000.0
            default_buffer_size_multiplier: 5.0
            max_gpu_contact_pairs: 1048576
            num_subscenes: 4
            contact_collection: 1
    task: 
        randomize: True
        randomization_params: 
            frequency: 32
            sim_params: 
                gravity: 
                    operation: scaling
                    schedule: linear_decay
                    schedule_steps: 1920
                    external_sample: 
                        type: const_scale
                        init_value: 0
            actor_params: 
                manip_obj: 
                    color: True
                    rigid_shape_properties: 
                        friction: 
                            num_buckets: 250
                            operation: scaling
                            schedule: linear_decay
                            schedule_steps: 1920
                            external_sample: 
                                type: const_scale
                                init_value: 3
                                upper_bound: 6.0
                                lower_bound: 1.0
                manip_obj_rh: 
                    color: True
                    rigid_shape_properties: 
                        friction: 
                            num_buckets: 250
                            operation: scaling
                            schedule: linear_decay
                            schedule_steps: 1920
                            external_sample: 
                                type: const_scale
                                init_value: 3
                                upper_bound: 6.0
                                lower_bound: 1.0
                manip_obj_lh: 
                    color: True
                    rigid_shape_properties: 
                        friction: 
                            num_buckets: 250
                            operation: scaling
                            schedule: linear_decay
                            schedule_steps: 1920
                            external_sample: 
                                type: const_scale
                                init_value: 3
                                upper_bound: 6.0
                                lower_bound: 1.0
rl_train: 
    params: 
        seed: 42
        algo: 
            name: ppo
        model: 
            name: res_rh_my_continuous_a2c_logstd
            base_model_obs_shape: 
                privileged: 20
                proprioception: 73
                target: 248
            rh_base_model_checkpoint: runs/dg5fs_imitator_rh_B__07-20-21-00-14/nn/dg5fs_imitator_rh_B.pth
            lh_base_model_checkpoint: runs/dg5fs_imitator_rh_B__07-20-21-00-14/nn/dg5fs_imitator_rh_B.pth
        network: 
            name: res_rh_dict_obs_actor_critic
            separate: False
            space: 
                continuous: 
                    mu_activation: None
                    sigma_activation: None
                    mu_init: 
                        name: glorot_normal_initializer
                        gain: 0.01
                    sigma_init: 
                        name: const_initializer
                        val: -1
                    fixed_sigma: True
            dict_feature_encoder: 
                _target_: lib.nn.features.SimpleFeatureFusion
                extractors: 
                    privileged: 
                        _target_: lib.nn.features.Identity
                        input_dim: 57
                    proprioception: 
                        _target_: lib.nn.features.Identity
                        input_dim: 73
                    target: 
                        _target_: lib.nn.features.Identity
                        input_dim: 430
                hidden_depth: 3
                hidden_dim: 512
                output_dim: 256
                activation: swish
                add_input_activation: False
                add_output_activation: False
            mlp: 
                units: [256, 512, 128, 64]
                activation: elu
                d2rl: False
                initializer: 
                    name: default
                regularizer: 
                    name: None
            base_model: 
                name: dict_obs_actor_critic
                rh_checkpoint: runs/dg5fs_imitator_rh_B__07-20-21-00-14/nn/dg5fs_imitator_rh_B.pth
                lh_checkpoint: runs/dg5fs_imitator_rh_B__07-20-21-00-14/nn/dg5fs_imitator_rh_B.pth
                separate: False
                action_size: 26
                space: 
                    continuous: 
                        mu_activation: None
                        sigma_activation: None
                        mu_init: 
                            name: default
                        sigma_init: 
                            name: const_initializer
                            val: 0
                        fixed_sigma: True
                dict_feature_encoder: 
                    _target_: lib.nn.features.SimpleFeatureFusion
                    extractors: 
                        privileged: 
                            _target_: lib.nn.features.Identity
                            input_dim: 20
                        proprioception: 
                            _target_: lib.nn.features.Identity
                            input_dim: 73
                        target: 
                            _target_: lib.nn.features.Identity
                            input_dim: 248
                    hidden_depth: 3
                    hidden_dim: 512
                    output_dim: 256
                    activation: swish
                    add_input_activation: False
                    add_output_activation: False
                mlp: 
                    units: [256, 512, 128, 64]
                    activation: elu
                    d2rl: False
                    initializer: 
                        name: default
                    regularizer: 
                        name: None
        load_checkpoint: False
        load_path: 
        rh_base_model_checkpoint: [Warning] [carb.gym.plugin] useGpu is set, forcing single scene (0 subscenes)
Not connected to PVD
+++ Using GPU PhysX
Physics Engine: PhysX
Physics Device: cuda:0
GPU Pipeline: enabled
Loading extension module gymtorch...
/home/leegyuwon/Documents/isaacgym/python/isaacgym/torch_utils.py:135: DeprecationWarning: `np.float` is a deprecated alias for the builtin `float`. To silence this warning, use `float` by itself. Doing this will not modify any behavior and is safe. If you specifically wanted the numpy scalar type, use `np.float64` here.
Deprecated in NumPy 1.20; for more details and guidance: https://numpy.org/devdocs/release/1.20.0-notes.html#deprecations
  def get_axis_params(value, axis_idx, x_value=0., dtype=np.float, n_dims=3):
/home/leegyuwon/Documents/miniconda3/envs/maniptrans/lib/python3.8/site-packages/networkx/classes/graph.py:23: DeprecationWarning: Using or importing the ABCs from 'collections' instead of from 'collections.abc' is deprecated since Python 3.3, and in 3.10 it will stop working
  from collections import Mapping
/home/leegyuwon/Documents/miniconda3/envs/maniptrans/lib/python3.8/site-packages/networkx/classes/reportviews.py:95: DeprecationWarning: Using or importing the ABCs from 'collections' instead of from 'collections.abc' is deprecated since Python 3.3, and in 3.10 it will stop working
  from collections import Mapping, Set, Iterable
/home/leegyuwon/Documents/miniconda3/envs/maniptrans/lib/python3.8/site-packages/networkx/readwrite/graphml.py:346: DeprecationWarning: `np.int` is a deprecated alias for the builtin `int`. To silence this warning, use `int` by itself. Doing this will not modify any behavior and is safe. When replacing `np.int`, you may wish to use e.g. `np.int64` or `np.int32` to specify the precision. If you wish to review your current use, check the release note link for additional information.
Deprecated in NumPy 1.20; for more details and guidance: https://numpy.org/devdocs/release/1.20.0-notes.html#deprecations
  (np.int, "int"), (np.int8, "int"),
/home/leegyuwon/Documents/miniconda3/envs/maniptrans/lib/python3.8/site-packages/wandb/util.py:116: SentryHubDeprecationWarning: `sentry_sdk.Hub` is deprecated and will be removed in a future major release. Please consult our 1.x to 2.x migration guide for details on how to migrate `Hub` usage to the new API: https://docs.sentry.io/platforms/python/migration/1.x-to-2.x
  sentry_hub = sentry_sdk.Hub(sentry_client)
/home/leegyuwon/Documents/miniconda3/envs/maniptrans/lib/python3.8/site-packages/torch/utils/tensorboard/__init__.py:4: DeprecationWarning: distutils Version classes are deprecated. Use packaging.version instead.
  if not hasattr(tensorboard, "__version__") or LooseVersion(
/home/leegyuwon/Documents/miniconda3/envs/maniptrans/lib/python3.8/site-packages/gym/spaces/box.py:84: UserWarning: [33mWARN: Box bound precision lowered by casting to float32[0m
  logger.warn(f"Box bound precision lowered by casting to {self.dtype}")
/home/leegyuwon/Documents/ManipTrans/maniptrans_envs/lib/envs/tasks/dexhandmanip_sh.py:293: DeprecationWarning: an integer is required (got type isaacgym._bindings.linux-x86_64.gym_38.DofDriveMode).  Implicit conversion to integers using __int__ is deprecated, and may be removed in a future version of Python.
  asset_options.default_dof_drive_mode = gymapi.DOF_MODE_POS
runs/dg5fs_imitator_rh_B__07-20-21-00-14/nn/dg5fs_imitator_rh_B.pth
        lh_base_model_checkpoint: runs/dg5fs_imitator_rh_B__07-20-21-00-14/nn/dg5fs_imitator_rh_B.pth
        dexhand: dg5fs
        base_privileged_dim: 20
        base_proprioception_dim: 73
        base_target_dim: 248
        config: 
            name: dg5fs_unscrew_29266_damp100
            full_experiment_name: dg5fs_unscrew_29266_damp100
            env_name: rlgpu
            multi_gpu: False
            ppo: True
            mixed_precision: False
            normalize_input: True
            normalize_input_excluded_keys: []
            normalize_value: True
            use_pid_control: True
            value_bootstrap: True
            num_actors: 256
            reward_shaper: 
                scale_value: 1.0
            normalize_advantage: True
            gamma: 0.99
            tau: 0.95
            learning_rate: 0.0002
            lr_schedule: warmup
            warmup_steps: 10
            schedule_type: standard
            kl_threshold: 0.008
            score_to_win: 10000
            max_epochs: 50000
            early_stop_epochs: 50000
            save_best_after: 2
            save_frequency: 100
            print_stats: True
            grad_norm: 1.0
            entropy_coef: 0.0
            truncate_grads: True
            e_clip: 0.2
            horizon_length: 32
            minibatch_size: 1024
            mini_epochs: 5
            critic_coef: 4
            clip_value: True
            seq_len: 4
            bounds_loss_coef: 0.0001
            use_soft_clamp: True
            mix_ratio: 0.5
task_name: ResDexHandRH
experiment: dg5fs_unscrew_29266_damp100
side: RH
bimanual_mode: united
dexhand: dg5fs
rh_base_model_checkpoint: runs/dg5fs_imitator_rh_B__07-20-21-00-14/nn/dg5fs_imitator_rh_B.pth
lh_base_model_checkpoint: runs/dg5fs_imitator_rh_B__07-20-21-00-14/nn/dg5fs_imitator_rh_B.pth
num_envs: 256
rolloutStateInit: False
randomStateInit: True
rolloutLen: None
rolloutBegin: None
learning_rate: 0.0002
actionsMovingAverage: 0.4
usePIDControl: True
dataIndices: ['29266@1']
seed: 42
torch_deterministic: False
max_iterations: 50000
early_stop_epochs: 50000
physics_engine: physx
pipeline: gpu
sim_device: cuda:0
rl_device: cuda:0
graphics_device_id: 0
num_threads: 4
solver_type: 1
num_subscenes: 4
test: False
save_rollouts: False
save_successful_rollouts_only: True
num_rollouts_to_save: 20000
num_rollouts_to_run: 9999999999999
min_episode_length: 20
checkpoint: 
from_ckpt_epoch: False
sigma: 
multi_gpu: False
wandb_activate: False
wandb_group: 
wandb_name: dg5fs_unscrew_29266_damp100
wandb_entity: None
wandb_project: None
wandb_tags: []
wandb_logcode_dir: 
capture_video: False
n_parallel_recorders: 8
n_successful_videos_to_record: 50
display: False
headless: True
Setting seed: 42
Using rl_device: cuda:0
Using sim_device: cuda:0
{'name': 'dg5fs_unscrew_29266_damp100', 'full_experiment_name': None, 'env_name': 'rlgpu', 'multi_gpu': False, 'ppo': True, 'mixed_precision': False, 'normalize_input': True, 'normalize_input_excluded_keys': [], 'normalize_value': True, 'use_pid_control': True, 'value_bootstrap': True, 'num_actors': 256, 'reward_shaper': {'scale_value': 1.0}, 'normalize_advantage': True, 'gamma': 0.99, 'tau': 0.95, 'learning_rate': 0.0002, 'lr_schedule': 'warmup', 'warmup_steps': 10, 'schedule_type': 'standard', 'kl_threshold': 0.008, 'score_to_win': 10000, 'max_epochs': 50000, 'early_stop_epochs': 50000, 'save_best_after': 2, 'save_frequency': 100, 'print_stats': True, 'grad_norm': 1.0, 'entropy_coef': 0.0, 'truncate_grads': True, 'e_clip': 0.2, 'horizon_length': 32, 'minibatch_size': 1024, 'mini_epochs': 5, 'critic_coef': 4, 'clip_value': True, 'seq_len': 4, 'bounds_loss_coef': 0.0001, 'use_soft_clamp': True, 'mix_ratio': 0.5, 'device': 'cuda:0', 'population_based_training': False, 'pbt_idx': None}
self.seed = 42
Started to train
Exact experiment name requested from command line: dg5fs_unscrew_29266_damp100__07-22-15-35-21
Num dexhand Bodies: 26
Num dexhand DOFs: 20
  0%|          | 0/256 [00:00<?, ?it/s]  0%|          | 1/256 [00:17<1:13:02, 17.19s/it]100%|██████████| 256/256 [00:17<00:00, 14.89it/s][imitate_retarget] Stage-2 손 타겟 = 리타겟 결과(opt_*) (B방식, 물체 궤적은 원본)
[cap_rot_only] trajectory 트림 → seq_len ≤ 370 (돌리는 구간까지)
[cap_rot_only] 뚜껑 위치 고정 + 나사축 1-DOF 회전 구속, 텀블러 몸체 없음
[cap_unscrew_rew] 풀림방향 회전 보상 활성 (기준 각속도=0.59 rad/s, obj_rot_w=0.5, unscrew_w=5.0)
WARNING: seq_len is deprecated, use seq_length instead
seq_length: 4
current training device: cuda:0
build mlp: 285
build mlp: 256
RunningMeanStd:  (1,)
RunningMeanStd:  (57,)
RunningMeanStd:  (73,)
RunningMeanStd:  (430,)
RunningMeanStd:  (1,)
RunningMeanStd:  (20,)
RunningMeanStd:  (73,)
RunningMeanStd:  (248,)
fps step: 3096 fps step and policy inference: 2546 fps total: 1770 epoch: 1/50000 frames: 0
fps step: 4933 fps step and policy inference: 3713 fps total: 2228 epoch: 2/50000 frames: 8192
saving next best rewards:  [47.9]
=> saving checkpoint 'runs/dg5fs_unscrew_29266_damp100__07-22-15-35-21/nn/dg5fs_unscrew_29266_damp100.pth'
fps step: 4816 fps step and policy inference: 3740 fps total: 2269 epoch: 3/50000 frames: 16384
saving next best rewards:  [50.09]
=> saving checkpoint 'runs/dg5fs_unscrew_29266_damp100__07-22-15-35-21/nn/dg5fs_unscrew_29266_damp100.pth'
fps step: 5271 fps step and policy inference: 3941 fps total: 2345 epoch: 4/50000 frames: 24576
saving next best rewards:  [50.67]
=> saving checkpoint 'runs/dg5fs_unscrew_29266_damp100__07-22-15-35-21/nn/dg5fs_unscrew_29266_damp100.pth'
fps step: 5108 fps step and policy inference: 3890 fps total: 2335 epoch: 5/50000 frames: 32768
saving next best rewards:  [54.74]
=> saving checkpoint 'runs/dg5fs_unscrew_29266_damp100__07-22-15-35-21/nn/dg5fs_unscrew_29266_damp100.pth'
fps step: 5084 fps step and policy inference: 3833 fps total: 2278 epoch: 6/50000 frames: 40960
fps step: 5004 fps step and policy inference: 3788 fps total: 2285 epoch: 7/50000 frames: 49152
fps step: 5058 fps step and policy inference: 3736 fps total: 2258 epoch: 8/50000 frames: 57344
fps step: 5237 fps step and policy inference: 3904 fps total: 2333 epoch: 9/50000 frames: 65536
saving next best rewards:  [58.97]
=> saving checkpoint 'runs/dg5fs_unscrew_29266_damp100__07-22-15-35-21/nn/dg5fs_unscrew_29266_damp100.pth'
fps step: 5196 fps step and policy inference: 3814 fps total: 2308 epoch: 10/50000 frames: 73728
fps step: 5248 fps step and policy inference: 3841 fps total: 2301 epoch: 11/50000 frames: 81920
fps step: 5279 fps step and policy inference: 3856 fps total: 2338 epoch: 12/50000 frames: 90112
saving next best rewards:  [62.28]
=> saving checkpoint 'runs/dg5fs_unscrew_29266_damp100__07-22-15-35-21/nn/dg5fs_unscrew_29266_damp100.pth'
fps step: 5245 fps step and policy inference: 3943 fps total: 2339 epoch: 13/50000 frames: 98304
fps step: 5197 fps step and policy inference: 3928 fps total: 2342 epoch: 14/50000 frames: 106496
fps step: 5214 fps step and policy inference: 3825 fps total: 2306 epoch: 15/50000 frames: 114688
fps step: 5154 fps step and policy inference: 3817 fps total: 2305 epoch: 16/50000 frames: 122880
saving next best rewards:  [66.25]
=> saving checkpoint 'runs/dg5fs_unscrew_29266_damp100__07-22-15-35-21/nn/dg5fs_unscrew_29266_damp100.pth'
fps step: 5236 fps step and policy inference: 3877 fps total: 2320 epoch: 17/50000 frames: 131072
fps step: 5165 fps step and policy inference: 3841 fps total: 2316 epoch: 18/50000 frames: 139264
fps step: 5281 fps step and policy inference: 3811 fps total: 2220 epoch: 19/50000 frames: 147456
fps step: 5064 fps step and policy inference: 3731 fps total: 2251 epoch: 20/50000 frames: 155648
fps step: 5157 fps step and policy inference: 3921 fps total: 2257 epoch: 21/50000 frames: 163840
saving next best rewards:  [71.24]
=> saving checkpoint 'runs/dg5fs_unscrew_29266_damp100__07-22-15-35-21/nn/dg5fs_unscrew_29266_damp100.pth'
fps step: 4911 fps step and policy inference: 3737 fps total: 2272 epoch: 22/50000 frames: 172032
saving next best rewards:  [72.39]
=> saving checkpoint 'runs/dg5fs_unscrew_29266_damp100__07-22-15-35-21/nn/dg5fs_unscrew_29266_damp100.pth'
fps step: 5219 fps step and policy inference: 3837 fps total: 2283 epoch: 23/50000 frames: 180224
saving next best rewards:  [74.8]
=> saving checkpoint 'runs/dg5fs_unscrew_29266_damp100__07-22-15-35-21/nn/dg5fs_unscrew_29266_damp100.pth'
fps step: 5289 fps step and policy inference: 3825 fps total: 2158 epoch: 24/50000 frames: 188416
saving next best rewards:  [74.87]
=> saving checkpoint 'runs/dg5fs_unscrew_29266_damp100__07-22-15-35-21/nn/dg5fs_unscrew_29266_damp100.pth'
fps step: 4987 fps step and policy inference: 3786 fps total: 2243 epoch: 25/50000 frames: 196608
saving next best rewards:  [78.44]
=> saving checkpoint 'runs/dg5fs_unscrew_29266_damp100__07-22-15-35-21/nn/dg5fs_unscrew_29266_damp100.pth'
fps step: 5179 fps step and policy inference: 3795 fps total: 2280 epoch: 26/50000 frames: 204800
saving next best rewards:  [83.12]
=> saving checkpoint 'runs/dg5fs_unscrew_29266_damp100__07-22-15-35-21/nn/dg5fs_unscrew_29266_damp100.pth'
fps step: 4750 fps step and policy inference: 3625 fps total: 2172 epoch: 27/50000 frames: 212992
fps step: 5258 fps step and policy inference: 3803 fps total: 2297 epoch: 28/50000 frames: 221184
fps step: 5209 fps step and policy inference: 3866 fps total: 2269 epoch: 29/50000 frames: 229376
fps step: 5089 fps step and policy inference: 3890 fps total: 2324 epoch: 30/50000 frames: 237568
saving next best rewards:  [83.76]
=> saving checkpoint 'runs/dg5fs_unscrew_29266_damp100__07-22-15-35-21/nn/dg5fs_unscrew_29266_damp100.pth'
fps step: 5232 fps step and policy inference: 3937 fps total: 2377 epoch: 31/50000 frames: 245760
saving next best rewards:  [91.04]
=> saving checkpoint 'runs/dg5fs_unscrew_29266_damp100__07-22-15-35-21/nn/dg5fs_unscrew_29266_damp100.pth'
fps step: 5083 fps step and policy inference: 3716 fps total: 2232 epoch: 32/50000 frames: 253952
fps step: 5049 fps step and policy inference: 3729 fps total: 2210 epoch: 33/50000 frames: 262144
fps step: 4910 fps step and policy inference: 3718 fps total: 2202 epoch: 34/50000 frames: 270336
fps step: 5026 fps step and policy inference: 3711 fps total: 2283 epoch: 35/50000 frames: 278528
saving next best rewards:  [91.27]
=> saving checkpoint 'runs/dg5fs_unscrew_29266_damp100__07-22-15-35-21/nn/dg5fs_unscrew_29266_damp100.pth'
fps step: 5124 fps step and policy inference: 3780 fps total: 2283 epoch: 36/50000 frames: 286720
saving next best rewards:  [100.51]
=> saving checkpoint 'runs/dg5fs_unscrew_29266_damp100__07-22-15-35-21/nn/dg5fs_unscrew_29266_damp100.pth'
fps step: 5174 fps step and policy inference: 3848 fps total: 2287 epoch: 37/50000 frames: 294912
fps step: 4824 fps step and policy inference: 3678 fps total: 2192 epoch: 38/50000 frames: 303104
fps step: 5198 fps step and policy inference: 3845 fps total: 2296 epoch: 39/50000 frames: 311296
fps step: 5110 fps step and policy inference: 3845 fps total: 2333 epoch: 40/50000 frames: 319488
saving next best rewards:  [105.68]
=> saving checkpoint 'runs/dg5fs_unscrew_29266_damp100__07-22-15-35-21/nn/dg5fs_unscrew_29266_damp100.pth'
fps step: 5205 fps step and policy inference: 3876 fps total: 2273 epoch: 41/50000 frames: 327680
fps step: 4795 fps step and policy inference: 3688 fps total: 2258 epoch: 42/50000 frames: 335872
fps step: 5100 fps step and policy inference: 3778 fps total: 2259 epoch: 43/50000 frames: 344064
fps step: 4718 fps step and policy inference: 3654 fps total: 2224 epoch: 44/50000 frames: 352256
fps step: 4853 fps step and policy inference: 3703 fps total: 2248 epoch: 45/50000 frames: 360448
fps step: 4928 fps step and policy inference: 3776 fps total: 2300 epoch: 46/50000 frames: 368640
fps step: 4773 fps step and policy inference: 3612 fps total: 2147 epoch: 47/50000 frames: 376832
saving next best rewards:  [110.33]
=> saving checkpoint 'runs/dg5fs_unscrew_29266_damp100__07-22-15-35-21/nn/dg5fs_unscrew_29266_damp100.pth'
fps step: 4479 fps step and policy inference: 3400 fps total: 2076 epoch: 48/50000 frames: 385024
saving next best rewards:  [117.72]
=> saving checkpoint 'runs/dg5fs_unscrew_29266_damp100__07-22-15-35-21/nn/dg5fs_unscrew_29266_damp100.pth'
fps step: 4599 fps step and policy inference: 3540 fps total: 2121 epoch: 49/50000 frames: 393216
fps step: 4572 fps step and policy inference: 3555 fps total: 2170 epoch: 50/50000 frames: 401408
fps step: 4469 fps step and policy inference: 3430 fps total: 2049 epoch: 51/50000 frames: 409600
fps step: 4484 fps step and policy inference: 3442 fps total: 2071 epoch: 52/50000 frames: 417792
fps step: 4615 fps step and policy inference: 3505 fps total: 2116 epoch: 53/50000 frames: 425984
fps step: 4694 fps step and policy inference: 3568 fps total: 2124 epoch: 54/50000 frames: 434176
saving next best rewards:  [125.38]
=> saving checkpoint 'runs/dg5fs_unscrew_29266_damp100__07-22-15-35-21/nn/dg5fs_unscrew_29266_damp100.pth'
fps step: 4614 fps step and policy inference: 3559 fps total: 2190 epoch: 55/50000 frames: 442368
fps step: 4707 fps step and policy inference: 3625 fps total: 2216 epoch: 56/50000 frames: 450560
fps step: 5169 fps step and policy inference: 3815 fps total: 2299 epoch: 57/50000 frames: 458752
fps step: 5308 fps step and policy inference: 3806 fps total: 2295 epoch: 58/50000 frames: 466944
fps step: 5158 fps step and policy inference: 3808 fps total: 2316 epoch: 59/50000 frames: 475136
saving next best rewards:  [136.96]
=> saving checkpoint 'runs/dg5fs_unscrew_29266_damp100__07-22-15-35-21/nn/dg5fs_unscrew_29266_damp100.pth'
fps step: 5205 fps step and policy inference: 3817 fps total: 2309 epoch: 60/50000 frames: 483328
fps step: 5243 fps step and policy inference: 3808 fps total: 2328 epoch: 61/50000 frames: 491520
fps step: 5387 fps step and policy inference: 3820 fps total: 2313 epoch: 62/50000 frames: 499712
fps step: 5308 fps step and policy inference: 3800 fps total: 2316 epoch: 63/50000 frames: 507904
fps step: 5162 fps step and policy inference: 3853 fps total: 2320 epoch: 64/50000 frames: 516096
fps step: 5199 fps step and policy inference: 3821 fps total: 2302 epoch: 65/50000 frames: 524288
fps step: 5171 fps step and policy inference: 3860 fps total: 2333 epoch: 66/50000 frames: 532480
saving next best rewards:  [138.94]
=> saving checkpoint 'runs/dg5fs_unscrew_29266_damp100__07-22-15-35-21/nn/dg5fs_unscrew_29266_damp100.pth'
fps step: 5225 fps step and policy inference: 3845 fps total: 2318 epoch: 67/50000 frames: 540672
fps step: 5154 fps step and policy inference: 3800 fps total: 2303 epoch: 68/50000 frames: 548864
saving next best rewards:  [146.98]
=> saving checkpoint 'runs/dg5fs_unscrew_29266_damp100__07-22-15-35-21/nn/dg5fs_unscrew_29266_damp100.pth'
fps step: 5206 fps step and policy inference: 3812 fps total: 2309 epoch: 69/50000 frames: 557056
saving next best rewards:  [147.]
=> saving checkpoint 'runs/dg5fs_unscrew_29266_damp100__07-22-15-35-21/nn/dg5fs_unscrew_29266_damp100.pth'
fps step: 5344 fps step and policy inference: 3864 fps total: 2331 epoch: 70/50000 frames: 565248
fps step: 4861 fps step and policy inference: 3702 fps total: 2246 epoch: 71/50000 frames: 573440
fps step: 4856 fps step and policy inference: 3700 fps total: 2235 epoch: 72/50000 frames: 581632
fps step: 5190 fps step and policy inference: 3743 fps total: 2251 epoch: 73/50000 frames: 589824
saving next best rewards:  [151.32]
=> saving checkpoint 'runs/dg5fs_unscrew_29266_damp100__07-22-15-35-21/nn/dg5fs_unscrew_29266_damp100.pth'
fps step: 5058 fps step and policy inference: 3852 fps total: 2283 epoch: 74/50000 frames: 598016
fps step: 5086 fps step and policy inference: 3822 fps total: 2303 epoch: 75/50000 frames: 606208
fps step: 4833 fps step and policy inference: 3821 fps total: 2292 epoch: 76/50000 frames: 614400
saving next best rewards:  [153.75]
=> saving checkpoint 'runs/dg5fs_unscrew_29266_damp100__07-22-15-35-21/nn/dg5fs_unscrew_29266_damp100.pth'
fps step: 4879 fps step and policy inference: 3768 fps total: 2235 epoch: 77/50000 frames: 622592
fps step: 5220 fps step and policy inference: 3819 fps total: 2248 epoch: 78/50000 frames: 630784
saving next best rewards:  [174.82]
=> saving checkpoint 'runs/dg5fs_unscrew_29266_damp100__07-22-15-35-21/nn/dg5fs_unscrew_29266_damp100.pth'
fps step: 5255 fps step and policy inference: 3875 fps total: 2316 epoch: 79/50000 frames: 638976
fps step: 4842 fps step and policy inference: 3674 fps total: 2160 epoch: 80/50000 frames: 647168
fps step: 5089 fps step and policy inference: 3841 fps total: 2304 epoch: 81/50000 frames: 655360
fps step: 4968 fps step and policy inference: 3779 fps total: 2292 epoch: 82/50000 frames: 663552
fps step: 5012 fps step and policy inference: 3794 fps total: 2210 epoch: 83/50000 frames: 671744
saving next best rewards:  [178.48]
=> saving checkpoint 'runs/dg5fs_unscrew_29266_damp100__07-22-15-35-21/nn/dg5fs_unscrew_29266_damp100.pth'
fps step: 4558 fps step and policy inference: 3519 fps total: 2131 epoch: 84/50000 frames: 679936
saving next best rewards:  [184.08]
=> saving checkpoint 'runs/dg5fs_unscrew_29266_damp100__07-22-15-35-21/nn/dg5fs_unscrew_29266_damp100.pth'
fps step: 4447 fps step and policy inference: 3423 fps total: 2089 epoch: 85/50000 frames: 688128
fps step: 4632 fps step and policy inference: 3556 fps total: 2135 epoch: 86/50000 frames: 696320
fps step: 4562 fps step and policy inference: 3526 fps total: 2151 epoch: 87/50000 frames: 704512
saving next best rewards:  [190.72]
=> saving checkpoint 'runs/dg5fs_unscrew_29266_damp100__07-22-15-35-21/nn/dg5fs_unscrew_29266_damp100.pth'
fps step: 4672 fps step and policy inference: 3612 fps total: 2165 epoch: 88/50000 frames: 712704
saving next best rewards:  [192.28]
=> saving checkpoint 'runs/dg5fs_unscrew_29266_damp100__07-22-15-35-21/nn/dg5fs_unscrew_29266_damp100.pth'
fps step: 4635 fps step and policy inference: 3603 fps total: 2179 epoch: 89/50000 frames: 720896
fps step: 4754 fps step and policy inference: 3708 fps total: 2212 epoch: 90/50000 frames: 729088
fps step: 4590 fps step and policy inference: 3509 fps total: 2093 epoch: 91/50000 frames: 737280
fps step: 4653 fps step and policy inference: 3564 fps total: 2094 epoch: 92/50000 frames: 745472
fps step: 4408 fps step and policy inference: 3326 fps total: 2054 epoch: 93/50000 frames: 753664
fps step: 4550 fps step and policy inference: 3481 fps total: 2111 epoch: 94/50000 frames: 761856
fps step: 4514 fps step and policy inference: 3463 fps total: 2079 epoch: 95/50000 frames: 770048
fps step: 4441 fps step and policy inference: 3417 fps total: 2062 epoch: 96/50000 frames: 778240
fps step: 4484 fps step and policy inference: 3417 fps total: 2087 epoch: 97/50000 frames: 786432
fps step: 4667 fps step and policy inference: 3624 fps total: 2171 epoch: 98/50000 frames: 794624
saving next best rewards:  [215.39]
=> saving checkpoint 'runs/dg5fs_unscrew_29266_damp100__07-22-15-35-21/nn/dg5fs_unscrew_29266_damp100.pth'
fps step: 5084 fps step and policy inference: 3785 fps total: 2298 epoch: 99/50000 frames: 802816
fps step: 5152 fps step and policy inference: 3907 fps total: 2361 epoch: 100/50000 frames: 811008
=> saving checkpoint 'runs/dg5fs_unscrew_29266_damp100__07-22-15-35-21/nn/last_dg5fs_unscrew_29266_damp100_ep_100_rew_189.9723_sr_0.08388961851596832_fr_0.9161099195480347.pth'
fps step: 5158 fps step and policy inference: 3892 fps total: 2336 epoch: 101/50000 frames: 819200
fps step: 4899 fps step and policy inference: 3717 fps total: 2279 epoch: 102/50000 frames: 827392
fps step: 5246 fps step and policy inference: 3818 fps total: 2321 epoch: 103/50000 frames: 835584
saving next best rewards:  [219.53]
=> saving checkpoint 'runs/dg5fs_unscrew_29266_damp100__07-22-15-35-21/nn/dg5fs_unscrew_29266_damp100.pth'
fps step: 5183 fps step and policy inference: 3838 fps total: 2282 epoch: 104/50000 frames: 843776
fps step: 5202 fps step and policy inference: 3800 fps total: 2316 epoch: 105/50000 frames: 851968
fps step: 4983 fps step and policy inference: 3841 fps total: 2317 epoch: 106/50000 frames: 860160
saving next best rewards:  [226.93]
=> saving checkpoint 'runs/dg5fs_unscrew_29266_damp100__07-22-15-35-21/nn/dg5fs_unscrew_29266_damp100.pth'
fps step: 5127 fps step and policy inference: 3829 fps total: 2325 epoch: 107/50000 frames: 868352
fps step: 5117 fps step and policy inference: 3795 fps total: 2295 epoch: 108/50000 frames: 876544
fps step: 5065 fps step and policy inference: 3821 fps total: 2287 epoch: 109/50000 frames: 884736
saving next best rewards:  [227.76]
=> saving checkpoint 'runs/dg5fs_unscrew_29266_damp100__07-22-15-35-21/nn/dg5fs_unscrew_29266_damp100.pth'
fps step: 4842 fps step and policy inference: 3769 fps total: 2256 epoch: 110/50000 frames: 892928
saving next best rewards:  [229.05]
=> saving checkpoint 'runs/dg5fs_unscrew_29266_damp100__07-22-15-35-21/nn/dg5fs_unscrew_29266_damp100.pth'
fps step: 4543 fps step and policy inference: 3544 fps total: 2155 epoch: 111/50000 frames: 901120
fps step: 4685 fps step and policy inference: 3620 fps total: 2168 epoch: 112/50000 frames: 909312
fps step: 4569 fps step and policy inference: 3494 fps total: 2099 epoch: 113/50000 frames: 917504
fps step: 4476 fps step and policy inference: 3422 fps total: 2091 epoch: 114/50000 frames: 925696
fps step: 4597 fps step and policy inference: 3620 fps total: 2159 epoch: 115/50000 frames: 933888
fps step: 4599 fps step and policy inference: 3536 fps total: 2115 epoch: 116/50000 frames: 942080
fps step: 4721 fps step and policy inference: 3610 fps total: 2164 epoch: 117/50000 frames: 950272
fps step: 4648 fps step and policy inference: 3559 fps total: 2137 epoch: 118/50000 frames: 958464
saving next best rewards:  [237.47]
=> saving checkpoint 'runs/dg5fs_unscrew_29266_damp100__07-22-15-35-21/nn/dg5fs_unscrew_29266_damp100.pth'
fps step: 4568 fps step and policy inference: 3600 fps total: 2169 epoch: 119/50000 frames: 966656
saving next best rewards:  [266.07]
=> saving checkpoint 'runs/dg5fs_unscrew_29266_damp100__07-22-15-35-21/nn/dg5fs_unscrew_29266_damp100.pth'
fps step: 4542 fps step and policy inference: 3486 fps total: 2076 epoch: 120/50000 frames: 974848
fps step: 4470 fps step and policy inference: 3510 fps total: 2077 epoch: 121/50000 frames: 983040
fps step: 4560 fps step and policy inference: 3501 fps total: 2051 epoch: 122/50000 frames: 991232
fps step: 4507 fps step and policy inference: 3439 fps total: 2058 epoch: 123/50000 frames: 999424
fps step: 4599 fps step and policy inference: 3454 fps total: 2069 epoch: 124/50000 frames: 1007616
fps step: 4583 fps step and policy inference: 3601 fps total: 2141 epoch: 125/50000 frames: 1015808
fps step: 4626 fps step and policy inference: 3552 fps total: 2102 epoch: 126/50000 frames: 1024000
fps step: 4498 fps step and policy inference: 3435 fps total: 2047 epoch: 127/50000 frames: 1032192
saving next best rewards:  [272.78]
=> saving checkpoint 'runs/dg5fs_unscrew_29266_damp100__07-22-15-35-21/nn/dg5fs_unscrew_29266_damp100.pth'
fps step: 4447 fps step and policy inference: 3411 fps total: 2054 epoch: 128/50000 frames: 1040384
fps step: 4621 fps step and policy inference: 3499 fps total: 2101 epoch: 129/50000 frames: 1048576
fps step: 4521 fps step and policy inference: 3473 fps total: 2045 epoch: 130/50000 frames: 1056768
fps step: 4506 fps step and policy inference: 3513 fps total: 2182 epoch: 131/50000 frames: 1064960
fps step: 4538 fps step and policy inference: 3533 fps total: 2201 epoch: 132/50000 frames: 1073152
fps step: 4990 fps step and policy inference: 3834 fps total: 2288 epoch: 133/50000 frames: 1081344
saving next best rewards:  [273.44]
=> saving checkpoint 'runs/dg5fs_unscrew_29266_damp100__07-22-15-35-21/nn/dg5fs_unscrew_29266_damp100.pth'
fps step: 5088 fps step and policy inference: 3843 fps total: 2325 epoch: 134/50000 frames: 1089536
fps step: 5252 fps step and policy inference: 3798 fps total: 2302 epoch: 135/50000 frames: 1097728
fps step: 5216 fps step and policy inference: 3829 fps total: 2328 epoch: 136/50000 frames: 1105920
fps step: 5246 fps step and policy inference: 3867 fps total: 2318 epoch: 137/50000 frames: 1114112
fps step: 5091 fps step and policy inference: 3806 fps total: 2301 epoch: 138/50000 frames: 1122304
fps step: 5054 fps step and policy inference: 3855 fps total: 2337 epoch: 139/50000 frames: 1130496
fps step: 5093 fps step and policy inference: 3827 fps total: 2300 epoch: 140/50000 frames: 1138688
fps step: 5065 fps step and policy inference: 3869 fps total: 2318 epoch: 141/50000 frames: 1146880
fps step: 5038 fps step and policy inference: 3829 fps total: 2327 epoch: 142/50000 frames: 1155072
fps step: 5057 fps step and policy inference: 3830 fps total: 2328 epoch: 143/50000 frames: 1163264
saving next best rewards:  [303.18]
=> saving checkpoint 'runs/dg5fs_unscrew_29266_damp100__07-22-15-35-21/nn/dg5fs_unscrew_29266_damp100.pth'
fps step: 5165 fps step and policy inference: 3858 fps total: 2306 epoch: 144/50000 frames: 1171456
fps step: 5141 fps step and policy inference: 3832 fps total: 2291 epoch: 145/50000 frames: 1179648
fps step: 5102 fps step and policy inference: 3875 fps total: 2321 epoch: 146/50000 frames: 1187840
fps step: 5103 fps step and policy inference: 3880 fps total: 2338 epoch: 147/50000 frames: 1196032
fps step: 5188 fps step and policy inference: 3818 fps total: 2300 epoch: 148/50000 frames: 1204224
fps step: 5130 fps step and policy inference: 3899 fps total: 2324 epoch: 149/50000 frames: 1212416
fps step: 5138 fps step and policy inference: 3859 fps total: 2335 epoch: 150/50000 frames: 1220608
fps step: 5146 fps step and policy inference: 3926 fps total: 2348 epoch: 151/50000 frames: 1228800
fps step: 5072 fps step and policy inference: 3871 fps total: 2345 epoch: 152/50000 frames: 1236992
fps step: 5091 fps step and policy inference: 3813 fps total: 2304 epoch: 153/50000 frames: 1245184
fps step: 4796 fps step and policy inference: 3755 fps total: 2273 epoch: 154/50000 frames: 1253376
fps step: 5164 fps step and policy inference: 3859 fps total: 2316 epoch: 155/50000 frames: 1261568
saving next best rewards:  [315.41]
=> saving checkpoint 'runs/dg5fs_unscrew_29266_damp100__07-22-15-35-21/nn/dg5fs_unscrew_29266_damp100.pth'
fps step: 5207 fps step and policy inference: 3872 fps total: 2330 epoch: 156/50000 frames: 1269760
fps step: 5262 fps step and policy inference: 3898 fps total: 2346 epoch: 157/50000 frames: 1277952
fps step: 5119 fps step and policy inference: 3809 fps total: 2298 epoch: 158/50000 frames: 1286144
fps step: 5165 fps step and policy inference: 3872 fps total: 2329 epoch: 159/50000 frames: 1294336
fps step: 5163 fps step and policy inference: 3916 fps total: 2355 epoch: 160/50000 frames: 1302528
fps step: 5128 fps step and policy inference: 3855 fps total: 2321 epoch: 161/50000 frames: 1310720
fps step: 5102 fps step and policy inference: 3885 fps total: 2314 epoch: 162/50000 frames: 1318912
fps step: 5125 fps step and policy inference: 3915 fps total: 2359 epoch: 163/50000 frames: 1327104
fps step: 5124 fps step and policy inference: 3865 fps total: 2341 epoch: 164/50000 frames: 1335296
fps step: 5190 fps step and policy inference: 3866 fps total: 2319 epoch: 165/50000 frames: 1343488
fps step: 5271 fps step and policy inference: 3931 fps total: 2360 epoch: 166/50000 frames: 1351680
saving next best rewards:  [327.59]
=> saving checkpoint 'runs/dg5fs_unscrew_29266_damp100__07-22-15-35-21/nn/dg5fs_unscrew_29266_damp100.pth'
fps step: 5134 fps step and policy inference: 3877 fps total: 2352 epoch: 167/50000 frames: 1359872
saving next best rewards:  [331.14]
=> saving checkpoint 'runs/dg5fs_unscrew_29266_damp100__07-22-15-35-21/nn/dg5fs_unscrew_29266_damp100.pth'
fps step: 5084 fps step and policy inference: 3922 fps total: 2362 epoch: 168/50000 frames: 1368064
saving next best rewards:  [339.79]
=> saving checkpoint 'runs/dg5fs_unscrew_29266_damp100__07-22-15-35-21/nn/dg5fs_unscrew_29266_damp100.pth'
fps step: 5158 fps step and policy inference: 3879 fps total: 2329 epoch: 169/50000 frames: 1376256
fps step: 5212 fps step and policy inference: 3857 fps total: 2312 epoch: 170/50000 frames: 1384448
fps step: 5224 fps step and policy inference: 3921 fps total: 2366 epoch: 171/50000 frames: 1392640
fps step: 5195 fps step and policy inference: 3861 fps total: 2326 epoch: 172/50000 frames: 1400832
saving next best rewards:  [339.81]
=> saving checkpoint 'runs/dg5fs_unscrew_29266_damp100__07-22-15-35-21/nn/dg5fs_unscrew_29266_damp100.pth'
fps step: 5177 fps step and policy inference: 3969 fps total: 2370 epoch: 173/50000 frames: 1409024
fps step: 5088 fps step and policy inference: 3965 fps total: 2375 epoch: 174/50000 frames: 1417216
fps step: 5153 fps step and policy inference: 3864 fps total: 2315 epoch: 175/50000 frames: 1425408
fps step: 5131 fps step and policy inference: 3869 fps total: 2327 epoch: 176/50000 frames: 1433600
fps step: 5275 fps step and policy inference: 3883 fps total: 2330 epoch: 177/50000 frames: 1441792
fps step: 5293 fps step and policy inference: 3814 fps total: 2318 epoch: 178/50000 frames: 1449984
saving next best rewards:  [347.66]
=> saving checkpoint 'runs/dg5fs_unscrew_29266_damp100__07-22-15-35-21/nn/dg5fs_unscrew_29266_damp100.pth'
fps step: 5116 fps step and policy inference: 3861 fps total: 2321 epoch: 179/50000 frames: 1458176
fps step: 5236 fps step and policy inference: 3885 fps total: 2321 epoch: 180/50000 frames: 1466368
fps step: 5196 fps step and policy inference: 3863 fps total: 2344 epoch: 181/50000 frames: 1474560
fps step: 5184 fps step and policy inference: 3857 fps total: 2329 epoch: 182/50000 frames: 1482752
fps step: 5233 fps step and policy inference: 3874 fps total: 2340 epoch: 183/50000 frames: 1490944
fps step: 5211 fps step and policy inference: 3993 fps total: 2364 epoch: 184/50000 frames: 1499136
saving next best rewards:  [368.13]
=> saving checkpoint 'runs/dg5fs_unscrew_29266_damp100__07-22-15-35-21/nn/dg5fs_unscrew_29266_damp100.pth'
fps step: 5233 fps step and policy inference: 3933 fps total: 2343 epoch: 185/50000 frames: 1507328
fps step: 5091 fps step and policy inference: 3863 fps total: 2329 epoch: 186/50000 frames: 1515520
fps step: 5205 fps step and policy inference: 3880 fps total: 2339 epoch: 187/50000 frames: 1523712
fps step: 5263 fps step and policy inference: 3859 fps total: 2315 epoch: 188/50000 frames: 1531904
fps step: 5219 fps step and policy inference: 3908 fps total: 2334 epoch: 189/50000 frames: 1540096
fps step: 5050 fps step and policy inference: 3970 fps total: 2379 epoch: 190/50000 frames: 1548288
fps step: 5058 fps step and policy inference: 3851 fps total: 2300 epoch: 191/50000 frames: 1556480
fps step: 5198 fps step and policy inference: 3824 fps total: 2320 epoch: 192/50000 frames: 1564672
fps step: 5198 fps step and policy inference: 3900 fps total: 2346 epoch: 193/50000 frames: 1572864
fps step: 5166 fps step and policy inference: 3864 fps total: 2324 epoch: 194/50000 frames: 1581056
fps step: 5301 fps step and policy inference: 3884 fps total: 2334 epoch: 195/50000 frames: 1589248
fps step: 5137 fps step and policy inference: 3851 fps total: 2327 epoch: 196/50000 frames: 1597440
fps step: 5248 fps step and policy inference: 3987 fps total: 2370 epoch: 197/50000 frames: 1605632
fps step: 5136 fps step and policy inference: 3945 fps total: 2376 epoch: 198/50000 frames: 1613824
fps step: 5220 fps step and policy inference: 3888 fps total: 2327 epoch: 199/50000 frames: 1622016
fps step: 4948 fps step and policy inference: 3725 fps total: 2269 epoch: 200/50000 frames: 1630208
=> saving checkpoint 'runs/dg5fs_unscrew_29266_damp100__07-22-15-35-21/nn/last_dg5fs_unscrew_29266_damp100_ep_200_rew_355.1425_sr_0.2387591302394867_fr_0.7612402439117432.pth'
fps step: 5159 fps step and policy inference: 3898 fps total: 2348 epoch: 201/50000 frames: 1638400
fps step: 5097 fps step and policy inference: 3864 fps total: 2280 epoch: 202/50000 frames: 1646592
fps step: 4809 fps step and policy inference: 3727 fps total: 2185 epoch: 203/50000 frames: 1654784
saving next best rewards:  [374.5]
=> saving checkpoint 'runs/dg5fs_unscrew_29266_damp100__07-22-15-35-21/nn/dg5fs_unscrew_29266_damp100.pth'
fps step: 4802 fps step and policy inference: 3593 fps total: 2195 epoch: 204/50000 frames: 1662976
saving next best rewards:  [385.23]
=> saving checkpoint 'runs/dg5fs_unscrew_29266_damp100__07-22-15-35-21/nn/dg5fs_unscrew_29266_damp100.pth'
fps step: 4920 fps step and policy inference: 3775 fps total: 2290 epoch: 205/50000 frames: 1671168
saving next best rewards:  [394.83]
=> saving checkpoint 'runs/dg5fs_unscrew_29266_damp100__07-22-15-35-21/nn/dg5fs_unscrew_29266_damp100.pth'
fps step: 4926 fps step and policy inference: 3774 fps total: 2267 epoch: 206/50000 frames: 1679360
fps step: 4793 fps step and policy inference: 3818 fps total: 2283 epoch: 207/50000 frames: 1687552
fps step: 4912 fps step and policy inference: 3853 fps total: 2288 epoch: 208/50000 frames: 1695744
fps step: 4716 fps step and policy inference: 3632 fps total: 2202 epoch: 209/50000 frames: 1703936
fps step: 5162 fps step and policy inference: 3801 fps total: 2296 epoch: 210/50000 frames: 1712128
fps step: 4972 fps step and policy inference: 3782 fps total: 2320 epoch: 211/50000 frames: 1720320
fps step: 4987 fps step and policy inference: 3854 fps total: 2295 epoch: 212/50000 frames: 1728512
fps step: 4883 fps step and policy inference: 3777 fps total: 2312 epoch: 213/50000 frames: 1736704
fps step: 5231 fps step and policy inference: 3890 fps total: 2329 epoch: 214/50000 frames: 1744896
fps step: 5120 fps step and policy inference: 3909 fps total: 2350 epoch: 215/50000 frames: 1753088
fps step: 5171 fps step and policy inference: 3890 fps total: 2333 epoch: 216/50000 frames: 1761280
fps step: 5328 fps step and policy inference: 3870 fps total: 2334 epoch: 217/50000 frames: 1769472
fps step: 5179 fps step and policy inference: 3801 fps total: 2295 epoch: 218/50000 frames: 1777664
fps step: 5218 fps step and policy inference: 3809 fps total: 2318 epoch: 219/50000 frames: 1785856
fps step: 4817 fps step and policy inference: 3722 fps total: 2236 epoch: 220/50000 frames: 1794048
fps step: 5273 fps step and policy inference: 3912 fps total: 2331 epoch: 221/50000 frames: 1802240
fps step: 5237 fps step and policy inference: 3971 fps total: 2386 epoch: 222/50000 frames: 1810432
saving next best rewards:  [398.41]
=> saving checkpoint 'runs/dg5fs_unscrew_29266_damp100__07-22-15-35-21/nn/dg5fs_unscrew_29266_damp100.pth'
fps step: 4921 fps step and policy inference: 3840 fps total: 2323 epoch: 223/50000 frames: 1818624
fps step: 5138 fps step and policy inference: 3796 fps total: 2306 epoch: 224/50000 frames: 1826816
fps step: 5121 fps step and policy inference: 3899 fps total: 2359 epoch: 225/50000 frames: 1835008
fps step: 5285 fps step and policy inference: 3867 fps total: 2325 epoch: 226/50000 frames: 1843200
fps step: 5167 fps step and policy inference: 3859 fps total: 2339 epoch: 227/50000 frames: 1851392
fps step: 5238 fps step and policy inference: 3925 fps total: 2325 epoch: 228/50000 frames: 1859584
fps step: 5050 fps step and policy inference: 3931 fps total: 2345 epoch: 229/50000 frames: 1867776
fps step: 5079 fps step and policy inference: 3907 fps total: 2330 epoch: 230/50000 frames: 1875968
fps step: 5144 fps step and policy inference: 3849 fps total: 2303 epoch: 231/50000 frames: 1884160
saving next best rewards:  [412.27]
=> saving checkpoint 'runs/dg5fs_unscrew_29266_damp100__07-22-15-35-21/nn/dg5fs_unscrew_29266_damp100.pth'
fps step: 5244 fps step and policy inference: 3874 fps total: 2336 epoch: 232/50000 frames: 1892352
saving next best rewards:  [414.1]
=> saving checkpoint 'runs/dg5fs_unscrew_29266_damp100__07-22-15-35-21/nn/dg5fs_unscrew_29266_damp100.pth'
fps step: 5199 fps step and policy inference: 3961 fps total: 2375 epoch: 233/50000 frames: 1900544
fps step: 4811 fps step and policy inference: 3657 fps total: 2224 epoch: 234/50000 frames: 1908736
fps step: 5032 fps step and policy inference: 3745 fps total: 2291 epoch: 235/50000 frames: 1916928
fps step: 5212 fps step and policy inference: 3872 fps total: 2293 epoch: 236/50000 frames: 1925120
fps step: 4888 fps step and policy inference: 3786 fps total: 2293 epoch: 237/50000 frames: 1933312
fps step: 4838 fps step and policy inference: 3787 fps total: 2278 epoch: 238/50000 frames: 1941504
fps step: 5065 fps step and policy inference: 3872 fps total: 2336 epoch: 239/50000 frames: 1949696
fps step: 4981 fps step and policy inference: 3786 fps total: 2292 epoch: 240/50000 frames: 1957888
fps step: 5051 fps step and policy inference: 3937 fps total: 2358 epoch: 241/50000 frames: 1966080
fps step: 5150 fps step and policy inference: 3875 fps total: 2319 epoch: 242/50000 frames: 1974272
fps step: 5137 fps step and policy inference: 3847 fps total: 2311 epoch: 243/50000 frames: 1982464
fps step: 5181 fps step and policy inference: 3874 fps total: 2327 epoch: 244/50000 frames: 1990656
fps step: 5255 fps step and policy inference: 3950 fps total: 2361 epoch: 245/50000 frames: 1998848
fps step: 5225 fps step and policy inference: 3822 fps total: 2300 epoch: 246/50000 frames: 2007040
fps step: 5252 fps step and policy inference: 3916 fps total: 2340 epoch: 247/50000 frames: 2015232
fps step: 5044 fps step and policy inference: 3901 fps total: 2334 epoch: 248/50000 frames: 2023424
fps step: 5093 fps step and policy inference: 3970 fps total: 2382 epoch: 249/50000 frames: 2031616
fps step: 5173 fps step and policy inference: 3922 fps total: 2357 epoch: 250/50000 frames: 2039808
saving next best rewards:  [416.14]
=> saving checkpoint 'runs/dg5fs_unscrew_29266_damp100__07-22-15-35-21/nn/dg5fs_unscrew_29266_damp100.pth'
fps step: 5223 fps step and policy inference: 3864 fps total: 2310 epoch: 251/50000 frames: 2048000
fps step: 4744 fps step and policy inference: 3751 fps total: 2248 epoch: 252/50000 frames: 2056192
fps step: 5005 fps step and policy inference: 3742 fps total: 2252 epoch: 253/50000 frames: 2064384
saving next best rewards:  [417.7]
=> saving checkpoint 'runs/dg5fs_unscrew_29266_damp100__07-22-15-35-21/nn/dg5fs_unscrew_29266_damp100.pth'
fps step: 4595 fps step and policy inference: 3530 fps total: 2170 epoch: 254/50000 frames: 2072576
fps step: 4764 fps step and policy inference: 3718 fps total: 2171 epoch: 255/50000 frames: 2080768
fps step: 4919 fps step and policy inference: 3680 fps total: 2149 epoch: 256/50000 frames: 2088960
fps step: 5141 fps step and policy inference: 3870 fps total: 2319 epoch: 257/50000 frames: 2097152
fps step: 4732 fps step and policy inference: 3617 fps total: 2237 epoch: 258/50000 frames: 2105344
saving next best rewards:  [421.36]
=> saving checkpoint 'runs/dg5fs_unscrew_29266_damp100__07-22-15-35-21/nn/dg5fs_unscrew_29266_damp100.pth'
fps step: 5137 fps step and policy inference: 3895 fps total: 2322 epoch: 259/50000 frames: 2113536
fps step: 4837 fps step and policy inference: 3672 fps total: 2253 epoch: 260/50000 frames: 2121728
saving next best rewards:  [422.6]
=> saving checkpoint 'runs/dg5fs_unscrew_29266_damp100__07-22-15-35-21/nn/dg5fs_unscrew_29266_damp100.pth'
fps step: 5264 fps step and policy inference: 3956 fps total: 2379 epoch: 261/50000 frames: 2129920
fps step: 4840 fps step and policy inference: 3688 fps total: 2235 epoch: 262/50000 frames: 2138112
fps step: 5166 fps step and policy inference: 3854 fps total: 2303 epoch: 263/50000 frames: 2146304
fps step: 5058 fps step and policy inference: 3884 fps total: 2297 epoch: 264/50000 frames: 2154496
fps step: 5131 fps step and policy inference: 4020 fps total: 2411 epoch: 265/50000 frames: 2162688
fps step: 5172 fps step and policy inference: 3893 fps total: 2339 epoch: 266/50000 frames: 2170880
fps step: 5216 fps step and policy inference: 3797 fps total: 2234 epoch: 267/50000 frames: 2179072
fps step: 5078 fps step and policy inference: 3880 fps total: 2302 epoch: 268/50000 frames: 2187264
fps step: 5103 fps step and policy inference: 3960 fps total: 2332 epoch: 269/50000 frames: 2195456
fps step: 5009 fps step and policy inference: 3846 fps total: 2327 epoch: 270/50000 frames: 2203648
saving next best rewards:  [443.91]
=> saving checkpoint 'runs/dg5fs_unscrew_29266_damp100__07-22-15-35-21/nn/dg5fs_unscrew_29266_damp100.pth'
fps step: 5129 fps step and policy inference: 3905 fps total: 2328 epoch: 271/50000 frames: 2211840
fps step: 5127 fps step and policy inference: 4018 fps total: 2392 epoch: 272/50000 frames: 2220032
fps step: 5093 fps step and policy inference: 3863 fps total: 2341 epoch: 273/50000 frames: 2228224
saving next best rewards:  [453.]
=> saving checkpoint 'runs/dg5fs_unscrew_29266_damp100__07-22-15-35-21/nn/dg5fs_unscrew_29266_damp100.pth'
fps step: 4877 fps step and policy inference: 3659 fps total: 2200 epoch: 274/50000 frames: 2236416
fps step: 4732 fps step and policy inference: 3728 fps total: 2252 epoch: 275/50000 frames: 2244608
fps step: 4995 fps step and policy inference: 3961 fps total: 2301 epoch: 276/50000 frames: 2252800
fps step: 5010 fps step and policy inference: 3794 fps total: 2287 epoch: 277/50000 frames: 2260992
fps step: 4966 fps step and policy inference: 3872 fps total: 2277 epoch: 278/50000 frames: 2269184
fps step: 4957 fps step and policy inference: 3836 fps total: 2283 epoch: 279/50000 frames: 2277376
fps step: 4958 fps step and policy inference: 3806 fps total: 2270 epoch: 280/50000 frames: 2285568
fps step: 5058 fps step and policy inference: 3880 fps total: 2246 epoch: 281/50000 frames: 2293760
fps step: 4681 fps step and policy inference: 3643 fps total: 2166 epoch: 282/50000 frames: 2301952
fps step: 4736 fps step and policy inference: 3723 fps total: 2141 epoch: 283/50000 frames: 2310144
fps step: 4714 fps step and policy inference: 3680 fps total: 2178 epoch: 284/50000 frames: 2318336
fps step: 4622 fps step and policy inference: 3611 fps total: 2178 epoch: 285/50000 frames: 2326528
saving next best rewards:  [461.71]
=> saving checkpoint 'runs/dg5fs_unscrew_29266_damp100__07-22-15-35-21/nn/dg5fs_unscrew_29266_damp100.pth'
fps step: 4768 fps step and policy inference: 3666 fps total: 2107 epoch: 286/50000 frames: 2334720
fps step: 4808 fps step and policy inference: 3755 fps total: 2162 epoch: 287/50000 frames: 2342912
fps step: 4493 fps step and policy inference: 3529 fps total: 2129 epoch: 288/50000 frames: 2351104
fps step: 4690 fps step and policy inference: 3578 fps total: 2144 epoch: 289/50000 frames: 2359296
fps step: 4739 fps step and policy inference: 3588 fps total: 2109 epoch: 290/50000 frames: 2367488
fps step: 4462 fps step and policy inference: 3478 fps total: 2114 epoch: 291/50000 frames: 2375680
fps step: 4724 fps step and policy inference: 3633 fps total: 2171 epoch: 292/50000 frames: 2383872
fps step: 4811 fps step and policy inference: 3693 fps total: 2193 epoch: 293/50000 frames: 2392064
saving next best rewards:  [473.27]
=> saving checkpoint 'runs/dg5fs_unscrew_29266_damp100__07-22-15-35-21/nn/dg5fs_unscrew_29266_damp100.pth'
fps step: 4520 fps step and policy inference: 3545 fps total: 2127 epoch: 294/50000 frames: 2400256
fps step: 4818 fps step and policy inference: 3790 fps total: 2256 epoch: 295/50000 frames: 2408448
fps step: 4741 fps step and policy inference: 3674 fps total: 2176 epoch: 296/50000 frames: 2416640
fps step: 4454 fps step and policy inference: 3501 fps total: 2064 epoch: 297/50000 frames: 2424832
fps step: 4488 fps step and policy inference: 3528 fps total: 2092 epoch: 298/50000 frames: 2433024
saving next best rewards:  [502.2]
=> saving checkpoint 'runs/dg5fs_unscrew_29266_damp100__07-22-15-35-21/nn/dg5fs_unscrew_29266_damp100.pth'
fps step: 4477 fps step and policy inference: 3553 fps total: 2113 epoch: 299/50000 frames: 2441216
fps step: 4527 fps step and policy inference: 3532 fps total: 2131 epoch: 300/50000 frames: 2449408
=> saving checkpoint 'runs/dg5fs_unscrew_29266_damp100__07-22-15-35-21/nn/last_dg5fs_unscrew_29266_damp100_ep_300_rew_468.76303_sr_0.32027220726013184_fr_0.6797269582748413.pth'
fps step: 4563 fps step and policy inference: 3584 fps total: 2151 epoch: 301/50000 frames: 2457600
fps step: 4672 fps step and policy inference: 3510 fps total: 2128 epoch: 302/50000 frames: 2465792
fps step: 4447 fps step and policy inference: 3487 fps total: 2121 epoch: 303/50000 frames: 2473984
fps step: 4747 fps step and policy inference: 3735 fps total: 2209 epoch: 304/50000 frames: 2482176
fps step: 4653 fps step and policy inference: 3617 fps total: 2157 epoch: 305/50000 frames: 2490368
fps step: 4719 fps step and policy inference: 3631 fps total: 2159 epoch: 306/50000 frames: 2498560
fps step: 4643 fps step and policy inference: 3629 fps total: 2165 epoch: 307/50000 frames: 2506752
fps step: 4591 fps step and policy inference: 3617 fps total: 2136 epoch: 308/50000 frames: 2514944
fps step: 4575 fps step and policy inference: 3549 fps total: 2135 epoch: 309/50000 frames: 2523136
fps step: 4602 fps step and policy inference: 3535 fps total: 2086 epoch: 310/50000 frames: 2531328
fps step: 4279 fps step and policy inference: 3320 fps total: 1976 epoch: 311/50000 frames: 2539520
fps step: 4096 fps step and policy inference: 3213 fps total: 1907 epoch: 312/50000 frames: 2547712
fps step: 4364 fps step and policy inference: 3374 fps total: 2018 epoch: 313/50000 frames: 2555904
fps step: 4286 fps step and policy inference: 3305 fps total: 1915 epoch: 314/50000 frames: 2564096
fps step: 4097 fps step and policy inference: 3245 fps total: 1956 epoch: 315/50000 frames: 2572288
fps step: 4048 fps step and policy inference: 3177 fps total: 1921 epoch: 316/50000 frames: 2580480
fps step: 4250 fps step and policy inference: 3212 fps total: 1943 epoch: 317/50000 frames: 2588672
fps step: 4386 fps step and policy inference: 3326 fps total: 1930 epoch: 318/50000 frames: 2596864
fps step: 4342 fps step and policy inference: 3391 fps total: 1991 epoch: 319/50000 frames: 2605056
fps step: 3981 fps step and policy inference: 3088 fps total: 1858 epoch: 320/50000 frames: 2613248
fps step: 4525 fps step and policy inference: 3452 fps total: 2083 epoch: 321/50000 frames: 2621440
fps step: 4491 fps step and policy inference: 3416 fps total: 2062 epoch: 322/50000 frames: 2629632
fps step: 4618 fps step and policy inference: 3579 fps total: 2124 epoch: 323/50000 frames: 2637824
fps step: 4501 fps step and policy inference: 3468 fps total: 2088 epoch: 324/50000 frames: 2646016
fps step: 4630 fps step and policy inference: 3555 fps total: 2103 epoch: 325/50000 frames: 2654208
fps step: 4563 fps step and policy inference: 3480 fps total: 2069 epoch: 326/50000 frames: 2662400
fps step: 4617 fps step and policy inference: 3564 fps total: 2115 epoch: 327/50000 frames: 2670592
fps step: 4492 fps step and policy inference: 3480 fps total: 2110 epoch: 328/50000 frames: 2678784
fps step: 4549 fps step and policy inference: 3522 fps total: 2064 epoch: 329/50000 frames: 2686976
fps step: 4394 fps step and policy inference: 3391 fps total: 2083 epoch: 330/50000 frames: 2695168
fps step: 4682 fps step and policy inference: 3701 fps total: 2184 epoch: 331/50000 frames: 2703360
fps step: 4818 fps step and policy inference: 3681 fps total: 2249 epoch: 332/50000 frames: 2711552
fps step: 4700 fps step and policy inference: 3631 fps total: 2207 epoch: 333/50000 frames: 2719744
fps step: 5113 fps step and policy inference: 3928 fps total: 2261 epoch: 334/50000 frames: 2727936
fps step: 4696 fps step and policy inference: 3564 fps total: 2137 epoch: 335/50000 frames: 2736128
fps step: 4838 fps step and policy inference: 3721 fps total: 2247 epoch: 336/50000 frames: 2744320
fps step: 4805 fps step and policy inference: 3686 fps total: 2200 epoch: 337/50000 frames: 2752512
fps step: 4909 fps step and policy inference: 3847 fps total: 2233 epoch: 338/50000 frames: 2760704
fps step: 4699 fps step and policy inference: 3544 fps total: 2087 epoch: 339/50000 frames: 2768896
fps step: 4794 fps step and policy inference: 3690 fps total: 2254 epoch: 340/50000 frames: 2777088
fps step: 5152 fps step and policy inference: 3931 fps total: 2259 epoch: 341/50000 frames: 2785280
fps step: 4763 fps step and policy inference: 3758 fps total: 2282 epoch: 342/50000 frames: 2793472
fps step: 4784 fps step and policy inference: 3769 fps total: 2293 epoch: 343/50000 frames: 2801664
fps step: 5079 fps step and policy inference: 3903 fps total: 2338 epoch: 344/50000 frames: 2809856
fps step: 5048 fps step and policy inference: 3889 fps total: 2315 epoch: 345/50000 frames: 2818048
fps step: 4801 fps step and policy inference: 3840 fps total: 2282 epoch: 346/50000 frames: 2826240
fps step: 5033 fps step and policy inference: 3871 fps total: 2300 epoch: 347/50000 frames: 2834432
fps step: 4908 fps step and policy inference: 3801 fps total: 2261 epoch: 348/50000 frames: 2842624
fps step: 4896 fps step and policy inference: 3773 fps total: 2277 epoch: 349/50000 frames: 2850816
fps step: 4916 fps step and policy inference: 3785 fps total: 2299 epoch: 350/50000 frames: 2859008
fps step: 5160 fps step and policy inference: 3961 fps total: 2352 epoch: 351/50000 frames: 2867200
fps step: 5200 fps step and policy inference: 3887 fps total: 2337 epoch: 352/50000 frames: 2875392
fps step: 4973 fps step and policy inference: 3722 fps total: 2230 epoch: 353/50000 frames: 2883584
fps step: 4565 fps step and policy inference: 3522 fps total: 2117 epoch: 354/50000 frames: 2891776
fps step: 4690 fps step and policy inference: 3561 fps total: 2132 epoch: 355/50000 frames: 2899968
fps step: 4502 fps step and policy inference: 3560 fps total: 2123 epoch: 356/50000 frames: 2908160
fps step: 4560 fps step and policy inference: 3638 fps total: 2143 epoch: 357/50000 frames: 2916352
fps step: 4587 fps step and policy inference: 3586 fps total: 2129 epoch: 358/50000 frames: 2924544
saving next best rewards:  [502.34]
=> saving checkpoint 'runs/dg5fs_unscrew_29266_damp100__07-22-15-35-21/nn/dg5fs_unscrew_29266_damp100.pth'
fps step: 4660 fps step and policy inference: 3523 fps total: 2132 epoch: 359/50000 frames: 2932736
fps step: 4712 fps step and policy inference: 3633 fps total: 2159 epoch: 360/50000 frames: 2940928
fps step: 4636 fps step and policy inference: 3630 fps total: 2180 epoch: 361/50000 frames: 2949120
fps step: 4527 fps step and policy inference: 3530 fps total: 2091 epoch: 362/50000 frames: 2957312
fps step: 4546 fps step and policy inference: 3597 fps total: 2132 epoch: 363/50000 frames: 2965504
fps step: 4509 fps step and policy inference: 3577 fps total: 2129 epoch: 364/50000 frames: 2973696
saving next best rewards:  [524.55]
=> saving checkpoint 'runs/dg5fs_unscrew_29266_damp100__07-22-15-35-21/nn/dg5fs_unscrew_29266_damp100.pth'
fps step: 4632 fps step and policy inference: 3608 fps total: 2151 epoch: 365/50000 frames: 2981888
fps step: 4629 fps step and policy inference: 3566 fps total: 2128 epoch: 366/50000 frames: 2990080
fps step: 4605 fps step and policy inference: 3599 fps total: 2167 epoch: 367/50000 frames: 2998272
saving next best rewards:  [539.65]
=> saving checkpoint 'runs/dg5fs_unscrew_29266_damp100__07-22-15-35-21/nn/dg5fs_unscrew_29266_damp100.pth'
fps step: 4641 fps step and policy inference: 3664 fps total: 2181 epoch: 368/50000 frames: 3006464
fps step: 4635 fps step and policy inference: 3587 fps total: 2123 epoch: 369/50000 frames: 3014656
fps step: 4557 fps step and policy inference: 3545 fps total: 2091 epoch: 370/50000 frames: 3022848
fps step: 4529 fps step and policy inference: 3501 fps total: 2124 epoch: 371/50000 frames: 3031040
fps step: 4481 fps step and policy inference: 3504 fps total: 2093 epoch: 372/50000 frames: 3039232
fps step: 4464 fps step and policy inference: 3435 fps total: 2103 epoch: 373/50000 frames: 3047424
fps step: 4539 fps step and policy inference: 3513 fps total: 2086 epoch: 374/50000 frames: 3055616
fps step: 4588 fps step and policy inference: 3544 fps total: 2132 epoch: 375/50000 frames: 3063808
fps step: 4534 fps step and policy inference: 3532 fps total: 2151 epoch: 376/50000 frames: 3072000
fps step: 4661 fps step and policy inference: 3625 fps total: 2170 epoch: 377/50000 frames: 3080192
fps step: 4694 fps step and policy inference: 3670 fps total: 2136 epoch: 378/50000 frames: 3088384
fps step: 4710 fps step and policy inference: 3714 fps total: 2174 epoch: 379/50000 frames: 3096576
fps step: 4691 fps step and policy inference: 3630 fps total: 2123 epoch: 380/50000 frames: 3104768
fps step: 4464 fps step and policy inference: 3494 fps total: 2078 epoch: 381/50000 frames: 3112960
fps step: 4585 fps step and policy inference: 3582 fps total: 2121 epoch: 382/50000 frames: 3121152
fps step: 4636 fps step and policy inference: 3536 fps total: 2133 epoch: 383/50000 frames: 3129344
tools/train_stage2.sh: line 35: 502173 Killed                  $PY main/rl/train.py task=ResDexHand dexhand=dg5fs side=RH headless=true num_envs="$NUM_ENVS" learning_rate=2e-4 randomStateInit=true usePIDControl=True actionsMovingAverage=0.4 max_iterations="$MAXIT" early_stop_epochs="$ESTOP" rh_base_model_checkpoint="$CKPT" lh_base_model_checkpoint="$CKPT" dataIndices="[$IDX]" experiment="$EXP"
