Stage-2: idx=29266@1, base=runs/dg5fs_imitator_rh_B__07-20-21-00-14/nn/dg5fs_imitator_rh_B.pth, num_envs=256, exp=dg5fs_unscrew_29266_unscrewrew
Importing module 'gym_38' (/home/leegyuwon/Documents/isaacgym/python/isaacgym/_bindings/linux-x86_64/gym_38.so)
Setting GYM_USD_PLUG_INFO_PATH to /home/leegyuwon/Documents/isaacgym/python/isaacgym/_bindings/linux-x86_64/usd/plugInfo.json
PyTorch version 1.13.1+cu117
Device count 1
/home/leegyuwon/Documents/isaacgym/python/isaacgym/_bindings/src/gymtorch
/home/leegyuwon/Documents/miniconda3/envs/maniptrans/lib/python3.8/site-packages/hydra/_internal/hydra.py:119: UserWarning: Future Hydra versions will no longer change working directory at job runtime by default.
See https://hydra.cc/docs/1.2/upgrades/1.1_to_1.2/changes_to_job_working_dir/ for more information.
  ret = run_job(
Gym has been unmaintained since 2022 and does not support NumPy 2.0 amongst other critical functionality.
Please upgrade to Gymnasium, the maintained drop-in replacement of Gym, or contact the authors of your software and request that they upgrade.
See the migration guide at https://gymnasium.farama.org/introduction/migration_guide/ for additional information.
/home/leegyuwon/Documents/miniconda3/envs/maniptrans/lib/python3.8/site-packages/torch/utils/cpp_extension.py:25: DeprecationWarning: pkg_resources is deprecated as an API. See https://setuptools.pypa.io/en/latest/pkg_resources.html
  from pkg_resources import packaging  # type: ignore[attr-defined]
/home/leegyuwon/Documents/miniconda3/envs/maniptrans/lib/python3.8/site-packages/pkg_resources/__init__.py:3154: DeprecationWarning: Deprecated call to `pkg_resources.declare_namespace('mpl_toolkits')`.
Implementing implicit namespace packages (as specified in PEP 420) is preferred to `pkg_resources.declare_namespace`. See https://setuptools.pypa.io/en/latest/references/keywords.html#keyword-namespace-packages
  declare_namespace(pkg)
/home/leegyuwon/Documents/miniconda3/envs/maniptrans/lib/python3.8/site-packages/pkg_resources/__init__.py:3154: DeprecationWarning: Deprecated call to `pkg_resources.declare_namespace('google')`.
Implementing implicit namespace packages (as specified in PEP 420) is preferred to `pkg_resources.declare_namespace`. See https://setuptools.pypa.io/en/latest/references/keywords.html#keyword-namespace-packages
  declare_namespace(pkg)
Using /home/leegyuwon/.cache/torch_extensions/py38_cu117 as PyTorch extensions root...
Emitting ninja build file /home/leegyuwon/.cache/torch_extensions/py38_cu117/gymtorch/build.ninja...
Building extension module gymtorch...
Allowing ninja to set a default number of workers... (overridable by setting the environment variable MAX_JOBS=N)
ninja: no work to do.
task: 
    name: ResDexHandRH
    physics_engine: physx
    seed: 42
    env: 
        numEnvs: 256
        dexhand: dg5fs
        episodeLength: 1200
        training: True
        usePIDControl: True
        rolloutStateInit: False
        randomStateInit: True
        dataIndices: ['29266@1']
        obsFutureLength: 1
        rolloutLen: None
        rolloutBegin: None
        clipObservations: 5.0
        clipActions: 1.0
        furniture: just_one_leg
        frankaDofNoise: 0.25
        targetLiftHeight: 0.05
        distanceReward: 0.1
        liftReward: 1.0
        successReward: 1.0
        aggregateMode: 3
        tightenMethod: exp_decay
        tightenFactor: 0.7
        tightenSteps: 3200
        actionScale: 1.0
        useQuatRot: False
        propDumpInfo: 
            q_rh: 20
            q_lh: 20
            dq_rh: 20
            dq_lh: 20
            state_rh: 13
            state_lh: 13
            state_manip_obj_rh: 13
            state_manip_obj_lh: 13
            joint_state_rh: 338
            joint_state_lh: 338
            tip_force_rh: 15
            tip_force_lh: 15
            reward: 1
        actionsMovingAverage: 0.4
        translationScale: 1.0
        orientationScale: 0.1
        bimanual_mode: united
        propObsDim: 73
        obsKeys: ['q', 'cos_q', 'sin_q', 'base_state']
        privilegedObsDim: 57
        privilegedObsKeys: ['dq', 'manip_obj_pos', 'manip_obj_quat', 'manip_obj_vel', 'manip_obj_ang_vel', 'tip_force', 'manip_obj_com', 'manip_obj_weight']
        enableCameraSensors: False
    sim: 
        dt: 0.0166667
        substeps: 2
        up_axis: z
        use_gpu_pipeline: True
        gravity: [0.0, 0.0, -9.81]
        physx: 
            num_threads: 4
            solver_type: 1
            use_gpu: True
            num_position_iterations: 8
            num_velocity_iterations: 1
            contact_offset: 0.005
            rest_offset: 0.0
            bounce_threshold_velocity: 0.2
            max_depenetration_velocity: 1000.0
            default_buffer_size_multiplier: 5.0
            max_gpu_contact_pairs: 1048576
            num_subscenes: 4
            contact_collection: 1
    task: 
        randomize: True
        randomization_params: 
            frequency: 32
            sim_params: 
                gravity: 
                    operation: scaling
                    schedule: linear_decay
                    schedule_steps: 1920
                    external_sample: 
                        type: const_scale
                        init_value: 0
            actor_params: 
                manip_obj: 
                    color: True
                    rigid_shape_properties: 
                        friction: 
                            num_buckets: 250
                            operation: scaling
                            schedule: linear_decay
                            schedule_steps: 1920
                            external_sample: 
                                type: const_scale
                                init_value: 3
                                upper_bound: 6.0
                                lower_bound: 1.0
                manip_obj_rh: 
                    color: True
                    rigid_shape_properties: 
                        friction: 
                            num_buckets: 250
                            operation: scaling
                            schedule: linear_decay
                            schedule_steps: 1920
                            external_sample: 
                                type: const_scale
                                init_value: 3
                                upper_bound: 6.0
                                lower_bound: 1.0
                manip_obj_lh: 
                    color: True
                    rigid_shape_properties: 
                        friction: 
                            num_buckets: 250
                            operation: scaling
                            schedule: linear_decay
                            schedule_steps: 1920
                            external_sample: 
                                type: const_scale
                                init_value: 3
                                upper_bound: 6.0
                                lower_bound: 1.0
rl_train: 
    params: 
        seed: 42
        algo: 
            name: ppo
        model: 
            name: res_rh_my_continuous_a2c_logstd
            base_model_obs_shape: 
                privileged: 20
                proprioception: 73
                target: 248
            rh_base_model_checkpoint: runs/dg5fs_imitator_rh_B__07-20-21-00-14/nn/dg5fs_imitator_rh_B.pth
            lh_base_model_checkpoint: runs/dg5fs_imitator_rh_B__07-20-21-00-14/nn/dg5fs_imitator_rh_B.pth
        network: 
            name: res_rh_dict_obs_actor_critic
            separate: False
            space: 
                continuous: 
                    mu_activation: None
                    sigma_activation: None
                    mu_init: 
                        name: glorot_normal_initializer
                        gain: 0.01
                    sigma_init: 
                        name: const_initializer
                        val: -1
                    fixed_sigma: True
            dict_feature_encoder: 
                _target_: lib.nn.features.SimpleFeatureFusion
                extractors: 
                    privileged: 
                        _target_: lib.nn.features.Identity
                        input_dim: 57
                    proprioception: 
                        _target_: lib.nn.features.Identity
                        input_dim: 73
                    target: 
                        _target_: lib.nn.features.Identity
                        input_dim: 430
                hidden_depth: 3
                hidden_dim: 512
                output_dim: 256
                activation: swish
                add_input_activation: False
                add_output_activation: False
            mlp: 
                units: [256, 512, 128, 64]
                activation: elu
                d2rl: False
                initializer: 
                    name: default
                regularizer: 
                    name: None
            base_model: 
                name: dict_obs_actor_critic
                rh_checkpoint: runs/dg5fs_imitator_rh_B__07-20-21-00-14/nn/dg5fs_imitator_rh_B.pth
                lh_checkpoint: runs/dg5fs_imitator_rh_B__07-20-21-00-14/nn/dg5fs_imitator_rh_B.pth
                separate: False
                action_size: 26
                space: 
                    continuous: 
                        mu_activation: None
                        sigma_activation: None
                        mu_init: 
                            name: default
                        sigma_init: 
                            name: const_initializer
                            val: 0
                        fixed_sigma: True
                dict_feature_encoder: 
                    _target_: lib.nn.features.SimpleFeatureFusion
                    extractors: 
                        privileged: 
                            _target_: lib.nn.features.Identity
                            input_dim: 20
                        proprioception: 
                            _target_: lib.nn.features.Identity
                            input_dim: 73
                        target: 
                            _target_: lib.nn.features.Identity
                            input_dim: 248
                    hidden_depth: 3
                    hidden_dim: 512
                    output_dim: 256
                    activation: swish
                    add_input_activation: False
                    add_output_activation: False
                mlp: 
                    units: [256, 512, 128, 64]
                    activation: elu
                    d2rl: False
                    initializer: 
                        name: default
                    regularizer: 
                        name: None
        load_checkpoint: False
        load_path: 
        rh_base_model_checkpoint: [Warning] [carb.gym.plugin] useGpu is set, forcing single scene (0 subscenes)
Not connected to PVD
+++ Using GPU PhysX
Physics Engine: PhysX
Physics Device: cuda:0
GPU Pipeline: enabled
Loading extension module gymtorch...
/home/leegyuwon/Documents/isaacgym/python/isaacgym/torch_utils.py:135: DeprecationWarning: `np.float` is a deprecated alias for the builtin `float`. To silence this warning, use `float` by itself. Doing this will not modify any behavior and is safe. If you specifically wanted the numpy scalar type, use `np.float64` here.
Deprecated in NumPy 1.20; for more details and guidance: https://numpy.org/devdocs/release/1.20.0-notes.html#deprecations
  def get_axis_params(value, axis_idx, x_value=0., dtype=np.float, n_dims=3):
/home/leegyuwon/Documents/miniconda3/envs/maniptrans/lib/python3.8/site-packages/networkx/classes/graph.py:23: DeprecationWarning: Using or importing the ABCs from 'collections' instead of from 'collections.abc' is deprecated since Python 3.3, and in 3.10 it will stop working
  from collections import Mapping
/home/leegyuwon/Documents/miniconda3/envs/maniptrans/lib/python3.8/site-packages/networkx/classes/reportviews.py:95: DeprecationWarning: Using or importing the ABCs from 'collections' instead of from 'collections.abc' is deprecated since Python 3.3, and in 3.10 it will stop working
  from collections import Mapping, Set, Iterable
/home/leegyuwon/Documents/miniconda3/envs/maniptrans/lib/python3.8/site-packages/networkx/readwrite/graphml.py:346: DeprecationWarning: `np.int` is a deprecated alias for the builtin `int`. To silence this warning, use `int` by itself. Doing this will not modify any behavior and is safe. When replacing `np.int`, you may wish to use e.g. `np.int64` or `np.int32` to specify the precision. If you wish to review your current use, check the release note link for additional information.
Deprecated in NumPy 1.20; for more details and guidance: https://numpy.org/devdocs/release/1.20.0-notes.html#deprecations
  (np.int, "int"), (np.int8, "int"),
/home/leegyuwon/Documents/miniconda3/envs/maniptrans/lib/python3.8/site-packages/wandb/util.py:116: SentryHubDeprecationWarning: `sentry_sdk.Hub` is deprecated and will be removed in a future major release. Please consult our 1.x to 2.x migration guide for details on how to migrate `Hub` usage to the new API: https://docs.sentry.io/platforms/python/migration/1.x-to-2.x
  sentry_hub = sentry_sdk.Hub(sentry_client)
/home/leegyuwon/Documents/miniconda3/envs/maniptrans/lib/python3.8/site-packages/torch/utils/tensorboard/__init__.py:4: DeprecationWarning: distutils Version classes are deprecated. Use packaging.version instead.
  if not hasattr(tensorboard, "__version__") or LooseVersion(
/home/leegyuwon/Documents/miniconda3/envs/maniptrans/lib/python3.8/site-packages/gym/spaces/box.py:84: UserWarning: [33mWARN: Box bound precision lowered by casting to float32[0m
  logger.warn(f"Box bound precision lowered by casting to {self.dtype}")
/home/leegyuwon/Documents/ManipTrans/maniptrans_envs/lib/envs/tasks/dexhandmanip_sh.py:289: DeprecationWarning: an integer is required (got type isaacgym._bindings.linux-x86_64.gym_38.DofDriveMode).  Implicit conversion to integers using __int__ is deprecated, and may be removed in a future version of Python.
  asset_options.default_dof_drive_mode = gymapi.DOF_MODE_POS
runs/dg5fs_imitator_rh_B__07-20-21-00-14/nn/dg5fs_imitator_rh_B.pth
        lh_base_model_checkpoint: runs/dg5fs_imitator_rh_B__07-20-21-00-14/nn/dg5fs_imitator_rh_B.pth
        dexhand: dg5fs
        base_privileged_dim: 20
        base_proprioception_dim: 73
        base_target_dim: 248
        config: 
            name: dg5fs_unscrew_29266_unscrewrew
            full_experiment_name: dg5fs_unscrew_29266_unscrewrew
            env_name: rlgpu
            multi_gpu: False
            ppo: True
            mixed_precision: False
            normalize_input: True
            normalize_input_excluded_keys: []
            normalize_value: True
            use_pid_control: True
            value_bootstrap: True
            num_actors: 256
            reward_shaper: 
                scale_value: 1.0
            normalize_advantage: True
            gamma: 0.99
            tau: 0.95
            learning_rate: 0.0002
            lr_schedule: warmup
            warmup_steps: 10
            schedule_type: standard
            kl_threshold: 0.008
            score_to_win: 10000
            max_epochs: 50000
            early_stop_epochs: 50000
            save_best_after: 2
            save_frequency: 100
            print_stats: True
            grad_norm: 1.0
            entropy_coef: 0.0
            truncate_grads: True
            e_clip: 0.2
            horizon_length: 32
            minibatch_size: 1024
            mini_epochs: 5
            critic_coef: 4
            clip_value: True
            seq_len: 4
            bounds_loss_coef: 0.0001
            use_soft_clamp: True
            mix_ratio: 0.5
task_name: ResDexHandRH
experiment: dg5fs_unscrew_29266_unscrewrew
side: RH
bimanual_mode: united
dexhand: dg5fs
rh_base_model_checkpoint: runs/dg5fs_imitator_rh_B__07-20-21-00-14/nn/dg5fs_imitator_rh_B.pth
lh_base_model_checkpoint: runs/dg5fs_imitator_rh_B__07-20-21-00-14/nn/dg5fs_imitator_rh_B.pth
num_envs: 256
rolloutStateInit: False
randomStateInit: True
rolloutLen: None
rolloutBegin: None
learning_rate: 0.0002
actionsMovingAverage: 0.4
usePIDControl: True
dataIndices: ['29266@1']
seed: 42
torch_deterministic: False
max_iterations: 50000
early_stop_epochs: 50000
physics_engine: physx
pipeline: gpu
sim_device: cuda:0
rl_device: cuda:0
graphics_device_id: 0
num_threads: 4
solver_type: 1
num_subscenes: 4
test: False
save_rollouts: False
save_successful_rollouts_only: True
num_rollouts_to_save: 20000
num_rollouts_to_run: 9999999999999
min_episode_length: 20
checkpoint: 
from_ckpt_epoch: False
sigma: 
multi_gpu: False
wandb_activate: False
wandb_group: 
wandb_name: dg5fs_unscrew_29266_unscrewrew
wandb_entity: None
wandb_project: None
wandb_tags: []
wandb_logcode_dir: 
capture_video: False
n_parallel_recorders: 8
n_successful_videos_to_record: 50
display: False
headless: True
Setting seed: 42
Using rl_device: cuda:0
Using sim_device: cuda:0
{'name': 'dg5fs_unscrew_29266_unscrewrew', 'full_experiment_name': None, 'env_name': 'rlgpu', 'multi_gpu': False, 'ppo': True, 'mixed_precision': False, 'normalize_input': True, 'normalize_input_excluded_keys': [], 'normalize_value': True, 'use_pid_control': True, 'value_bootstrap': True, 'num_actors': 256, 'reward_shaper': {'scale_value': 1.0}, 'normalize_advantage': True, 'gamma': 0.99, 'tau': 0.95, 'learning_rate': 0.0002, 'lr_schedule': 'warmup', 'warmup_steps': 10, 'schedule_type': 'standard', 'kl_threshold': 0.008, 'score_to_win': 10000, 'max_epochs': 50000, 'early_stop_epochs': 50000, 'save_best_after': 2, 'save_frequency': 100, 'print_stats': True, 'grad_norm': 1.0, 'entropy_coef': 0.0, 'truncate_grads': True, 'e_clip': 0.2, 'horizon_length': 32, 'minibatch_size': 1024, 'mini_epochs': 5, 'critic_coef': 4, 'clip_value': True, 'seq_len': 4, 'bounds_loss_coef': 0.0001, 'use_soft_clamp': True, 'mix_ratio': 0.5, 'device': 'cuda:0', 'population_based_training': False, 'pbt_idx': None}
self.seed = 42
Started to train
Exact experiment name requested from command line: dg5fs_unscrew_29266_unscrewrew__07-22-14-46-51
Num dexhand Bodies: 26
Num dexhand DOFs: 20
  0%|          | 0/256 [00:00<?, ?it/s]  0%|          | 1/256 [00:17<1:14:22, 17.50s/it]100%|██████████| 256/256 [00:17<00:00, 14.62it/s][imitate_retarget] Stage-2 손 타겟 = 리타겟 결과(opt_*) (B방식, 물체 궤적은 원본)
[cap_rot_only] trajectory 트림 → seq_len ≤ 370 (돌리는 구간까지)
[cap_rot_only] 뚜껑 위치 고정 + 나사축 1-DOF 회전 구속, 텀블러 몸체 없음
[cap_unscrew_rew] 풀림방향 회전 보상 활성 (기준 각속도=0.59 rad/s, obj_rot_w=0.5, unscrew_w=5.0)
WARNING: seq_len is deprecated, use seq_length instead
seq_length: 4
current training device: cuda:0
build mlp: 285
build mlp: 256
RunningMeanStd:  (1,)
RunningMeanStd:  (57,)
RunningMeanStd:  (73,)
RunningMeanStd:  (430,)
RunningMeanStd:  (1,)
RunningMeanStd:  (20,)
RunningMeanStd:  (73,)
RunningMeanStd:  (248,)
fps step: 3234 fps step and policy inference: 2675 fps total: 1821 epoch: 1/50000 frames: 0
fps step: 4907 fps step and policy inference: 3709 fps total: 2227 epoch: 2/50000 frames: 8192
saving next best rewards:  [48.95]
=> saving checkpoint 'runs/dg5fs_unscrew_29266_unscrewrew__07-22-14-46-51/nn/dg5fs_unscrew_29266_unscrewrew.pth'
fps step: 4851 fps step and policy inference: 3712 fps total: 2227 epoch: 3/50000 frames: 16384
saving next best rewards:  [51.74]
=> saving checkpoint 'runs/dg5fs_unscrew_29266_unscrewrew__07-22-14-46-51/nn/dg5fs_unscrew_29266_unscrewrew.pth'
fps step: 4767 fps step and policy inference: 3769 fps total: 2252 epoch: 4/50000 frames: 24576
fps step: 5298 fps step and policy inference: 3895 fps total: 2255 epoch: 5/50000 frames: 32768
fps step: 4907 fps step and policy inference: 3624 fps total: 2228 epoch: 6/50000 frames: 40960
fps step: 5198 fps step and policy inference: 3917 fps total: 2368 epoch: 7/50000 frames: 49152
saving next best rewards:  [52.62]
=> saving checkpoint 'runs/dg5fs_unscrew_29266_unscrewrew__07-22-14-46-51/nn/dg5fs_unscrew_29266_unscrewrew.pth'
fps step: 5096 fps step and policy inference: 3874 fps total: 2318 epoch: 8/50000 frames: 57344
fps step: 5187 fps step and policy inference: 3882 fps total: 2313 epoch: 9/50000 frames: 65536
fps step: 5111 fps step and policy inference: 3901 fps total: 2348 epoch: 10/50000 frames: 73728
fps step: 5135 fps step and policy inference: 3819 fps total: 2305 epoch: 11/50000 frames: 81920
fps step: 5016 fps step and policy inference: 3830 fps total: 2297 epoch: 12/50000 frames: 90112
saving next best rewards:  [54.28]
=> saving checkpoint 'runs/dg5fs_unscrew_29266_unscrewrew__07-22-14-46-51/nn/dg5fs_unscrew_29266_unscrewrew.pth'
fps step: 5144 fps step and policy inference: 3780 fps total: 2263 epoch: 13/50000 frames: 98304
fps step: 4970 fps step and policy inference: 3853 fps total: 2276 epoch: 14/50000 frames: 106496
saving next best rewards:  [57.71]
=> saving checkpoint 'runs/dg5fs_unscrew_29266_unscrewrew__07-22-14-46-51/nn/dg5fs_unscrew_29266_unscrewrew.pth'
fps step: 5025 fps step and policy inference: 3797 fps total: 2301 epoch: 15/50000 frames: 114688
saving next best rewards:  [65.85]
=> saving checkpoint 'runs/dg5fs_unscrew_29266_unscrewrew__07-22-14-46-51/nn/dg5fs_unscrew_29266_unscrewrew.pth'
fps step: 5018 fps step and policy inference: 3821 fps total: 2278 epoch: 16/50000 frames: 122880
fps step: 4997 fps step and policy inference: 3814 fps total: 2279 epoch: 17/50000 frames: 131072
fps step: 5072 fps step and policy inference: 3838 fps total: 2305 epoch: 18/50000 frames: 139264
fps step: 4938 fps step and policy inference: 3729 fps total: 2169 epoch: 19/50000 frames: 147456
fps step: 5023 fps step and policy inference: 3734 fps total: 2261 epoch: 20/50000 frames: 155648
fps step: 5273 fps step and policy inference: 3800 fps total: 2296 epoch: 21/50000 frames: 163840
saving next best rewards:  [71.7]
=> saving checkpoint 'runs/dg5fs_unscrew_29266_unscrewrew__07-22-14-46-51/nn/dg5fs_unscrew_29266_unscrewrew.pth'
fps step: 5103 fps step and policy inference: 3830 fps total: 2267 epoch: 22/50000 frames: 172032
fps step: 5051 fps step and policy inference: 3761 fps total: 2284 epoch: 23/50000 frames: 180224
fps step: 4993 fps step and policy inference: 3805 fps total: 2280 epoch: 24/50000 frames: 188416
fps step: 5075 fps step and policy inference: 3848 fps total: 2297 epoch: 25/50000 frames: 196608
saving next best rewards:  [74.92]
=> saving checkpoint 'runs/dg5fs_unscrew_29266_unscrewrew__07-22-14-46-51/nn/dg5fs_unscrew_29266_unscrewrew.pth'
fps step: 5017 fps step and policy inference: 3802 fps total: 2278 epoch: 26/50000 frames: 204800
fps step: 5104 fps step and policy inference: 3797 fps total: 2305 epoch: 27/50000 frames: 212992
saving next best rewards:  [75.33]
=> saving checkpoint 'runs/dg5fs_unscrew_29266_unscrewrew__07-22-14-46-51/nn/dg5fs_unscrew_29266_unscrewrew.pth'
fps step: 5153 fps step and policy inference: 3829 fps total: 2289 epoch: 28/50000 frames: 221184
fps step: 5187 fps step and policy inference: 3834 fps total: 2324 epoch: 29/50000 frames: 229376
saving next best rewards:  [78.6]
=> saving checkpoint 'runs/dg5fs_unscrew_29266_unscrewrew__07-22-14-46-51/nn/dg5fs_unscrew_29266_unscrewrew.pth'
fps step: 4877 fps step and policy inference: 3851 fps total: 2296 epoch: 30/50000 frames: 237568
saving next best rewards:  [78.69]
=> saving checkpoint 'runs/dg5fs_unscrew_29266_unscrewrew__07-22-14-46-51/nn/dg5fs_unscrew_29266_unscrewrew.pth'
fps step: 4719 fps step and policy inference: 3554 fps total: 2123 epoch: 31/50000 frames: 245760
fps step: 5155 fps step and policy inference: 3798 fps total: 2278 epoch: 32/50000 frames: 253952
fps step: 5180 fps step and policy inference: 3799 fps total: 2289 epoch: 33/50000 frames: 262144
fps step: 5207 fps step and policy inference: 3862 fps total: 2309 epoch: 34/50000 frames: 270336
saving next best rewards:  [84.81]
=> saving checkpoint 'runs/dg5fs_unscrew_29266_unscrewrew__07-22-14-46-51/nn/dg5fs_unscrew_29266_unscrewrew.pth'
fps step: 5203 fps step and policy inference: 3866 fps total: 2315 epoch: 35/50000 frames: 278528
saving next best rewards:  [87.13]
=> saving checkpoint 'runs/dg5fs_unscrew_29266_unscrewrew__07-22-14-46-51/nn/dg5fs_unscrew_29266_unscrewrew.pth'
fps step: 5162 fps step and policy inference: 3811 fps total: 2279 epoch: 36/50000 frames: 286720
fps step: 4925 fps step and policy inference: 3825 fps total: 2319 epoch: 37/50000 frames: 294912
saving next best rewards:  [87.34]
=> saving checkpoint 'runs/dg5fs_unscrew_29266_unscrewrew__07-22-14-46-51/nn/dg5fs_unscrew_29266_unscrewrew.pth'
fps step: 4800 fps step and policy inference: 3727 fps total: 2264 epoch: 38/50000 frames: 303104
saving next best rewards:  [93.93]
=> saving checkpoint 'runs/dg5fs_unscrew_29266_unscrewrew__07-22-14-46-51/nn/dg5fs_unscrew_29266_unscrewrew.pth'
fps step: 5074 fps step and policy inference: 3777 fps total: 2227 epoch: 39/50000 frames: 311296
fps step: 5031 fps step and policy inference: 3814 fps total: 2275 epoch: 40/50000 frames: 319488
fps step: 4804 fps step and policy inference: 3689 fps total: 2235 epoch: 41/50000 frames: 327680
fps step: 4864 fps step and policy inference: 3722 fps total: 2260 epoch: 42/50000 frames: 335872
saving next best rewards:  [97.53]
=> saving checkpoint 'runs/dg5fs_unscrew_29266_unscrewrew__07-22-14-46-51/nn/dg5fs_unscrew_29266_unscrewrew.pth'
fps step: 5092 fps step and policy inference: 3822 fps total: 2271 epoch: 43/50000 frames: 344064
saving next best rewards:  [98.05]
=> saving checkpoint 'runs/dg5fs_unscrew_29266_unscrewrew__07-22-14-46-51/nn/dg5fs_unscrew_29266_unscrewrew.pth'
fps step: 5132 fps step and policy inference: 3818 fps total: 2249 epoch: 44/50000 frames: 352256
saving next best rewards:  [101.98]
=> saving checkpoint 'runs/dg5fs_unscrew_29266_unscrewrew__07-22-14-46-51/nn/dg5fs_unscrew_29266_unscrewrew.pth'
fps step: 5180 fps step and policy inference: 3868 fps total: 2259 epoch: 45/50000 frames: 360448
fps step: 4809 fps step and policy inference: 3709 fps total: 2234 epoch: 46/50000 frames: 368640
fps step: 5068 fps step and policy inference: 3779 fps total: 2259 epoch: 47/50000 frames: 376832
fps step: 4924 fps step and policy inference: 3767 fps total: 2276 epoch: 48/50000 frames: 385024
saving next best rewards:  [102.27]
=> saving checkpoint 'runs/dg5fs_unscrew_29266_unscrewrew__07-22-14-46-51/nn/dg5fs_unscrew_29266_unscrewrew.pth'
fps step: 5186 fps step and policy inference: 3870 fps total: 2302 epoch: 49/50000 frames: 393216
fps step: 4848 fps step and policy inference: 3751 fps total: 2250 epoch: 50/50000 frames: 401408
saving next best rewards:  [108.46]
=> saving checkpoint 'runs/dg5fs_unscrew_29266_unscrewrew__07-22-14-46-51/nn/dg5fs_unscrew_29266_unscrewrew.pth'
fps step: 5045 fps step and policy inference: 3769 fps total: 2237 epoch: 51/50000 frames: 409600
fps step: 4597 fps step and policy inference: 3505 fps total: 2186 epoch: 52/50000 frames: 417792
saving next best rewards:  [109.58]
=> saving checkpoint 'runs/dg5fs_unscrew_29266_unscrewrew__07-22-14-46-51/nn/dg5fs_unscrew_29266_unscrewrew.pth'
fps step: 5009 fps step and policy inference: 3825 fps total: 2264 epoch: 53/50000 frames: 425984
saving next best rewards:  [117.]
=> saving checkpoint 'runs/dg5fs_unscrew_29266_unscrewrew__07-22-14-46-51/nn/dg5fs_unscrew_29266_unscrewrew.pth'
fps step: 4986 fps step and policy inference: 3774 fps total: 2296 epoch: 54/50000 frames: 434176
fps step: 5093 fps step and policy inference: 3814 fps total: 2282 epoch: 55/50000 frames: 442368
fps step: 5070 fps step and policy inference: 3811 fps total: 2281 epoch: 56/50000 frames: 450560
fps step: 5078 fps step and policy inference: 3831 fps total: 2279 epoch: 57/50000 frames: 458752
saving next best rewards:  [121.14]
=> saving checkpoint 'runs/dg5fs_unscrew_29266_unscrewrew__07-22-14-46-51/nn/dg5fs_unscrew_29266_unscrewrew.pth'
fps step: 4904 fps step and policy inference: 3746 fps total: 2241 epoch: 58/50000 frames: 466944
fps step: 4883 fps step and policy inference: 3793 fps total: 2285 epoch: 59/50000 frames: 475136
saving next best rewards:  [123.39]
=> saving checkpoint 'runs/dg5fs_unscrew_29266_unscrewrew__07-22-14-46-51/nn/dg5fs_unscrew_29266_unscrewrew.pth'
fps step: 5002 fps step and policy inference: 3818 fps total: 2276 epoch: 60/50000 frames: 483328
fps step: 5130 fps step and policy inference: 3851 fps total: 2347 epoch: 61/50000 frames: 491520
saving next best rewards:  [123.49]
=> saving checkpoint 'runs/dg5fs_unscrew_29266_unscrewrew__07-22-14-46-51/nn/dg5fs_unscrew_29266_unscrewrew.pth'
fps step: 5083 fps step and policy inference: 3772 fps total: 2292 epoch: 62/50000 frames: 499712
fps step: 5140 fps step and policy inference: 3820 fps total: 2319 epoch: 63/50000 frames: 507904
saving next best rewards:  [133.01]
=> saving checkpoint 'runs/dg5fs_unscrew_29266_unscrewrew__07-22-14-46-51/nn/dg5fs_unscrew_29266_unscrewrew.pth'
fps step: 5063 fps step and policy inference: 3801 fps total: 2278 epoch: 64/50000 frames: 516096
fps step: 5132 fps step and policy inference: 3822 fps total: 2324 epoch: 65/50000 frames: 524288
fps step: 4998 fps step and policy inference: 3770 fps total: 2270 epoch: 66/50000 frames: 532480
saving next best rewards:  [143.09]
=> saving checkpoint 'runs/dg5fs_unscrew_29266_unscrewrew__07-22-14-46-51/nn/dg5fs_unscrew_29266_unscrewrew.pth'
fps step: 4878 fps step and policy inference: 3734 fps total: 2255 epoch: 67/50000 frames: 540672
saving next best rewards:  [150.18]
=> saving checkpoint 'runs/dg5fs_unscrew_29266_unscrewrew__07-22-14-46-51/nn/dg5fs_unscrew_29266_unscrewrew.pth'
fps step: 5096 fps step and policy inference: 3932 fps total: 2345 epoch: 68/50000 frames: 548864
fps step: 4796 fps step and policy inference: 3700 fps total: 2240 epoch: 69/50000 frames: 557056
fps step: 4822 fps step and policy inference: 3653 fps total: 2247 epoch: 70/50000 frames: 565248
fps step: 4982 fps step and policy inference: 3823 fps total: 2247 epoch: 71/50000 frames: 573440
fps step: 4924 fps step and policy inference: 3662 fps total: 2262 epoch: 72/50000 frames: 581632
fps step: 5142 fps step and policy inference: 3800 fps total: 2303 epoch: 73/50000 frames: 589824
saving next best rewards:  [157.43]
=> saving checkpoint 'runs/dg5fs_unscrew_29266_unscrewrew__07-22-14-46-51/nn/dg5fs_unscrew_29266_unscrewrew.pth'
fps step: 5164 fps step and policy inference: 3828 fps total: 2331 epoch: 74/50000 frames: 598016
fps step: 5096 fps step and policy inference: 3892 fps total: 2352 epoch: 75/50000 frames: 606208
saving next best rewards:  [164.11]
=> saving checkpoint 'runs/dg5fs_unscrew_29266_unscrewrew__07-22-14-46-51/nn/dg5fs_unscrew_29266_unscrewrew.pth'
fps step: 5112 fps step and policy inference: 3815 fps total: 2320 epoch: 76/50000 frames: 614400
fps step: 5179 fps step and policy inference: 3785 fps total: 2299 epoch: 77/50000 frames: 622592
fps step: 5200 fps step and policy inference: 3814 fps total: 2306 epoch: 78/50000 frames: 630784
saving next best rewards:  [164.81]
=> saving checkpoint 'runs/dg5fs_unscrew_29266_unscrewrew__07-22-14-46-51/nn/dg5fs_unscrew_29266_unscrewrew.pth'
fps step: 5190 fps step and policy inference: 3883 fps total: 2328 epoch: 79/50000 frames: 638976
saving next best rewards:  [170.59]
=> saving checkpoint 'runs/dg5fs_unscrew_29266_unscrewrew__07-22-14-46-51/nn/dg5fs_unscrew_29266_unscrewrew.pth'
fps step: 5083 fps step and policy inference: 3839 fps total: 2310 epoch: 80/50000 frames: 647168
saving next best rewards:  [184.3]
=> saving checkpoint 'runs/dg5fs_unscrew_29266_unscrewrew__07-22-14-46-51/nn/dg5fs_unscrew_29266_unscrewrew.pth'
fps step: 5038 fps step and policy inference: 3855 fps total: 2313 epoch: 81/50000 frames: 655360
saving next best rewards:  [190.45]
=> saving checkpoint 'runs/dg5fs_unscrew_29266_unscrewrew__07-22-14-46-51/nn/dg5fs_unscrew_29266_unscrewrew.pth'
fps step: 5192 fps step and policy inference: 3811 fps total: 2330 epoch: 82/50000 frames: 663552
fps step: 5104 fps step and policy inference: 3795 fps total: 2317 epoch: 83/50000 frames: 671744
fps step: 5126 fps step and policy inference: 3789 fps total: 2301 epoch: 84/50000 frames: 679936
fps step: 5220 fps step and policy inference: 3817 fps total: 2303 epoch: 85/50000 frames: 688128
fps step: 5225 fps step and policy inference: 3830 fps total: 2325 epoch: 86/50000 frames: 696320
saving next best rewards:  [195.36]
=> saving checkpoint 'runs/dg5fs_unscrew_29266_unscrewrew__07-22-14-46-51/nn/dg5fs_unscrew_29266_unscrewrew.pth'
fps step: 5165 fps step and policy inference: 3837 fps total: 2339 epoch: 87/50000 frames: 704512
fps step: 5180 fps step and policy inference: 3826 fps total: 2342 epoch: 88/50000 frames: 712704
fps step: 5147 fps step and policy inference: 3906 fps total: 2322 epoch: 89/50000 frames: 720896
fps step: 5180 fps step and policy inference: 3839 fps total: 2310 epoch: 90/50000 frames: 729088
fps step: 5125 fps step and policy inference: 3810 fps total: 2325 epoch: 91/50000 frames: 737280
fps step: 5230 fps step and policy inference: 3842 fps total: 2331 epoch: 92/50000 frames: 745472
saving next best rewards:  [207.85]
=> saving checkpoint 'runs/dg5fs_unscrew_29266_unscrewrew__07-22-14-46-51/nn/dg5fs_unscrew_29266_unscrewrew.pth'
fps step: 5167 fps step and policy inference: 3817 fps total: 2331 epoch: 93/50000 frames: 753664
fps step: 5151 fps step and policy inference: 3803 fps total: 2293 epoch: 94/50000 frames: 761856
fps step: 5152 fps step and policy inference: 3799 fps total: 2312 epoch: 95/50000 frames: 770048
fps step: 5226 fps step and policy inference: 3863 fps total: 2316 epoch: 96/50000 frames: 778240
fps step: 5204 fps step and policy inference: 3858 fps total: 2310 epoch: 97/50000 frames: 786432
saving next best rewards:  [218.9]
=> saving checkpoint 'runs/dg5fs_unscrew_29266_unscrewrew__07-22-14-46-51/nn/dg5fs_unscrew_29266_unscrewrew.pth'
fps step: 4897 fps step and policy inference: 3809 fps total: 2250 epoch: 98/50000 frames: 794624
fps step: 5139 fps step and policy inference: 3851 fps total: 2324 epoch: 99/50000 frames: 802816
fps step: 5166 fps step and policy inference: 3867 fps total: 2334 epoch: 100/50000 frames: 811008
=> saving checkpoint 'runs/dg5fs_unscrew_29266_unscrewrew__07-22-14-46-51/nn/last_dg5fs_unscrew_29266_unscrewrew_ep_100_rew_208.40147_sr_0.05520496144890785_fr_0.9447945952415466.pth'
fps step: 5075 fps step and policy inference: 3804 fps total: 2305 epoch: 101/50000 frames: 819200
fps step: 4924 fps step and policy inference: 3762 fps total: 2300 epoch: 102/50000 frames: 827392
fps step: 5189 fps step and policy inference: 3806 fps total: 2323 epoch: 103/50000 frames: 835584
fps step: 5179 fps step and policy inference: 3835 fps total: 2355 epoch: 104/50000 frames: 843776
fps step: 5192 fps step and policy inference: 3818 fps total: 2323 epoch: 105/50000 frames: 851968
saving next best rewards:  [229.34]
=> saving checkpoint 'runs/dg5fs_unscrew_29266_unscrewrew__07-22-14-46-51/nn/dg5fs_unscrew_29266_unscrewrew.pth'
fps step: 4930 fps step and policy inference: 3819 fps total: 2301 epoch: 106/50000 frames: 860160
fps step: 5039 fps step and policy inference: 3887 fps total: 2347 epoch: 107/50000 frames: 868352
fps step: 5211 fps step and policy inference: 3862 fps total: 2339 epoch: 108/50000 frames: 876544
saving next best rewards:  [235.69]
=> saving checkpoint 'runs/dg5fs_unscrew_29266_unscrewrew__07-22-14-46-51/nn/dg5fs_unscrew_29266_unscrewrew.pth'
fps step: 5135 fps step and policy inference: 3883 fps total: 2331 epoch: 109/50000 frames: 884736
fps step: 5238 fps step and policy inference: 3808 fps total: 2309 epoch: 110/50000 frames: 892928
fps step: 5225 fps step and policy inference: 3874 fps total: 2350 epoch: 111/50000 frames: 901120
saving next best rewards:  [251.93]
=> saving checkpoint 'runs/dg5fs_unscrew_29266_unscrewrew__07-22-14-46-51/nn/dg5fs_unscrew_29266_unscrewrew.pth'
fps step: 5189 fps step and policy inference: 3834 fps total: 2334 epoch: 112/50000 frames: 909312
fps step: 5240 fps step and policy inference: 3857 fps total: 2323 epoch: 113/50000 frames: 917504
fps step: 5212 fps step and policy inference: 3817 fps total: 2314 epoch: 114/50000 frames: 925696
fps step: 5122 fps step and policy inference: 3867 fps total: 2382 epoch: 115/50000 frames: 933888
fps step: 5177 fps step and policy inference: 3919 fps total: 2369 epoch: 116/50000 frames: 942080
fps step: 5190 fps step and policy inference: 3809 fps total: 2303 epoch: 117/50000 frames: 950272
fps step: 5228 fps step and policy inference: 3879 fps total: 2269 epoch: 118/50000 frames: 958464
fps step: 5164 fps step and policy inference: 3857 fps total: 2323 epoch: 119/50000 frames: 966656
fps step: 5230 fps step and policy inference: 3878 fps total: 2332 epoch: 120/50000 frames: 974848
saving next best rewards:  [262.27]
=> saving checkpoint 'runs/dg5fs_unscrew_29266_unscrewrew__07-22-14-46-51/nn/dg5fs_unscrew_29266_unscrewrew.pth'
fps step: 5264 fps step and policy inference: 3837 fps total: 2328 epoch: 121/50000 frames: 983040
fps step: 5082 fps step and policy inference: 3916 fps total: 2341 epoch: 122/50000 frames: 991232
saving next best rewards:  [277.24]
=> saving checkpoint 'runs/dg5fs_unscrew_29266_unscrewrew__07-22-14-46-51/nn/dg5fs_unscrew_29266_unscrewrew.pth'
fps step: 5116 fps step and policy inference: 3853 fps total: 2347 epoch: 123/50000 frames: 999424
fps step: 5164 fps step and policy inference: 3823 fps total: 2322 epoch: 124/50000 frames: 1007616
fps step: 5256 fps step and policy inference: 3822 fps total: 2316 epoch: 125/50000 frames: 1015808
fps step: 5115 fps step and policy inference: 3792 fps total: 2290 epoch: 126/50000 frames: 1024000
fps step: 5207 fps step and policy inference: 3874 fps total: 2358 epoch: 127/50000 frames: 1032192
saving next best rewards:  [296.32]
=> saving checkpoint 'runs/dg5fs_unscrew_29266_unscrewrew__07-22-14-46-51/nn/dg5fs_unscrew_29266_unscrewrew.pth'
fps step: 5219 fps step and policy inference: 3833 fps total: 2323 epoch: 128/50000 frames: 1040384
fps step: 5195 fps step and policy inference: 3808 fps total: 2307 epoch: 129/50000 frames: 1048576
fps step: 5011 fps step and policy inference: 3805 fps total: 2310 epoch: 130/50000 frames: 1056768
fps step: 4673 fps step and policy inference: 3556 fps total: 2056 epoch: 131/50000 frames: 1064960
fps step: 4601 fps step and policy inference: 3495 fps total: 1979 epoch: 132/50000 frames: 1073152
fps step: 5050 fps step and policy inference: 3733 fps total: 2247 epoch: 133/50000 frames: 1081344
fps step: 4715 fps step and policy inference: 3729 fps total: 2290 epoch: 134/50000 frames: 1089536
fps step: 5161 fps step and policy inference: 3876 fps total: 2307 epoch: 135/50000 frames: 1097728
fps step: 5066 fps step and policy inference: 3864 fps total: 2326 epoch: 136/50000 frames: 1105920
fps step: 5216 fps step and policy inference: 3852 fps total: 2346 epoch: 137/50000 frames: 1114112
saving next best rewards:  [298.73]
=> saving checkpoint 'runs/dg5fs_unscrew_29266_unscrewrew__07-22-14-46-51/nn/dg5fs_unscrew_29266_unscrewrew.pth'
fps step: 5157 fps step and policy inference: 3834 fps total: 2319 epoch: 138/50000 frames: 1122304
fps step: 5155 fps step and policy inference: 3853 fps total: 2336 epoch: 139/50000 frames: 1130496
fps step: 4995 fps step and policy inference: 3744 fps total: 2295 epoch: 140/50000 frames: 1138688
saving next best rewards:  [313.18]
=> saving checkpoint 'runs/dg5fs_unscrew_29266_unscrewrew__07-22-14-46-51/nn/dg5fs_unscrew_29266_unscrewrew.pth'
fps step: 5047 fps step and policy inference: 3777 fps total: 2294 epoch: 141/50000 frames: 1146880
fps step: 4820 fps step and policy inference: 3771 fps total: 2271 epoch: 142/50000 frames: 1155072
fps step: 5088 fps step and policy inference: 3884 fps total: 2343 epoch: 143/50000 frames: 1163264
fps step: 5186 fps step and policy inference: 3849 fps total: 2304 epoch: 144/50000 frames: 1171456
fps step: 5191 fps step and policy inference: 3802 fps total: 2296 epoch: 145/50000 frames: 1179648
fps step: 5092 fps step and policy inference: 3849 fps total: 2331 epoch: 146/50000 frames: 1187840
fps step: 5117 fps step and policy inference: 3861 fps total: 2339 epoch: 147/50000 frames: 1196032
fps step: 5160 fps step and policy inference: 3869 fps total: 2330 epoch: 148/50000 frames: 1204224
fps step: 5131 fps step and policy inference: 3857 fps total: 2355 epoch: 149/50000 frames: 1212416
fps step: 5169 fps step and policy inference: 3866 fps total: 2326 epoch: 150/50000 frames: 1220608
fps step: 5137 fps step and policy inference: 3813 fps total: 2320 epoch: 151/50000 frames: 1228800
saving next best rewards:  [316.65]
=> saving checkpoint 'runs/dg5fs_unscrew_29266_unscrewrew__07-22-14-46-51/nn/dg5fs_unscrew_29266_unscrewrew.pth'
fps step: 5047 fps step and policy inference: 3952 fps total: 2359 epoch: 152/50000 frames: 1236992
saving next best rewards:  [321.63]
=> saving checkpoint 'runs/dg5fs_unscrew_29266_unscrewrew__07-22-14-46-51/nn/dg5fs_unscrew_29266_unscrewrew.pth'
fps step: 5017 fps step and policy inference: 3882 fps total: 2358 epoch: 153/50000 frames: 1245184
fps step: 5158 fps step and policy inference: 3889 fps total: 2340 epoch: 154/50000 frames: 1253376
saving next best rewards:  [329.25]
=> saving checkpoint 'runs/dg5fs_unscrew_29266_unscrewrew__07-22-14-46-51/nn/dg5fs_unscrew_29266_unscrewrew.pth'
fps step: 5071 fps step and policy inference: 3803 fps total: 2287 epoch: 155/50000 frames: 1261568
fps step: 4703 fps step and policy inference: 3716 fps total: 2182 epoch: 156/50000 frames: 1269760
saving next best rewards:  [342.66]
=> saving checkpoint 'runs/dg5fs_unscrew_29266_unscrewrew__07-22-14-46-51/nn/dg5fs_unscrew_29266_unscrewrew.pth'
fps step: 4775 fps step and policy inference: 3600 fps total: 2190 epoch: 157/50000 frames: 1277952
fps step: 5061 fps step and policy inference: 3888 fps total: 2321 epoch: 158/50000 frames: 1286144
fps step: 4932 fps step and policy inference: 3825 fps total: 2312 epoch: 159/50000 frames: 1294336
fps step: 5011 fps step and policy inference: 3847 fps total: 2294 epoch: 160/50000 frames: 1302528
fps step: 5007 fps step and policy inference: 3810 fps total: 2312 epoch: 161/50000 frames: 1310720
saving next best rewards:  [346.38]
=> saving checkpoint 'runs/dg5fs_unscrew_29266_unscrewrew__07-22-14-46-51/nn/dg5fs_unscrew_29266_unscrewrew.pth'
fps step: 5053 fps step and policy inference: 3869 fps total: 2285 epoch: 162/50000 frames: 1318912
saving next best rewards:  [356.42]
=> saving checkpoint 'runs/dg5fs_unscrew_29266_unscrewrew__07-22-14-46-51/nn/dg5fs_unscrew_29266_unscrewrew.pth'
fps step: 5138 fps step and policy inference: 3926 fps total: 2344 epoch: 163/50000 frames: 1327104
fps step: 5018 fps step and policy inference: 3921 fps total: 2352 epoch: 164/50000 frames: 1335296
saving next best rewards:  [377.89]
=> saving checkpoint 'runs/dg5fs_unscrew_29266_unscrewrew__07-22-14-46-51/nn/dg5fs_unscrew_29266_unscrewrew.pth'
fps step: 5100 fps step and policy inference: 3926 fps total: 2344 epoch: 165/50000 frames: 1343488
fps step: 5041 fps step and policy inference: 3902 fps total: 2356 epoch: 166/50000 frames: 1351680
fps step: 5076 fps step and policy inference: 3890 fps total: 2356 epoch: 167/50000 frames: 1359872
fps step: 5221 fps step and policy inference: 3849 fps total: 2294 epoch: 168/50000 frames: 1368064
fps step: 5195 fps step and policy inference: 3860 fps total: 2343 epoch: 169/50000 frames: 1376256
fps step: 5002 fps step and policy inference: 3860 fps total: 2234 epoch: 170/50000 frames: 1384448
fps step: 4658 fps step and policy inference: 3543 fps total: 2203 epoch: 171/50000 frames: 1392640
fps step: 5010 fps step and policy inference: 3855 fps total: 2320 epoch: 172/50000 frames: 1400832
saving next best rewards:  [384.86]
=> saving checkpoint 'runs/dg5fs_unscrew_29266_unscrewrew__07-22-14-46-51/nn/dg5fs_unscrew_29266_unscrewrew.pth'
fps step: 4973 fps step and policy inference: 3936 fps total: 2276 epoch: 173/50000 frames: 1409024
fps step: 5014 fps step and policy inference: 3747 fps total: 2242 epoch: 174/50000 frames: 1417216
saving next best rewards:  [410.65]
=> saving checkpoint 'runs/dg5fs_unscrew_29266_unscrewrew__07-22-14-46-51/nn/dg5fs_unscrew_29266_unscrewrew.pth'
fps step: 5040 fps step and policy inference: 3889 fps total: 2355 epoch: 175/50000 frames: 1425408
fps step: 5176 fps step and policy inference: 3827 fps total: 2309 epoch: 176/50000 frames: 1433600
fps step: 5027 fps step and policy inference: 3863 fps total: 2302 epoch: 177/50000 frames: 1441792
fps step: 4965 fps step and policy inference: 3896 fps total: 2333 epoch: 178/50000 frames: 1449984
fps step: 4820 fps step and policy inference: 3782 fps total: 2253 epoch: 179/50000 frames: 1458176
fps step: 5110 fps step and policy inference: 3851 fps total: 2333 epoch: 180/50000 frames: 1466368
fps step: 4799 fps step and policy inference: 3751 fps total: 2227 epoch: 181/50000 frames: 1474560
saving next best rewards:  [421.64]
=> saving checkpoint 'runs/dg5fs_unscrew_29266_unscrewrew__07-22-14-46-51/nn/dg5fs_unscrew_29266_unscrewrew.pth'
fps step: 4997 fps step and policy inference: 3805 fps total: 2308 epoch: 182/50000 frames: 1482752
fps step: 5113 fps step and policy inference: 3879 fps total: 2317 epoch: 183/50000 frames: 1490944
fps step: 5117 fps step and policy inference: 3928 fps total: 2342 epoch: 184/50000 frames: 1499136
saving next best rewards:  [427.9]
=> saving checkpoint 'runs/dg5fs_unscrew_29266_unscrewrew__07-22-14-46-51/nn/dg5fs_unscrew_29266_unscrewrew.pth'
fps step: 5103 fps step and policy inference: 3798 fps total: 2303 epoch: 185/50000 frames: 1507328
fps step: 5008 fps step and policy inference: 3925 fps total: 2358 epoch: 186/50000 frames: 1515520
fps step: 5169 fps step and policy inference: 3862 fps total: 2334 epoch: 187/50000 frames: 1523712
fps step: 5100 fps step and policy inference: 3858 fps total: 2329 epoch: 188/50000 frames: 1531904
fps step: 5157 fps step and policy inference: 3917 fps total: 2364 epoch: 189/50000 frames: 1540096
fps step: 5123 fps step and policy inference: 3913 fps total: 2355 epoch: 190/50000 frames: 1548288
saving next best rewards:  [431.28]
=> saving checkpoint 'runs/dg5fs_unscrew_29266_unscrewrew__07-22-14-46-51/nn/dg5fs_unscrew_29266_unscrewrew.pth'
fps step: 5198 fps step and policy inference: 3925 fps total: 2344 epoch: 191/50000 frames: 1556480
saving next best rewards:  [435.99]
=> saving checkpoint 'runs/dg5fs_unscrew_29266_unscrewrew__07-22-14-46-51/nn/dg5fs_unscrew_29266_unscrewrew.pth'
fps step: 5094 fps step and policy inference: 3924 fps total: 2339 epoch: 192/50000 frames: 1564672
saving next best rewards:  [462.72]
=> saving checkpoint 'runs/dg5fs_unscrew_29266_unscrewrew__07-22-14-46-51/nn/dg5fs_unscrew_29266_unscrewrew.pth'
fps step: 5149 fps step and policy inference: 3942 fps total: 2366 epoch: 193/50000 frames: 1572864
fps step: 5035 fps step and policy inference: 3931 fps total: 2310 epoch: 194/50000 frames: 1581056
fps step: 5039 fps step and policy inference: 3901 fps total: 2358 epoch: 195/50000 frames: 1589248
fps step: 5127 fps step and policy inference: 3866 fps total: 2341 epoch: 196/50000 frames: 1597440
fps step: 5231 fps step and policy inference: 3906 fps total: 2347 epoch: 197/50000 frames: 1605632
fps step: 5137 fps step and policy inference: 3860 fps total: 2318 epoch: 198/50000 frames: 1613824
fps step: 5175 fps step and policy inference: 3979 fps total: 2377 epoch: 199/50000 frames: 1622016
fps step: 5114 fps step and policy inference: 3858 fps total: 2338 epoch: 200/50000 frames: 1630208
=> saving checkpoint 'runs/dg5fs_unscrew_29266_unscrewrew__07-22-14-46-51/nn/last_dg5fs_unscrew_29266_unscrewrew_ep_200_rew_404.27823_sr_0.276782751083374_fr_0.7232162356376648.pth'
fps step: 5122 fps step and policy inference: 3969 fps total: 2348 epoch: 201/50000 frames: 1638400
fps step: 5085 fps step and policy inference: 3993 fps total: 2394 epoch: 202/50000 frames: 1646592
fps step: 5110 fps step and policy inference: 3910 fps total: 2340 epoch: 203/50000 frames: 1654784
fps step: 5125 fps step and policy inference: 3929 fps total: 2376 epoch: 204/50000 frames: 1662976
fps step: 5165 fps step and policy inference: 3926 fps total: 2336 epoch: 205/50000 frames: 1671168
fps step: 5108 fps step and policy inference: 3929 fps total: 2277 epoch: 206/50000 frames: 1679360
fps step: 5131 fps step and policy inference: 3869 fps total: 2309 epoch: 207/50000 frames: 1687552
fps step: 4987 fps step and policy inference: 3868 fps total: 2214 epoch: 208/50000 frames: 1695744
fps step: 4781 fps step and policy inference: 3720 fps total: 2219 epoch: 209/50000 frames: 1703936
fps step: 4624 fps step and policy inference: 3580 fps total: 2163 epoch: 210/50000 frames: 1712128
saving next best rewards:  [478.72]
=> saving checkpoint 'runs/dg5fs_unscrew_29266_unscrewrew__07-22-14-46-51/nn/dg5fs_unscrew_29266_unscrewrew.pth'
fps step: 4804 fps step and policy inference: 3658 fps total: 2203 epoch: 211/50000 frames: 1720320
fps step: 4888 fps step and policy inference: 3758 fps total: 2281 epoch: 212/50000 frames: 1728512
fps step: 5109 fps step and policy inference: 3929 fps total: 2317 epoch: 213/50000 frames: 1736704
fps step: 5121 fps step and policy inference: 3969 fps total: 2386 epoch: 214/50000 frames: 1744896
fps step: 4945 fps step and policy inference: 3893 fps total: 2292 epoch: 215/50000 frames: 1753088
fps step: 5138 fps step and policy inference: 3912 fps total: 2346 epoch: 216/50000 frames: 1761280
fps step: 5161 fps step and policy inference: 3881 fps total: 2330 epoch: 217/50000 frames: 1769472
fps step: 5152 fps step and policy inference: 3869 fps total: 2323 epoch: 218/50000 frames: 1777664
fps step: 5047 fps step and policy inference: 3913 fps total: 2321 epoch: 219/50000 frames: 1785856
fps step: 5173 fps step and policy inference: 3909 fps total: 2344 epoch: 220/50000 frames: 1794048
fps step: 5066 fps step and policy inference: 3928 fps total: 2343 epoch: 221/50000 frames: 1802240
saving next best rewards:  [493.72]
=> saving checkpoint 'runs/dg5fs_unscrew_29266_unscrewrew__07-22-14-46-51/nn/dg5fs_unscrew_29266_unscrewrew.pth'
fps step: 5002 fps step and policy inference: 3891 fps total: 2316 epoch: 222/50000 frames: 1810432
saving next best rewards:  [496.01]
=> saving checkpoint 'runs/dg5fs_unscrew_29266_unscrewrew__07-22-14-46-51/nn/dg5fs_unscrew_29266_unscrewrew.pth'
fps step: 5043 fps step and policy inference: 3951 fps total: 2366 epoch: 223/50000 frames: 1818624
fps step: 5064 fps step and policy inference: 3942 fps total: 2342 epoch: 224/50000 frames: 1826816
fps step: 5025 fps step and policy inference: 3919 fps total: 2334 epoch: 225/50000 frames: 1835008
fps step: 5182 fps step and policy inference: 3911 fps total: 2364 epoch: 226/50000 frames: 1843200
fps step: 5136 fps step and policy inference: 3949 fps total: 2370 epoch: 227/50000 frames: 1851392
fps step: 5090 fps step and policy inference: 3972 fps total: 2370 epoch: 228/50000 frames: 1859584
fps step: 5197 fps step and policy inference: 3907 fps total: 2337 epoch: 229/50000 frames: 1867776
fps step: 5191 fps step and policy inference: 3972 fps total: 2364 epoch: 230/50000 frames: 1875968
fps step: 5201 fps step and policy inference: 3863 fps total: 2342 epoch: 231/50000 frames: 1884160
fps step: 5041 fps step and policy inference: 3909 fps total: 2342 epoch: 232/50000 frames: 1892352
fps step: 5159 fps step and policy inference: 3924 fps total: 2348 epoch: 233/50000 frames: 1900544
fps step: 5061 fps step and policy inference: 3855 fps total: 2322 epoch: 234/50000 frames: 1908736
fps step: 5163 fps step and policy inference: 3939 fps total: 2375 epoch: 235/50000 frames: 1916928
fps step: 5001 fps step and policy inference: 3863 fps total: 2331 epoch: 236/50000 frames: 1925120
fps step: 5163 fps step and policy inference: 3987 fps total: 2366 epoch: 237/50000 frames: 1933312
fps step: 4959 fps step and policy inference: 3831 fps total: 2290 epoch: 238/50000 frames: 1941504
fps step: 5129 fps step and policy inference: 3845 fps total: 2318 epoch: 239/50000 frames: 1949696
fps step: 5059 fps step and policy inference: 3867 fps total: 2331 epoch: 240/50000 frames: 1957888
fps step: 5091 fps step and policy inference: 3876 fps total: 2340 epoch: 241/50000 frames: 1966080
fps step: 5064 fps step and policy inference: 3962 fps total: 2345 epoch: 242/50000 frames: 1974272
saving next best rewards:  [500.97]
=> saving checkpoint 'runs/dg5fs_unscrew_29266_unscrewrew__07-22-14-46-51/nn/dg5fs_unscrew_29266_unscrewrew.pth'
fps step: 5118 fps step and policy inference: 3898 fps total: 2339 epoch: 243/50000 frames: 1982464
saving next best rewards:  [508.99]
=> saving checkpoint 'runs/dg5fs_unscrew_29266_unscrewrew__07-22-14-46-51/nn/dg5fs_unscrew_29266_unscrewrew.pth'
fps step: 5213 fps step and policy inference: 4040 fps total: 2414 epoch: 244/50000 frames: 1990656
fps step: 5319 fps step and policy inference: 4027 fps total: 2400 epoch: 245/50000 frames: 1998848
fps step: 5185 fps step and policy inference: 3926 fps total: 2360 epoch: 246/50000 frames: 2007040
fps step: 5190 fps step and policy inference: 3984 fps total: 2379 epoch: 247/50000 frames: 2015232
fps step: 5057 fps step and policy inference: 3951 fps total: 2371 epoch: 248/50000 frames: 2023424
saving next best rewards:  [521.74]
=> saving checkpoint 'runs/dg5fs_unscrew_29266_unscrewrew__07-22-14-46-51/nn/dg5fs_unscrew_29266_unscrewrew.pth'
fps step: 5179 fps step and policy inference: 3893 fps total: 2327 epoch: 249/50000 frames: 2031616
fps step: 5099 fps step and policy inference: 3915 fps total: 2368 epoch: 250/50000 frames: 2039808
fps step: 5246 fps step and policy inference: 3940 fps total: 2369 epoch: 251/50000 frames: 2048000
fps step: 5116 fps step and policy inference: 3911 fps total: 2355 epoch: 252/50000 frames: 2056192
fps step: 5027 fps step and policy inference: 3978 fps total: 2354 epoch: 253/50000 frames: 2064384
fps step: 5097 fps step and policy inference: 3968 fps total: 2360 epoch: 254/50000 frames: 2072576
fps step: 5234 fps step and policy inference: 3851 fps total: 2333 epoch: 255/50000 frames: 2080768
fps step: 5009 fps step and policy inference: 3953 fps total: 2366 epoch: 256/50000 frames: 2088960
fps step: 5270 fps step and policy inference: 4003 fps total: 2385 epoch: 257/50000 frames: 2097152
fps step: 5068 fps step and policy inference: 3924 fps total: 2359 epoch: 258/50000 frames: 2105344
fps step: 5235 fps step and policy inference: 3950 fps total: 2351 epoch: 259/50000 frames: 2113536
fps step: 5078 fps step and policy inference: 4044 fps total: 2402 epoch: 260/50000 frames: 2121728
saving next best rewards:  [542.12]
=> saving checkpoint 'runs/dg5fs_unscrew_29266_unscrewrew__07-22-14-46-51/nn/dg5fs_unscrew_29266_unscrewrew.pth'
fps step: 4791 fps step and policy inference: 3745 fps total: 2211 epoch: 261/50000 frames: 2129920
fps step: 4941 fps step and policy inference: 3794 fps total: 2243 epoch: 262/50000 frames: 2138112
fps step: 5105 fps step and policy inference: 3875 fps total: 2323 epoch: 263/50000 frames: 2146304
fps step: 5056 fps step and policy inference: 3969 fps total: 2373 epoch: 264/50000 frames: 2154496
fps step: 5194 fps step and policy inference: 3909 fps total: 2362 epoch: 265/50000 frames: 2162688
fps step: 5146 fps step and policy inference: 3979 fps total: 2357 epoch: 266/50000 frames: 2170880
saving next best rewards:  [543.1]
=> saving checkpoint 'runs/dg5fs_unscrew_29266_unscrewrew__07-22-14-46-51/nn/dg5fs_unscrew_29266_unscrewrew.pth'
fps step: 5188 fps step and policy inference: 4096 fps total: 2361 epoch: 267/50000 frames: 2179072
fps step: 5040 fps step and policy inference: 3941 fps total: 2316 epoch: 268/50000 frames: 2187264
fps step: 4784 fps step and policy inference: 3757 fps total: 2153 epoch: 269/50000 frames: 2195456
fps step: 4816 fps step and policy inference: 3656 fps total: 2218 epoch: 270/50000 frames: 2203648
fps step: 5066 fps step and policy inference: 3980 fps total: 2369 epoch: 271/50000 frames: 2211840
fps step: 5052 fps step and policy inference: 3972 fps total: 2359 epoch: 272/50000 frames: 2220032
fps step: 4682 fps step and policy inference: 3620 fps total: 2135 epoch: 273/50000 frames: 2228224
fps step: 4855 fps step and policy inference: 3854 fps total: 2103 epoch: 274/50000 frames: 2236416
fps step: 4426 fps step and policy inference: 3526 fps total: 2131 epoch: 275/50000 frames: 2244608
fps step: 4908 fps step and policy inference: 3803 fps total: 2208 epoch: 276/50000 frames: 2252800
fps step: 4931 fps step and policy inference: 3832 fps total: 2297 epoch: 277/50000 frames: 2260992
fps step: 5116 fps step and policy inference: 3926 fps total: 2335 epoch: 278/50000 frames: 2269184
fps step: 5121 fps step and policy inference: 4047 fps total: 2387 epoch: 279/50000 frames: 2277376
fps step: 5111 fps step and policy inference: 3899 fps total: 2345 epoch: 280/50000 frames: 2285568
fps step: 5186 fps step and policy inference: 3928 fps total: 2349 epoch: 281/50000 frames: 2293760
fps step: 5065 fps step and policy inference: 3947 fps total: 2358 epoch: 282/50000 frames: 2301952
fps step: 5070 fps step and policy inference: 4093 fps total: 2418 epoch: 283/50000 frames: 2310144
saving next best rewards:  [545.]
=> saving checkpoint 'runs/dg5fs_unscrew_29266_unscrewrew__07-22-14-46-51/nn/dg5fs_unscrew_29266_unscrewrew.pth'
fps step: 5156 fps step and policy inference: 3900 fps total: 2273 epoch: 284/50000 frames: 2318336
saving next best rewards:  [563.17]
=> saving checkpoint 'runs/dg5fs_unscrew_29266_unscrewrew__07-22-14-46-51/nn/dg5fs_unscrew_29266_unscrewrew.pth'
fps step: 4691 fps step and policy inference: 3684 fps total: 2259 epoch: 285/50000 frames: 2326528
saving next best rewards:  [579.88]
=> saving checkpoint 'runs/dg5fs_unscrew_29266_unscrewrew__07-22-14-46-51/nn/dg5fs_unscrew_29266_unscrewrew.pth'
fps step: 4922 fps step and policy inference: 3758 fps total: 2213 epoch: 286/50000 frames: 2334720
fps step: 5058 fps step and policy inference: 3933 fps total: 2338 epoch: 287/50000 frames: 2342912
fps step: 5202 fps step and policy inference: 3860 fps total: 2287 epoch: 288/50000 frames: 2351104
fps step: 5030 fps step and policy inference: 3854 fps total: 2316 epoch: 289/50000 frames: 2359296
fps step: 5065 fps step and policy inference: 3907 fps total: 2313 epoch: 290/50000 frames: 2367488
fps step: 4881 fps step and policy inference: 3714 fps total: 2261 epoch: 291/50000 frames: 2375680
fps step: 5202 fps step and policy inference: 3885 fps total: 2324 epoch: 292/50000 frames: 2383872
fps step: 5076 fps step and policy inference: 3986 fps total: 2342 epoch: 293/50000 frames: 2392064
fps step: 4930 fps step and policy inference: 3816 fps total: 2278 epoch: 294/50000 frames: 2400256
fps step: 5035 fps step and policy inference: 3853 fps total: 2289 epoch: 295/50000 frames: 2408448
fps step: 4925 fps step and policy inference: 3918 fps total: 2345 epoch: 296/50000 frames: 2416640
tools/train_stage2.sh: line 35: 496051 Killed                  $PY main/rl/train.py task=ResDexHand dexhand=dg5fs side=RH headless=true num_envs="$NUM_ENVS" learning_rate=2e-4 randomStateInit=true usePIDControl=True actionsMovingAverage=0.4 max_iterations="$MAXIT" early_stop_epochs="$ESTOP" rh_base_model_checkpoint="$CKPT" lh_base_model_checkpoint="$CKPT" dataIndices="[$IDX]" experiment="$EXP"
