[data] N=300 프레임 → 291 windows (T=10)
ep    0 train=0.87244 val=0.74890 best=0.74890 (1s)
ep  100 train=0.01286 val=0.01645 best=0.01606 (8s)
ep  200 train=0.00498 val=0.00912 best=0.00912 (14s)
ep  300 train=0.00304 val=0.00685 best=0.00685 (19s)
ep  400 train=0.00287 val=0.00670 best=0.00578 (24s)
ep  500 train=0.00127 val=0.00558 best=0.00513 (29s)
ep  600 train=0.00082 val=0.00512 best=0.00484 (33s)
ep  700 train=0.00074 val=0.00454 best=0.00445 (37s)
ep  800 train=0.00363 val=0.00725 best=0.00435 (41s)
ep  900 train=0.00027 val=0.00377 best=0.00373 (46s)
ep 1000 train=0.00061 val=0.00411 best=0.00366 (50s)
ep 1100 train=0.00022 val=0.00353 best=0.00350 (54s)
ep 1200 train=0.00046 val=0.00412 best=0.00347 (58s)
ep 1300 train=0.00023 val=0.00365 best=0.00347 (62s)
ep 1400 train=0.00006 val=0.00352 best=0.00345 (66s)
ep 1500 train=0.00007 val=0.00347 best=0.00342 (70s)
ep 1600 train=0.00015 val=0.00351 best=0.00332 (74s)
ep 1700 train=0.00012 val=0.00362 best=0.00332 (78s)
ep 1800 train=0.00019 val=0.00354 best=0.00332 (81s)
ep 1900 train=0.00006 val=0.00339 best=0.00332 (85s)
ep 2000 train=0.00009 val=0.00352 best=0.00332 (89s)
ep 2100 train=0.00002 val=0.00341 best=0.00332 (93s)
ep 2200 train=0.00020 val=0.00387 best=0.00332 (96s)
ep 2300 train=0.00003 val=0.00341 best=0.00332 (100s)
ep 2400 train=0.00007 val=0.00354 best=0.00332 (104s)
ep 2500 train=0.00006 val=0.00341 best=0.00332 (108s)
ep 2600 train=0.00001 val=0.00338 best=0.00332 (111s)
ep 2700 train=0.00001 val=0.00336 best=0.00332 (115s)
ep 2800 train=0.00001 val=0.00337 best=0.00331 (119s)
ep 2900 train=0.00001 val=0.00334 best=0.00331 (123s)
ep 3000 train=0.00001 val=0.00333 best=0.00331 (126s)
ep 3100 train=0.00000 val=0.00332 best=0.00331 (130s)
ep 3200 train=0.00000 val=0.00331 best=0.00330 (134s)
ep 3300 train=0.00000 val=0.00330 best=0.00330 (138s)
ep 3400 train=0.00000 val=0.00330 best=0.00329 (142s)
ep 3500 train=0.00000 val=0.00329 best=0.00329 (146s)
ep 3600 train=0.00000 val=0.00328 best=0.00328 (150s)
ep 3700 train=0.00000 val=0.00328 best=0.00328 (155s)
ep 3800 train=0.00000 val=0.00328 best=0.00328 (160s)
ep 3900 train=0.00000 val=0.00328 best=0.00328 (164s)
ep 3999 train=0.00000 val=0.00328 best=0.00328 (169s)
[완료] best_val=0.00328  ckpt=/home/leegyuwon/Documents/ManipTrans/wrist_planner/runs/wp_97fc3_1/best.pth
